
=== Run 1 ===
Nodes: 5
Quorum: 3
Simulation starting
[UNIFORM-BUDGET-DELAY] spent=1 remaining=39 total=40 queue_len=5
[PAXOS-TICK] phase=WaitingForPromises elapsed=0 timeout=15 ballot=1 promises=0 accepted=0
[UNIFORM-BUDGET-DELAY] spent=2 remaining=38 total=40 queue_len=5
[PAXOS-TICK] phase=WaitingForPromises elapsed=1 timeout=15 ballot=1 promises=0 accepted=0
[UNIFORM-BUDGET-DELAY] spent=3 remaining=37 total=40 queue_len=5
[PAXOS-TICK] phase=WaitingForPromises elapsed=2 timeout=15 ballot=1 promises=0 accepted=0
[UNIFORM-BUDGET-DELAY] spent=4 remaining=36 total=40 queue_len=5
[PAXOS-TICK] phase=WaitingForPromises elapsed=3 timeout=15 ballot=1 promises=0 accepted=0
[UNIFORM-BUDGET-DELAY] spent=5 remaining=35 total=40 queue_len=5
[PAXOS-TICK] phase=WaitingForPromises elapsed=4 timeout=15 ballot=1 promises=0 accepted=0
[UNIFORM-BUDGET-DELAY] spent=6 remaining=34 total=40 queue_len=5
[PAXOS-TICK] phase=WaitingForPromises elapsed=5 timeout=15 ballot=1 promises=0 accepted=0
[UNIFORM-BUDGET-DELAY] spent=7 remaining=33 total=40 queue_len=5
[PAXOS-TICK] phase=WaitingForPromises elapsed=6 timeout=15 ballot=1 promises=0 accepted=0
[UNIFORM-BUDGET-DELAY] spent=8 remaining=32 total=40 queue_len=5
[PAXOS-TICK] phase=WaitingForPromises elapsed=7 timeout=15 ballot=1 promises=0 accepted=0
[UNIFORM-BUDGET-DELAY] spent=9 remaining=31 total=40 queue_len=5
[PAXOS-TICK] phase=WaitingForPromises elapsed=8 timeout=15 ballot=1 promises=0 accepted=0
[UNIFORM-BUDGET-DELAY] spent=10 remaining=30 total=40 queue_len=5
[PAXOS-TICK] phase=WaitingForPromises elapsed=9 timeout=15 ballot=1 promises=0 accepted=0
[UNIFORM-BUDGET-DELAY] spent=11 remaining=29 total=40 queue_len=5
[PAXOS-TICK] phase=WaitingForPromises elapsed=10 timeout=15 ballot=1 promises=0 accepted=0
[UNIFORM-BUDGET-DELAY] spent=12 remaining=28 total=40 queue_len=5
[PAXOS-TICK] phase=WaitingForPromises elapsed=11 timeout=15 ballot=1 promises=0 accepted=0
[UNIFORM-BUDGET-DELAY] spent=13 remaining=27 total=40 queue_len=5
[PAXOS-TICK] phase=WaitingForPromises elapsed=12 timeout=15 ballot=1 promises=0 accepted=0
[UNIFORM-BUDGET-DELAY] spent=14 remaining=26 total=40 queue_len=5
[PAXOS-TICK] phase=WaitingForPromises elapsed=13 timeout=15 ballot=1 promises=0 accepted=0
[UNIFORM-BUDGET-DELAY] spent=15 remaining=25 total=40 queue_len=5
[PAXOS-TICK] phase=WaitingForPromises elapsed=14 timeout=15 ballot=1 promises=0 accepted=0
[UNIFORM-BUDGET-DELAY] spent=16 remaining=24 total=40 queue_len=10
[PAXOS-TICK] phase=WaitingForPromises elapsed=0 timeout=15 ballot=2 promises=0 accepted=0
[UNIFORM-BUDGET-DELAY] spent=17 remaining=23 total=40 queue_len=10
[PAXOS-TICK] phase=WaitingForPromises elapsed=1 timeout=15 ballot=2 promises=0 accepted=0
[UNIFORM-BUDGET-DELAY] spent=18 remaining=22 total=40 queue_len=10
[PAXOS-TICK] phase=WaitingForPromises elapsed=2 timeout=15 ballot=2 promises=0 accepted=0
[UNIFORM-BUDGET-DELAY] spent=19 remaining=21 total=40 queue_len=10
[PAXOS-TICK] phase=WaitingForPromises elapsed=3 timeout=15 ballot=2 promises=0 accepted=0
[UNIFORM-BUDGET-DELAY] spent=20 remaining=20 total=40 queue_len=10
[PAXOS-TICK] phase=WaitingForPromises elapsed=4 timeout=15 ballot=2 promises=0 accepted=0
[UNIFORM-BUDGET-DELAY] spent=21 remaining=19 total=40 queue_len=10
[PAXOS-TICK] phase=WaitingForPromises elapsed=5 timeout=15 ballot=2 promises=0 accepted=0
[UNIFORM-BUDGET-DELAY] spent=22 remaining=18 total=40 queue_len=10
[PAXOS-TICK] phase=WaitingForPromises elapsed=6 timeout=15 ballot=2 promises=0 accepted=0
[UNIFORM-BUDGET-DELAY] spent=23 remaining=17 total=40 queue_len=10
[PAXOS-TICK] phase=WaitingForPromises elapsed=7 timeout=15 ballot=2 promises=0 accepted=0
[UNIFORM-BUDGET-DELAY] spent=24 remaining=16 total=40 queue_len=10
[PAXOS-TICK] phase=WaitingForPromises elapsed=8 timeout=15 ballot=2 promises=0 accepted=0
[UNIFORM-BUDGET-DELAY] spent=25 remaining=15 total=40 queue_len=10
[PAXOS-TICK] phase=WaitingForPromises elapsed=9 timeout=15 ballot=2 promises=0 accepted=0
[UNIFORM-BUDGET-DELAY] spent=26 remaining=14 total=40 queue_len=10
[PAXOS-TICK] phase=WaitingForPromises elapsed=10 timeout=15 ballot=2 promises=0 accepted=0
[UNIFORM-BUDGET-DELAY] spent=27 remaining=13 total=40 queue_len=10
[PAXOS-TICK] phase=WaitingForPromises elapsed=11 timeout=15 ballot=2 promises=0 accepted=0
[UNIFORM-BUDGET-DELAY] spent=28 remaining=12 total=40 queue_len=10
[PAXOS-TICK] phase=WaitingForPromises elapsed=12 timeout=15 ballot=2 promises=0 accepted=0
[UNIFORM-BUDGET-DELAY] spent=29 remaining=11 total=40 queue_len=10
[PAXOS-TICK] phase=WaitingForPromises elapsed=13 timeout=15 ballot=2 promises=0 accepted=0
[UNIFORM-BUDGET-DELAY] spent=30 remaining=10 total=40 queue_len=10
[PAXOS-TICK] phase=WaitingForPromises elapsed=14 timeout=15 ballot=2 promises=0 accepted=0
[UNIFORM-BUDGET-DELAY] spent=31 remaining=9 total=40 queue_len=15
[PAXOS-TICK] phase=WaitingForPromises elapsed=0 timeout=15 ballot=3 promises=0 accepted=0
[UNIFORM-BUDGET-DELAY] spent=32 remaining=8 total=40 queue_len=15
[PAXOS-TICK] phase=WaitingForPromises elapsed=1 timeout=15 ballot=3 promises=0 accepted=0
[UNIFORM-BUDGET-DELAY] spent=33 remaining=7 total=40 queue_len=15
[PAXOS-TICK] phase=WaitingForPromises elapsed=2 timeout=15 ballot=3 promises=0 accepted=0
[UNIFORM-BUDGET-DELAY] spent=34 remaining=6 total=40 queue_len=15
[PAXOS-TICK] phase=WaitingForPromises elapsed=3 timeout=15 ballot=3 promises=0 accepted=0
[UNIFORM-BUDGET-DELAY] spent=35 remaining=5 total=40 queue_len=15
[PAXOS-TICK] phase=WaitingForPromises elapsed=4 timeout=15 ballot=3 promises=0 accepted=0
[UNIFORM-BUDGET-DELAY] spent=36 remaining=4 total=40 queue_len=15
[PAXOS-TICK] phase=WaitingForPromises elapsed=5 timeout=15 ballot=3 promises=0 accepted=0
[UNIFORM-BUDGET-DELAY] spent=37 remaining=3 total=40 queue_len=15
[PAXOS-TICK] phase=WaitingForPromises elapsed=6 timeout=15 ballot=3 promises=0 accepted=0
[UNIFORM-BUDGET-DELAY] spent=38 remaining=2 total=40 queue_len=15
[PAXOS-TICK] phase=WaitingForPromises elapsed=7 timeout=15 ballot=3 promises=0 accepted=0
[UNIFORM-BUDGET-DELAY] spent=39 remaining=1 total=40 queue_len=15
[PAXOS-TICK] phase=WaitingForPromises elapsed=8 timeout=15 ballot=3 promises=0 accepted=0
[UNIFORM-BUDGET-DELAY] spent=40 remaining=0 total=40 queue_len=15
[PAXOS-TICK] phase=WaitingForPromises elapsed=9 timeout=15 ballot=3 promises=0 accepted=0
[step=40] DELIVER from=1 to=1 type=Prepare { ballot: 1 } queue_len=14
[PAXOS-TICK] phase=WaitingForPromises elapsed=10 timeout=15 ballot=3 promises=0 accepted=0
[step=41] DELIVER from=1 to=2 type=Prepare { ballot: 1 } queue_len=14
[PAXOS-TICK] phase=WaitingForPromises elapsed=11 timeout=15 ballot=3 promises=0 accepted=0
[step=42] DELIVER from=1 to=3 type=Prepare { ballot: 1 } queue_len=14
[PAXOS-TICK] phase=WaitingForPromises elapsed=12 timeout=15 ballot=3 promises=0 accepted=0
[step=43] DELIVER from=1 to=4 type=Prepare { ballot: 1 } queue_len=14
[PAXOS-TICK] phase=WaitingForPromises elapsed=13 timeout=15 ballot=3 promises=0 accepted=0
[step=44] DELIVER from=1 to=5 type=Prepare { ballot: 1 } queue_len=14
[PAXOS-TICK] phase=WaitingForPromises elapsed=14 timeout=15 ballot=3 promises=0 accepted=0
[step=45] DELIVER from=1 to=1 type=Prepare { ballot: 2 } queue_len=19
[PAXOS-TICK] phase=WaitingForPromises elapsed=0 timeout=15 ballot=4 promises=0 accepted=0
[step=46] DELIVER from=1 to=2 type=Prepare { ballot: 2 } queue_len=19
[PAXOS-TICK] phase=WaitingForPromises elapsed=1 timeout=15 ballot=4 promises=0 accepted=0
[step=47] DELIVER from=1 to=3 type=Prepare { ballot: 2 } queue_len=19
[PAXOS-TICK] phase=WaitingForPromises elapsed=2 timeout=15 ballot=4 promises=0 accepted=0
[step=48] DELIVER from=1 to=4 type=Prepare { ballot: 2 } queue_len=19
[PAXOS-TICK] phase=WaitingForPromises elapsed=3 timeout=15 ballot=4 promises=0 accepted=0
[step=49] DELIVER from=1 to=5 type=Prepare { ballot: 2 } queue_len=19
[PAXOS-TICK] phase=WaitingForPromises elapsed=4 timeout=15 ballot=4 promises=0 accepted=0
[step=50] DELIVER from=1 to=1 type=Prepare { ballot: 3 } queue_len=19
[PAXOS-TICK] phase=WaitingForPromises elapsed=5 timeout=15 ballot=4 promises=0 accepted=0
[step=51] DELIVER from=1 to=2 type=Prepare { ballot: 3 } queue_len=19
[PAXOS-TICK] phase=WaitingForPromises elapsed=6 timeout=15 ballot=4 promises=0 accepted=0
[step=52] DELIVER from=1 to=3 type=Prepare { ballot: 3 } queue_len=19
[PAXOS-TICK] phase=WaitingForPromises elapsed=7 timeout=15 ballot=4 promises=0 accepted=0
[step=53] DELIVER from=1 to=4 type=Prepare { ballot: 3 } queue_len=19
[PAXOS-TICK] phase=WaitingForPromises elapsed=8 timeout=15 ballot=4 promises=0 accepted=0
[step=54] DELIVER from=1 to=5 type=Prepare { ballot: 3 } queue_len=19
[PAXOS-TICK] phase=WaitingForPromises elapsed=9 timeout=15 ballot=4 promises=0 accepted=0
[step=55] DELIVER from=1 to=1 type=Promise { ballot: 1, accepted_ballot: None, accepted_value: None } queue_len=19
[PAXOS-TICK] phase=WaitingForPromises elapsed=10 timeout=15 ballot=4 promises=0 accepted=0
[step=56] DELIVER from=2 to=1 type=Promise { ballot: 1, accepted_ballot: None, accepted_value: None } queue_len=18
[PAXOS-TICK] phase=WaitingForPromises elapsed=11 timeout=15 ballot=4 promises=0 accepted=0
[step=57] DELIVER from=3 to=1 type=Promise { ballot: 1, accepted_ballot: None, accepted_value: None } queue_len=17
[PAXOS-TICK] phase=WaitingForPromises elapsed=12 timeout=15 ballot=4 promises=0 accepted=0
[step=58] DELIVER from=4 to=1 type=Promise { ballot: 1, accepted_ballot: None, accepted_value: None } queue_len=16
[PAXOS-TICK] phase=WaitingForPromises elapsed=13 timeout=15 ballot=4 promises=0 accepted=0
[step=59] DELIVER from=5 to=1 type=Promise { ballot: 1, accepted_ballot: None, accepted_value: None } queue_len=15
[PAXOS-TICK] phase=WaitingForPromises elapsed=14 timeout=15 ballot=4 promises=0 accepted=0
[step=60] DELIVER from=1 to=1 type=Prepare { ballot: 4 } queue_len=19
[PAXOS-TICK] phase=WaitingForPromises elapsed=0 timeout=15 ballot=5 promises=0 accepted=0
[step=61] DELIVER from=1 to=2 type=Prepare { ballot: 4 } queue_len=19
[PAXOS-TICK] phase=WaitingForPromises elapsed=1 timeout=15 ballot=5 promises=0 accepted=0
[step=62] DELIVER from=1 to=3 type=Prepare { ballot: 4 } queue_len=19
[PAXOS-TICK] phase=WaitingForPromises elapsed=2 timeout=15 ballot=5 promises=0 accepted=0
[step=63] DELIVER from=1 to=4 type=Prepare { ballot: 4 } queue_len=19
[PAXOS-TICK] phase=WaitingForPromises elapsed=3 timeout=15 ballot=5 promises=0 accepted=0
[step=64] DELIVER from=1 to=5 type=Prepare { ballot: 4 } queue_len=19
[PAXOS-TICK] phase=WaitingForPromises elapsed=4 timeout=15 ballot=5 promises=0 accepted=0
[step=65] DELIVER from=1 to=1 type=Promise { ballot: 2, accepted_ballot: None, accepted_value: None } queue_len=19
[PAXOS-TICK] phase=WaitingForPromises elapsed=5 timeout=15 ballot=5 promises=0 accepted=0
[step=66] DELIVER from=2 to=1 type=Promise { ballot: 2, accepted_ballot: None, accepted_value: None } queue_len=18
[PAXOS-TICK] phase=WaitingForPromises elapsed=6 timeout=15 ballot=5 promises=0 accepted=0
[step=67] DELIVER from=3 to=1 type=Promise { ballot: 2, accepted_ballot: None, accepted_value: None } queue_len=17
[PAXOS-TICK] phase=WaitingForPromises elapsed=7 timeout=15 ballot=5 promises=0 accepted=0
[step=68] DELIVER from=4 to=1 type=Promise { ballot: 2, accepted_ballot: None, accepted_value: None } queue_len=16
[PAXOS-TICK] phase=WaitingForPromises elapsed=8 timeout=15 ballot=5 promises=0 accepted=0
[step=69] DELIVER from=5 to=1 type=Promise { ballot: 2, accepted_ballot: None, accepted_value: None } queue_len=15
[PAXOS-TICK] phase=WaitingForPromises elapsed=9 timeout=15 ballot=5 promises=0 accepted=0
[step=70] DELIVER from=1 to=1 type=Promise { ballot: 3, accepted_ballot: None, accepted_value: None } queue_len=14
[PAXOS-TICK] phase=WaitingForPromises elapsed=10 timeout=15 ballot=5 promises=0 accepted=0
[step=71] DELIVER from=2 to=1 type=Promise { ballot: 3, accepted_ballot: None, accepted_value: None } queue_len=13
[PAXOS-TICK] phase=WaitingForPromises elapsed=11 timeout=15 ballot=5 promises=0 accepted=0
[step=72] DELIVER from=3 to=1 type=Promise { ballot: 3, accepted_ballot: None, accepted_value: None } queue_len=12
[PAXOS-TICK] phase=WaitingForPromises elapsed=12 timeout=15 ballot=5 promises=0 accepted=0
[step=73] DELIVER from=4 to=1 type=Promise { ballot: 3, accepted_ballot: None, accepted_value: None } queue_len=11
[PAXOS-TICK] phase=WaitingForPromises elapsed=13 timeout=15 ballot=5 promises=0 accepted=0
[step=74] DELIVER from=5 to=1 type=Promise { ballot: 3, accepted_ballot: None, accepted_value: None } queue_len=10
[PAXOS-TICK] phase=WaitingForPromises elapsed=14 timeout=15 ballot=5 promises=0 accepted=0
[step=75] DELIVER from=1 to=1 type=Prepare { ballot: 5 } queue_len=14
[PAXOS-TICK] phase=WaitingForPromises elapsed=0 timeout=15 ballot=6 promises=0 accepted=0
[step=76] DELIVER from=1 to=2 type=Prepare { ballot: 5 } queue_len=14
[PAXOS-TICK] phase=WaitingForPromises elapsed=1 timeout=15 ballot=6 promises=0 accepted=0
[step=77] DELIVER from=1 to=3 type=Prepare { ballot: 5 } queue_len=14
[PAXOS-TICK] phase=WaitingForPromises elapsed=2 timeout=15 ballot=6 promises=0 accepted=0
[step=78] DELIVER from=1 to=4 type=Prepare { ballot: 5 } queue_len=14
[PAXOS-TICK] phase=WaitingForPromises elapsed=3 timeout=15 ballot=6 promises=0 accepted=0
[step=79] DELIVER from=1 to=5 type=Prepare { ballot: 5 } queue_len=14
[PAXOS-TICK] phase=WaitingForPromises elapsed=4 timeout=15 ballot=6 promises=0 accepted=0
[step=80] DELIVER from=1 to=1 type=Promise { ballot: 4, accepted_ballot: None, accepted_value: None } queue_len=14
[PAXOS-TICK] phase=WaitingForPromises elapsed=5 timeout=15 ballot=6 promises=0 accepted=0
[step=81] DELIVER from=2 to=1 type=Promise { ballot: 4, accepted_ballot: None, accepted_value: None } queue_len=13
[PAXOS-TICK] phase=WaitingForPromises elapsed=6 timeout=15 ballot=6 promises=0 accepted=0
[step=82] DELIVER from=3 to=1 type=Promise { ballot: 4, accepted_ballot: None, accepted_value: None } queue_len=12
[PAXOS-TICK] phase=WaitingForPromises elapsed=7 timeout=15 ballot=6 promises=0 accepted=0
[step=83] DELIVER from=4 to=1 type=Promise { ballot: 4, accepted_ballot: None, accepted_value: None } queue_len=11
[PAXOS-TICK] phase=WaitingForPromises elapsed=8 timeout=15 ballot=6 promises=0 accepted=0
[step=84] DELIVER from=5 to=1 type=Promise { ballot: 4, accepted_ballot: None, accepted_value: None } queue_len=10
[PAXOS-TICK] phase=WaitingForPromises elapsed=9 timeout=15 ballot=6 promises=0 accepted=0
[step=85] DELIVER from=1 to=1 type=Prepare { ballot: 6 } queue_len=9
[PAXOS-TICK] phase=WaitingForPromises elapsed=10 timeout=15 ballot=6 promises=0 accepted=0
[step=86] DELIVER from=1 to=2 type=Prepare { ballot: 6 } queue_len=9
[PAXOS-TICK] phase=WaitingForPromises elapsed=11 timeout=15 ballot=6 promises=0 accepted=0
[step=87] DELIVER from=1 to=3 type=Prepare { ballot: 6 } queue_len=9
[PAXOS-TICK] phase=WaitingForPromises elapsed=12 timeout=15 ballot=6 promises=0 accepted=0
[step=88] DELIVER from=1 to=4 type=Prepare { ballot: 6 } queue_len=9
[PAXOS-TICK] phase=WaitingForPromises elapsed=13 timeout=15 ballot=6 promises=0 accepted=0
[step=89] DELIVER from=1 to=5 type=Prepare { ballot: 6 } queue_len=9
[PAXOS-TICK] phase=WaitingForPromises elapsed=14 timeout=15 ballot=6 promises=0 accepted=0
[step=90] DELIVER from=1 to=1 type=Promise { ballot: 5, accepted_ballot: None, accepted_value: None } queue_len=14
[PAXOS-TICK] phase=WaitingForPromises elapsed=0 timeout=15 ballot=7 promises=0 accepted=0
[step=91] DELIVER from=2 to=1 type=Promise { ballot: 5, accepted_ballot: None, accepted_value: None } queue_len=13
[PAXOS-TICK] phase=WaitingForPromises elapsed=1 timeout=15 ballot=7 promises=0 accepted=0
[step=92] DELIVER from=3 to=1 type=Promise { ballot: 5, accepted_ballot: None, accepted_value: None } queue_len=12
[PAXOS-TICK] phase=WaitingForPromises elapsed=2 timeout=15 ballot=7 promises=0 accepted=0
[step=93] DELIVER from=4 to=1 type=Promise { ballot: 5, accepted_ballot: None, accepted_value: None } queue_len=11
[PAXOS-TICK] phase=WaitingForPromises elapsed=3 timeout=15 ballot=7 promises=0 accepted=0
[step=94] DELIVER from=5 to=1 type=Promise { ballot: 5, accepted_ballot: None, accepted_value: None } queue_len=10
[PAXOS-TICK] phase=WaitingForPromises elapsed=4 timeout=15 ballot=7 promises=0 accepted=0
[step=95] DELIVER from=1 to=1 type=Promise { ballot: 6, accepted_ballot: None, accepted_value: None } queue_len=9
[PAXOS-TICK] phase=WaitingForPromises elapsed=5 timeout=15 ballot=7 promises=0 accepted=0
[step=96] DELIVER from=2 to=1 type=Promise { ballot: 6, accepted_ballot: None, accepted_value: None } queue_len=8
[PAXOS-TICK] phase=WaitingForPromises elapsed=6 timeout=15 ballot=7 promises=0 accepted=0
[step=97] DELIVER from=3 to=1 type=Promise { ballot: 6, accepted_ballot: None, accepted_value: None } queue_len=7
[PAXOS-TICK] phase=WaitingForPromises elapsed=7 timeout=15 ballot=7 promises=0 accepted=0
[step=98] DELIVER from=4 to=1 type=Promise { ballot: 6, accepted_ballot: None, accepted_value: None } queue_len=6
[PAXOS-TICK] phase=WaitingForPromises elapsed=8 timeout=15 ballot=7 promises=0 accepted=0
[step=99] DELIVER from=5 to=1 type=Promise { ballot: 6, accepted_ballot: None, accepted_value: None } queue_len=5
[PAXOS-TICK] phase=WaitingForPromises elapsed=9 timeout=15 ballot=7 promises=0 accepted=0
[step=100] DELIVER from=1 to=1 type=Prepare { ballot: 7 } queue_len=4
[PAXOS-TICK] phase=WaitingForPromises elapsed=10 timeout=15 ballot=7 promises=0 accepted=0
[step=101] DELIVER from=1 to=2 type=Prepare { ballot: 7 } queue_len=4
[PAXOS-TICK] phase=WaitingForPromises elapsed=11 timeout=15 ballot=7 promises=0 accepted=0
[step=102] DELIVER from=1 to=3 type=Prepare { ballot: 7 } queue_len=4
[PAXOS-TICK] phase=WaitingForPromises elapsed=12 timeout=15 ballot=7 promises=0 accepted=0
[step=103] DELIVER from=1 to=4 type=Prepare { ballot: 7 } queue_len=4
[PAXOS-TICK] phase=WaitingForPromises elapsed=13 timeout=15 ballot=7 promises=0 accepted=0
[step=104] DELIVER from=1 to=5 type=Prepare { ballot: 7 } queue_len=4
[PAXOS-TICK] phase=WaitingForPromises elapsed=14 timeout=15 ballot=7 promises=0 accepted=0
[step=105] DELIVER from=1 to=1 type=Promise { ballot: 7, accepted_ballot: None, accepted_value: None } queue_len=9
[PAXOS-TICK] phase=WaitingForPromises elapsed=0 timeout=15 ballot=8 promises=0 accepted=0
[step=106] DELIVER from=2 to=1 type=Promise { ballot: 7, accepted_ballot: None, accepted_value: None } queue_len=8
[PAXOS-TICK] phase=WaitingForPromises elapsed=1 timeout=15 ballot=8 promises=0 accepted=0
[step=107] DELIVER from=3 to=1 type=Promise { ballot: 7, accepted_ballot: None, accepted_value: None } queue_len=7
[PAXOS-TICK] phase=WaitingForPromises elapsed=2 timeout=15 ballot=8 promises=0 accepted=0
[step=108] DELIVER from=4 to=1 type=Promise { ballot: 7, accepted_ballot: None, accepted_value: None } queue_len=6
[PAXOS-TICK] phase=WaitingForPromises elapsed=3 timeout=15 ballot=8 promises=0 accepted=0
[step=109] DELIVER from=5 to=1 type=Promise { ballot: 7, accepted_ballot: None, accepted_value: None } queue_len=5
[PAXOS-TICK] phase=WaitingForPromises elapsed=4 timeout=15 ballot=8 promises=0 accepted=0
[step=110] DELIVER from=1 to=1 type=Prepare { ballot: 8 } queue_len=4
[PAXOS-TICK] phase=WaitingForPromises elapsed=5 timeout=15 ballot=8 promises=0 accepted=0
[step=111] DELIVER from=1 to=2 type=Prepare { ballot: 8 } queue_len=4
[PAXOS-TICK] phase=WaitingForPromises elapsed=6 timeout=15 ballot=8 promises=0 accepted=0
[step=112] DELIVER from=1 to=3 type=Prepare { ballot: 8 } queue_len=4
[PAXOS-TICK] phase=WaitingForPromises elapsed=7 timeout=15 ballot=8 promises=0 accepted=0
[step=113] DELIVER from=1 to=4 type=Prepare { ballot: 8 } queue_len=4
[PAXOS-TICK] phase=WaitingForPromises elapsed=8 timeout=15 ballot=8 promises=0 accepted=0
[step=114] DELIVER from=1 to=5 type=Prepare { ballot: 8 } queue_len=4
[PAXOS-TICK] phase=WaitingForPromises elapsed=9 timeout=15 ballot=8 promises=0 accepted=0
[step=115] DELIVER from=1 to=1 type=Promise { ballot: 8, accepted_ballot: None, accepted_value: None } queue_len=4
[PAXOS-TICK] phase=WaitingForPromises elapsed=10 timeout=15 ballot=8 promises=1 accepted=0
[step=116] DELIVER from=2 to=1 type=Promise { ballot: 8, accepted_ballot: None, accepted_value: None } queue_len=3
[PAXOS-TICK] phase=WaitingForPromises elapsed=11 timeout=15 ballot=8 promises=2 accepted=0
[step=117] DELIVER from=3 to=1 type=Promise { ballot: 8, accepted_ballot: None, accepted_value: None } queue_len=2
[PAXOS-QUORUM-PROMISE] ballot=8 count=3 quorum=3 current=8
[step=118] DELIVER from=4 to=1 type=Promise { ballot: 8, accepted_ballot: None, accepted_value: None } queue_len=6
[step=119] DELIVER from=5 to=1 type=Promise { ballot: 8, accepted_ballot: None, accepted_value: None } queue_len=5
[step=120] DELIVER from=1 to=1 type=AcceptRequest { ballot: 8, value: "v1" } queue_len=4
Broadcasting AcceptRequest(8, v1)
[step=121] DELIVER from=1 to=2 type=AcceptRequest { ballot: 8, value: "v1" } queue_len=4
Broadcasting AcceptRequest(8, v1)
[step=122] DELIVER from=1 to=3 type=AcceptRequest { ballot: 8, value: "v1" } queue_len=4
Broadcasting AcceptRequest(8, v1)
[step=123] DELIVER from=1 to=4 type=AcceptRequest { ballot: 8, value: "v1" } queue_len=4
Broadcasting AcceptRequest(8, v1)
[step=124] DELIVER from=1 to=5 type=AcceptRequest { ballot: 8, value: "v1" } queue_len=4
Broadcasting AcceptRequest(8, v1)
[step=125] DELIVER from=1 to=1 type=Accepted { ballot: 8, value: "v1" } queue_len=4
[step=126] DELIVER from=2 to=1 type=Accepted { ballot: 8, value: "v1" } queue_len=3
[step=127] DELIVER from=3 to=1 type=Accepted { ballot: 8, value: "v1" } queue_len=2
[PAXOS-QUORUM-ACCEPTED] ballot=8 count=3 quorum=3 current=8
[step=128] DELIVER from=4 to=1 type=Accepted { ballot: 8, value: "v1" } queue_len=1
[step=129] DELIVER from=5 to=1 type=Accepted { ballot: 8, value: "v1" } queue_len=0

=== Metrics ===
Messages Sent: 90
Messages Delivered: 90
Scheduler Steps: 131
Stale Messages Ignored: 0
Messages Sent Until Decision: 0
Undelivered Messages At Decision: 0
Timeout triggered: 7
View changes: 0
Decisions: 1
Prepare Messages: 40
Promise Messages: 40
Accept Requests: 5
Accepted Messages: 5
Raft Leader Elected: false
Raft Leader Id: None
Raft Election Count: 0
AppendEntries Messages: 0
AppendResponse Messages: 0
Heartbeat Successes: 0
Heartbeat Rejections: 0
Raft Config Changes: 0
Raft Config Acks: 0
Raft Config Activated: false
Nack Messages: 0
Paxos Retries: 7
Max Ballot Seen: 8
Reached Step Cap: false
Max Steps: 1000
Membership Changes: 0
Membership Acks: 0
Chosen Values: {"v1"}
Safety Violation: false
Paxos Retry Exhausted: false
Critical Messages Delayed: 0
Delayed Messages Released: 0
