
=== Run 1 ===
Nodes: 5
Quorum: 3
Simulation starting
[step=0] DELIVER from=1 to=1 type=Prepare { ballot: 1 } queue_len=4
[PAXOS-TICK] phase=WaitingForPromises elapsed=0 timeout=15 ballot=1 promises=0 accepted=0
[step=1] DELIVER from=1 to=2 type=Prepare { ballot: 1 } queue_len=4
[PAXOS-TICK] phase=WaitingForPromises elapsed=1 timeout=15 ballot=1 promises=0 accepted=0
[PROB-INTERLEAVED-TARGETED] spent=1 remaining=39 queue_len=5 delayed=Promise { ballot: 1, accepted_ballot: None, accepted_value: None }
[PAXOS-TICK] phase=WaitingForPromises elapsed=2 timeout=15 ballot=1 promises=0 accepted=0
[PROB-INTERLEAVED-TARGETED] spent=2 remaining=38 queue_len=5 delayed=Promise { ballot: 1, accepted_ballot: None, accepted_value: None }
[PAXOS-TICK] phase=WaitingForPromises elapsed=3 timeout=15 ballot=1 promises=0 accepted=0
[PROB-INTERLEAVED-TARGETED] spent=3 remaining=37 queue_len=5 delayed=Promise { ballot: 1, accepted_ballot: None, accepted_value: None }
[PAXOS-TICK] phase=WaitingForPromises elapsed=4 timeout=15 ballot=1 promises=0 accepted=0
[PROB-INTERLEAVED-TARGETED] spent=4 remaining=36 queue_len=5 delayed=Promise { ballot: 1, accepted_ballot: None, accepted_value: None }
[PAXOS-TICK] phase=WaitingForPromises elapsed=5 timeout=15 ballot=1 promises=0 accepted=0
[step=6] DELIVER from=1 to=3 type=Prepare { ballot: 1 } queue_len=4
[PAXOS-TICK] phase=WaitingForPromises elapsed=6 timeout=15 ballot=1 promises=0 accepted=0
[step=7] DELIVER from=1 to=4 type=Prepare { ballot: 1 } queue_len=4
[PAXOS-TICK] phase=WaitingForPromises elapsed=7 timeout=15 ballot=1 promises=0 accepted=0
[step=8] DELIVER from=1 to=5 type=Prepare { ballot: 1 } queue_len=4
[PAXOS-TICK] phase=WaitingForPromises elapsed=8 timeout=15 ballot=1 promises=0 accepted=0
[PROB-INTERLEAVED-TARGETED] spent=5 remaining=35 queue_len=5 delayed=Promise { ballot: 1, accepted_ballot: None, accepted_value: None }
[PAXOS-TICK] phase=WaitingForPromises elapsed=9 timeout=15 ballot=1 promises=0 accepted=0
[step=10] DELIVER from=2 to=1 type=Promise { ballot: 1, accepted_ballot: None, accepted_value: None } queue_len=4
[PROMISE-TRACE] from=2 received_ballot=1 current_ballot=1 match=true
[PAXOS-TICK] phase=WaitingForPromises elapsed=10 timeout=15 ballot=1 promises=1 accepted=0
[PROB-INTERLEAVED-TARGETED] spent=6 remaining=34 queue_len=4 delayed=Promise { ballot: 1, accepted_ballot: None, accepted_value: None }
[PAXOS-TICK] phase=WaitingForPromises elapsed=11 timeout=15 ballot=1 promises=1 accepted=0
[PROB-INTERLEAVED-TARGETED] spent=7 remaining=33 queue_len=4 delayed=Promise { ballot: 1, accepted_ballot: None, accepted_value: None }
[PAXOS-TICK] phase=WaitingForPromises elapsed=12 timeout=15 ballot=1 promises=1 accepted=0
[step=13] DELIVER from=5 to=1 type=Promise { ballot: 1, accepted_ballot: None, accepted_value: None } queue_len=3
[PROMISE-TRACE] from=5 received_ballot=1 current_ballot=1 match=true
[PAXOS-TICK] phase=WaitingForPromises elapsed=13 timeout=15 ballot=1 promises=2 accepted=0
[PROB-INTERLEAVED-TARGETED] spent=8 remaining=32 queue_len=3 delayed=Promise { ballot: 1, accepted_ballot: None, accepted_value: None }
[PAXOS-TICK] phase=WaitingForPromises elapsed=14 timeout=15 ballot=1 promises=2 accepted=0
[step=15] DELIVER from=3 to=1 type=Promise { ballot: 1, accepted_ballot: None, accepted_value: None } queue_len=7
[PROMISE-TRACE] from=3 received_ballot=1 current_ballot=2 match=false
[PAXOS-TICK] phase=WaitingForPromises elapsed=0 timeout=15 ballot=2 promises=0 accepted=0
[step=16] DELIVER from=4 to=1 type=Promise { ballot: 1, accepted_ballot: None, accepted_value: None } queue_len=6
[PROMISE-TRACE] from=4 received_ballot=1 current_ballot=2 match=false
[PAXOS-TICK] phase=WaitingForPromises elapsed=1 timeout=15 ballot=2 promises=0 accepted=0
[PROB-INTERLEAVED-TARGETED] spent=9 remaining=31 queue_len=6 delayed=Promise { ballot: 1, accepted_ballot: None, accepted_value: None }
[PAXOS-TICK] phase=WaitingForPromises elapsed=2 timeout=15 ballot=2 promises=0 accepted=0
[PROB-INTERLEAVED-TARGETED] spent=10 remaining=30 queue_len=6 delayed=Promise { ballot: 1, accepted_ballot: None, accepted_value: None }
[PAXOS-TICK] phase=WaitingForPromises elapsed=3 timeout=15 ballot=2 promises=0 accepted=0
[PROB-INTERLEAVED-TARGETED] spent=11 remaining=29 queue_len=6 delayed=Promise { ballot: 1, accepted_ballot: None, accepted_value: None }
[PAXOS-TICK] phase=WaitingForPromises elapsed=4 timeout=15 ballot=2 promises=0 accepted=0
[step=20] DELIVER from=1 to=1 type=Prepare { ballot: 2 } queue_len=5
[PAXOS-TICK] phase=WaitingForPromises elapsed=5 timeout=15 ballot=2 promises=0 accepted=0
[step=21] DELIVER from=1 to=2 type=Prepare { ballot: 2 } queue_len=5
[PAXOS-TICK] phase=WaitingForPromises elapsed=6 timeout=15 ballot=2 promises=0 accepted=0
[step=22] DELIVER from=1 to=3 type=Prepare { ballot: 2 } queue_len=5
[PAXOS-TICK] phase=WaitingForPromises elapsed=7 timeout=15 ballot=2 promises=0 accepted=0
[step=23] DELIVER from=1 to=4 type=Prepare { ballot: 2 } queue_len=5
[PAXOS-TICK] phase=WaitingForPromises elapsed=8 timeout=15 ballot=2 promises=0 accepted=0
[step=24] DELIVER from=1 to=5 type=Prepare { ballot: 2 } queue_len=5
[PAXOS-TICK] phase=WaitingForPromises elapsed=9 timeout=15 ballot=2 promises=0 accepted=0
[step=25] DELIVER from=1 to=1 type=Promise { ballot: 1, accepted_ballot: None, accepted_value: None } queue_len=5
[PROMISE-TRACE] from=1 received_ballot=1 current_ballot=2 match=false
[PAXOS-TICK] phase=WaitingForPromises elapsed=10 timeout=15 ballot=2 promises=0 accepted=0
[step=26] DELIVER from=1 to=1 type=Promise { ballot: 2, accepted_ballot: None, accepted_value: None } queue_len=4
[PROMISE-TRACE] from=1 received_ballot=2 current_ballot=2 match=true
[PAXOS-TICK] phase=WaitingForPromises elapsed=11 timeout=15 ballot=2 promises=1 accepted=0
[PROB-INTERLEAVED-TARGETED] spent=12 remaining=28 queue_len=4 delayed=Promise { ballot: 2, accepted_ballot: None, accepted_value: None }
[PAXOS-TICK] phase=WaitingForPromises elapsed=12 timeout=15 ballot=2 promises=1 accepted=0
[step=28] DELIVER from=3 to=1 type=Promise { ballot: 2, accepted_ballot: None, accepted_value: None } queue_len=3
[PROMISE-TRACE] from=3 received_ballot=2 current_ballot=2 match=true
[PAXOS-TICK] phase=WaitingForPromises elapsed=13 timeout=15 ballot=2 promises=2 accepted=0
[step=29] DELIVER from=4 to=1 type=Promise { ballot: 2, accepted_ballot: None, accepted_value: None } queue_len=2
[PROMISE-TRACE] from=4 received_ballot=2 current_ballot=2 match=true
[PAXOS-QUORUM-PROMISE] ballot=2 count=3 quorum=3 current=2
[step=30] DELIVER from=5 to=1 type=Promise { ballot: 2, accepted_ballot: None, accepted_value: None } queue_len=6
[PROMISE-TRACE] from=5 received_ballot=2 current_ballot=2 match=true
[PROB-INTERLEAVED-TARGETED] spent=13 remaining=27 queue_len=6 delayed=Promise { ballot: 2, accepted_ballot: None, accepted_value: None }
[step=32] DELIVER from=1 to=1 type=AcceptRequest { ballot: 2, value: "v1" } queue_len=5
Broadcasting AcceptRequest(2, v1)
[step=33] DELIVER from=1 to=2 type=AcceptRequest { ballot: 2, value: "v1" } queue_len=5
Broadcasting AcceptRequest(2, v1)
[step=34] DELIVER from=1 to=3 type=AcceptRequest { ballot: 2, value: "v1" } queue_len=5
Broadcasting AcceptRequest(2, v1)
[PROB-INTERLEAVED-TARGETED] spent=14 remaining=26 queue_len=6 delayed=Promise { ballot: 2, accepted_ballot: None, accepted_value: None }
[step=36] DELIVER from=1 to=4 type=AcceptRequest { ballot: 2, value: "v1" } queue_len=5
Broadcasting AcceptRequest(2, v1)
[step=37] DELIVER from=1 to=5 type=AcceptRequest { ballot: 2, value: "v1" } queue_len=5
Broadcasting AcceptRequest(2, v1)
[step=38] DELIVER from=1 to=1 type=Accepted { ballot: 2, value: "v1" } queue_len=5
[step=39] DELIVER from=2 to=1 type=Accepted { ballot: 2, value: "v1" } queue_len=4
[PROB-INTERLEAVED-TARGETED] spent=15 remaining=25 queue_len=4 delayed=Accepted { ballot: 2, value: "v1" }
[PROB-INTERLEAVED-TARGETED] spent=16 remaining=24 queue_len=4 delayed=Promise { ballot: 2, accepted_ballot: None, accepted_value: None }
[step=42] DELIVER from=4 to=1 type=Accepted { ballot: 2, value: "v1" } queue_len=3
[PAXOS-QUORUM-ACCEPTED] ballot=2 count=3 quorum=3 current=2
[PROB-INTERLEAVED-TARGETED] spent=17 remaining=23 queue_len=3 delayed=Accepted { ballot: 2, value: "v1" }
[PROB-INTERLEAVED-TARGETED] spent=18 remaining=22 queue_len=3 delayed=Accepted { ballot: 2, value: "v1" }
[step=45] DELIVER from=2 to=1 type=Promise { ballot: 2, accepted_ballot: None, accepted_value: None } queue_len=2
[PROMISE-TRACE] from=2 received_ballot=2 current_ballot=2 match=true
[PROB-INTERLEAVED-TARGETED] spent=19 remaining=21 queue_len=2 delayed=Accepted { ballot: 2, value: "v1" }
[step=47] DELIVER from=3 to=1 type=Accepted { ballot: 2, value: "v1" } queue_len=1
[PROB-INTERLEAVED-TARGETED] spent=20 remaining=20 queue_len=1 delayed=Accepted { ballot: 2, value: "v1" }
[step=49] DELIVER from=5 to=1 type=Accepted { ballot: 2, value: "v1" } queue_len=0

=== Metrics ===
Messages Sent: 30
Messages Delivered: 30
Scheduler Steps: 51
Stale Messages Ignored: 0
Messages Sent Until Decision: 0
Undelivered Messages At Decision: 0
Timeout triggered: 1
View changes: 0
Decisions: 1
Prepare Messages: 10
Promise Messages: 10
Accept Requests: 5
Accepted Messages: 5
Raft Leader Elected: false
Raft Leader Id: None
Raft Election Count: 0
AppendEntries Messages: 0
AppendResponse Messages: 0
Heartbeat Successes: 0
Heartbeat Rejections: 0
Raft Config Changes: 0
Raft Config Acks: 0
Raft Config Activated: false
Nack Messages: 0
Paxos Retries: 1
Max Ballot Seen: 2
Reached Step Cap: false
Max Steps: 1000
Membership Changes: 0
Membership Acks: 0
Chosen Values: {"v1"}
Safety Violation: false
Paxos Retry Exhausted: false
Critical Messages Delayed: 0
Delayed Messages Released: 0
