
=== Run 1 ===
Nodes: 5
Quorum: 3
Simulation starting
[PROB-INTERLEAVED-UNIFORM] spent=1 remaining=39 queue_len=5 delayed=Prepare { ballot: 1 }
[PAXOS-TICK] phase=WaitingForPromises elapsed=0 timeout=15 ballot=1 promises=0 accepted=0
[PROB-INTERLEAVED-UNIFORM] spent=2 remaining=38 queue_len=5 delayed=Prepare { ballot: 1 }
[PAXOS-TICK] phase=WaitingForPromises elapsed=1 timeout=15 ballot=1 promises=0 accepted=0
[PROB-INTERLEAVED-UNIFORM] spent=3 remaining=37 queue_len=5 delayed=Prepare { ballot: 1 }
[PAXOS-TICK] phase=WaitingForPromises elapsed=2 timeout=15 ballot=1 promises=0 accepted=0
[step=3] DELIVER from=1 to=1 type=Prepare { ballot: 1 } queue_len=4
[PAXOS-TICK] phase=WaitingForPromises elapsed=3 timeout=15 ballot=1 promises=0 accepted=0
[PROB-INTERLEAVED-UNIFORM] spent=4 remaining=36 queue_len=5 delayed=Prepare { ballot: 1 }
[PAXOS-TICK] phase=WaitingForPromises elapsed=4 timeout=15 ballot=1 promises=0 accepted=0
[PROB-INTERLEAVED-UNIFORM] spent=5 remaining=35 queue_len=5 delayed=Prepare { ballot: 1 }
[PAXOS-TICK] phase=WaitingForPromises elapsed=5 timeout=15 ballot=1 promises=0 accepted=0
[step=6] DELIVER from=1 to=2 type=Prepare { ballot: 1 } queue_len=4
[PAXOS-TICK] phase=WaitingForPromises elapsed=6 timeout=15 ballot=1 promises=0 accepted=0
[step=7] DELIVER from=1 to=3 type=Prepare { ballot: 1 } queue_len=4
[PAXOS-TICK] phase=WaitingForPromises elapsed=7 timeout=15 ballot=1 promises=0 accepted=0
[PROB-INTERLEAVED-UNIFORM] spent=6 remaining=34 queue_len=5 delayed=Prepare { ballot: 1 }
[PAXOS-TICK] phase=WaitingForPromises elapsed=8 timeout=15 ballot=1 promises=0 accepted=0
[PROB-INTERLEAVED-UNIFORM] spent=7 remaining=33 queue_len=5 delayed=Prepare { ballot: 1 }
[PAXOS-TICK] phase=WaitingForPromises elapsed=9 timeout=15 ballot=1 promises=0 accepted=0
[step=10] DELIVER from=1 to=1 type=Promise { ballot: 1, accepted_ballot: None, accepted_value: None } queue_len=4
[PROMISE-TRACE] from=1 received_ballot=1 current_ballot=1 match=true
[PAXOS-TICK] phase=WaitingForPromises elapsed=10 timeout=15 ballot=1 promises=1 accepted=0
[step=11] DELIVER from=2 to=1 type=Promise { ballot: 1, accepted_ballot: None, accepted_value: None } queue_len=3
[PROMISE-TRACE] from=2 received_ballot=1 current_ballot=1 match=true
[PAXOS-TICK] phase=WaitingForPromises elapsed=11 timeout=15 ballot=1 promises=2 accepted=0
[PROB-INTERLEAVED-UNIFORM] spent=8 remaining=32 queue_len=3 delayed=Promise { ballot: 1, accepted_ballot: None, accepted_value: None }
[PAXOS-TICK] phase=WaitingForPromises elapsed=12 timeout=15 ballot=1 promises=2 accepted=0
[step=13] DELIVER from=1 to=4 type=Prepare { ballot: 1 } queue_len=2
[PAXOS-TICK] phase=WaitingForPromises elapsed=13 timeout=15 ballot=1 promises=2 accepted=0
[step=14] DELIVER from=1 to=5 type=Prepare { ballot: 1 } queue_len=2
[PAXOS-TICK] phase=WaitingForPromises elapsed=14 timeout=15 ballot=1 promises=2 accepted=0
[step=15] DELIVER from=3 to=1 type=Promise { ballot: 1, accepted_ballot: None, accepted_value: None } queue_len=7
[PROMISE-TRACE] from=3 received_ballot=1 current_ballot=2 match=false
[PAXOS-TICK] phase=WaitingForPromises elapsed=0 timeout=15 ballot=2 promises=0 accepted=0
[step=16] DELIVER from=4 to=1 type=Promise { ballot: 1, accepted_ballot: None, accepted_value: None } queue_len=6
[PROMISE-TRACE] from=4 received_ballot=1 current_ballot=2 match=false
[PAXOS-TICK] phase=WaitingForPromises elapsed=1 timeout=15 ballot=2 promises=0 accepted=0
[step=17] DELIVER from=5 to=1 type=Promise { ballot: 1, accepted_ballot: None, accepted_value: None } queue_len=5
[PROMISE-TRACE] from=5 received_ballot=1 current_ballot=2 match=false
[PAXOS-TICK] phase=WaitingForPromises elapsed=2 timeout=15 ballot=2 promises=0 accepted=0
[PROB-INTERLEAVED-UNIFORM] spent=9 remaining=31 queue_len=5 delayed=Prepare { ballot: 2 }
[PAXOS-TICK] phase=WaitingForPromises elapsed=3 timeout=15 ballot=2 promises=0 accepted=0
[step=19] DELIVER from=1 to=1 type=Prepare { ballot: 2 } queue_len=4
[PAXOS-TICK] phase=WaitingForPromises elapsed=4 timeout=15 ballot=2 promises=0 accepted=0
[step=20] DELIVER from=1 to=2 type=Prepare { ballot: 2 } queue_len=4
[PAXOS-TICK] phase=WaitingForPromises elapsed=5 timeout=15 ballot=2 promises=0 accepted=0
[step=21] DELIVER from=1 to=4 type=Prepare { ballot: 2 } queue_len=4
[PAXOS-TICK] phase=WaitingForPromises elapsed=6 timeout=15 ballot=2 promises=0 accepted=0
[step=22] DELIVER from=1 to=5 type=Prepare { ballot: 2 } queue_len=4
[PAXOS-TICK] phase=WaitingForPromises elapsed=7 timeout=15 ballot=2 promises=0 accepted=0
[PROB-INTERLEAVED-UNIFORM] spent=10 remaining=30 queue_len=5 delayed=Promise { ballot: 2, accepted_ballot: None, accepted_value: None }
[PAXOS-TICK] phase=WaitingForPromises elapsed=8 timeout=15 ballot=2 promises=0 accepted=0
[step=24] DELIVER from=1 to=3 type=Prepare { ballot: 2 } queue_len=4
[PAXOS-TICK] phase=WaitingForPromises elapsed=9 timeout=15 ballot=2 promises=0 accepted=0
[step=25] DELIVER from=1 to=1 type=Promise { ballot: 2, accepted_ballot: None, accepted_value: None } queue_len=4
[PROMISE-TRACE] from=1 received_ballot=2 current_ballot=2 match=true
[PAXOS-TICK] phase=WaitingForPromises elapsed=10 timeout=15 ballot=2 promises=1 accepted=0
[PROB-INTERLEAVED-UNIFORM] spent=11 remaining=29 queue_len=4 delayed=Promise { ballot: 2, accepted_ballot: None, accepted_value: None }
[PAXOS-TICK] phase=WaitingForPromises elapsed=11 timeout=15 ballot=2 promises=1 accepted=0
[step=27] DELIVER from=4 to=1 type=Promise { ballot: 2, accepted_ballot: None, accepted_value: None } queue_len=3
[PROMISE-TRACE] from=4 received_ballot=2 current_ballot=2 match=true
[PAXOS-TICK] phase=WaitingForPromises elapsed=12 timeout=15 ballot=2 promises=2 accepted=0
[step=28] DELIVER from=5 to=1 type=Promise { ballot: 2, accepted_ballot: None, accepted_value: None } queue_len=2
[PROMISE-TRACE] from=5 received_ballot=2 current_ballot=2 match=true
[PAXOS-QUORUM-PROMISE] ballot=2 count=3 quorum=3 current=2
[PROB-INTERLEAVED-UNIFORM] spent=12 remaining=28 queue_len=7 delayed=AcceptRequest { ballot: 2, value: "v1" }
[PROB-INTERLEAVED-UNIFORM] spent=13 remaining=27 queue_len=7 delayed=Promise { ballot: 2, accepted_ballot: None, accepted_value: None }
[step=31] DELIVER from=3 to=1 type=Promise { ballot: 2, accepted_ballot: None, accepted_value: None } queue_len=6
[PROMISE-TRACE] from=3 received_ballot=2 current_ballot=2 match=true
[step=32] DELIVER from=1 to=2 type=AcceptRequest { ballot: 2, value: "v1" } queue_len=5
Broadcasting AcceptRequest(2, v1)
[PROB-INTERLEAVED-UNIFORM] spent=14 remaining=26 queue_len=6 delayed=AcceptRequest { ballot: 2, value: "v1" }
[step=34] DELIVER from=1 to=3 type=AcceptRequest { ballot: 2, value: "v1" } queue_len=5
Broadcasting AcceptRequest(2, v1)
[step=35] DELIVER from=1 to=4 type=AcceptRequest { ballot: 2, value: "v1" } queue_len=5
Broadcasting AcceptRequest(2, v1)
[step=36] DELIVER from=1 to=1 type=AcceptRequest { ballot: 2, value: "v1" } queue_len=5
Broadcasting AcceptRequest(2, v1)
[step=37] DELIVER from=2 to=1 type=Promise { ballot: 2, accepted_ballot: None, accepted_value: None } queue_len=5
[PROMISE-TRACE] from=2 received_ballot=2 current_ballot=2 match=true
[PROB-INTERLEAVED-UNIFORM] spent=15 remaining=25 queue_len=5 delayed=AcceptRequest { ballot: 2, value: "v1" }
[step=39] DELIVER from=2 to=1 type=Accepted { ballot: 2, value: "v1" } queue_len=4
[step=40] DELIVER from=3 to=1 type=Accepted { ballot: 2, value: "v1" } queue_len=3
[step=41] DELIVER from=4 to=1 type=Accepted { ballot: 2, value: "v1" } queue_len=2
[PAXOS-QUORUM-ACCEPTED] ballot=2 count=3 quorum=3 current=2
[step=42] DELIVER from=1 to=1 type=Accepted { ballot: 2, value: "v1" } queue_len=1
[PROB-INTERLEAVED-UNIFORM] spent=16 remaining=24 queue_len=1 delayed=AcceptRequest { ballot: 2, value: "v1" }
[PROB-INTERLEAVED-UNIFORM] spent=17 remaining=23 queue_len=1 delayed=AcceptRequest { ballot: 2, value: "v1" }
[step=45] DELIVER from=1 to=5 type=AcceptRequest { ballot: 2, value: "v1" } queue_len=0
Broadcasting AcceptRequest(2, v1)
[step=46] DELIVER from=5 to=1 type=Accepted { ballot: 2, value: "v1" } queue_len=0

=== Metrics ===
Messages Sent: 30
Messages Delivered: 30
Scheduler Steps: 48
Stale Messages Ignored: 0
Messages Sent Until Decision: 0
Undelivered Messages At Decision: 0
Timeout triggered: 1
View changes: 0
Decisions: 1
Prepare Messages: 10
Promise Messages: 10
Accept Requests: 5
Accepted Messages: 5
Raft Leader Elected: false
Raft Leader Id: None
Raft Election Count: 0
AppendEntries Messages: 0
AppendResponse Messages: 0
Heartbeat Successes: 0
Heartbeat Rejections: 0
Raft Config Changes: 0
Raft Config Acks: 0
Raft Config Activated: false
Nack Messages: 0
Paxos Retries: 1
Max Ballot Seen: 2
Reached Step Cap: false
Max Steps: 1000
Membership Changes: 0
Membership Acks: 0
Chosen Values: {"v1"}
Safety Violation: false
Paxos Retry Exhausted: false
Critical Messages Delayed: 0
Delayed Messages Released: 0
