
=== Run 1 ===
Nodes: 15
Quorum: 8
Simulation starting
[PROB-INTERLEAVED-UNIFORM] spent=1 remaining=2 queue_len=15 delayed=Prepare { ballot: 1 }
[PAXOS-TICK] phase=WaitingForPromises elapsed=0 timeout=60 ballot=1 promises=0 accepted=0
[step=1] DELIVER from=1 to=1 type=Prepare { ballot: 1 } queue_len=14
[PAXOS-TICK] phase=WaitingForPromises elapsed=1 timeout=60 ballot=1 promises=0 accepted=0
[step=2] DELIVER from=1 to=2 type=Prepare { ballot: 1 } queue_len=14
[PAXOS-TICK] phase=WaitingForPromises elapsed=2 timeout=60 ballot=1 promises=0 accepted=0
[step=3] DELIVER from=1 to=3 type=Prepare { ballot: 1 } queue_len=14
[PAXOS-TICK] phase=WaitingForPromises elapsed=3 timeout=60 ballot=1 promises=0 accepted=0
[step=4] DELIVER from=1 to=4 type=Prepare { ballot: 1 } queue_len=14
[PAXOS-TICK] phase=WaitingForPromises elapsed=4 timeout=60 ballot=1 promises=0 accepted=0
[step=5] DELIVER from=1 to=5 type=Prepare { ballot: 1 } queue_len=14
[PAXOS-TICK] phase=WaitingForPromises elapsed=5 timeout=60 ballot=1 promises=0 accepted=0
[step=6] DELIVER from=1 to=7 type=Prepare { ballot: 1 } queue_len=14
[PAXOS-TICK] phase=WaitingForPromises elapsed=6 timeout=60 ballot=1 promises=0 accepted=0
[step=7] DELIVER from=1 to=8 type=Prepare { ballot: 1 } queue_len=14
[PAXOS-TICK] phase=WaitingForPromises elapsed=7 timeout=60 ballot=1 promises=0 accepted=0
[step=8] DELIVER from=1 to=9 type=Prepare { ballot: 1 } queue_len=14
[PAXOS-TICK] phase=WaitingForPromises elapsed=8 timeout=60 ballot=1 promises=0 accepted=0
[step=9] DELIVER from=1 to=10 type=Prepare { ballot: 1 } queue_len=14
[PAXOS-TICK] phase=WaitingForPromises elapsed=9 timeout=60 ballot=1 promises=0 accepted=0
[step=10] DELIVER from=1 to=11 type=Prepare { ballot: 1 } queue_len=14
[PAXOS-TICK] phase=WaitingForPromises elapsed=10 timeout=60 ballot=1 promises=0 accepted=0
[step=11] DELIVER from=1 to=12 type=Prepare { ballot: 1 } queue_len=14
[PAXOS-TICK] phase=WaitingForPromises elapsed=11 timeout=60 ballot=1 promises=0 accepted=0
[PROB-INTERLEAVED-UNIFORM] spent=2 remaining=1 queue_len=15 delayed=Promise { ballot: 1, accepted_ballot: None, accepted_value: None }
[PAXOS-TICK] phase=WaitingForPromises elapsed=12 timeout=60 ballot=1 promises=0 accepted=0
[step=13] DELIVER from=1 to=13 type=Prepare { ballot: 1 } queue_len=14
[PAXOS-TICK] phase=WaitingForPromises elapsed=13 timeout=60 ballot=1 promises=0 accepted=0
[step=14] DELIVER from=1 to=14 type=Prepare { ballot: 1 } queue_len=14
[PAXOS-TICK] phase=WaitingForPromises elapsed=14 timeout=60 ballot=1 promises=0 accepted=0
[step=15] DELIVER from=1 to=15 type=Prepare { ballot: 1 } queue_len=14
[PAXOS-TICK] phase=WaitingForPromises elapsed=15 timeout=60 ballot=1 promises=0 accepted=0
[step=16] DELIVER from=1 to=6 type=Prepare { ballot: 1 } queue_len=14
[PAXOS-TICK] phase=WaitingForPromises elapsed=16 timeout=60 ballot=1 promises=0 accepted=0
[PROB-INTERLEAVED-UNIFORM] spent=3 remaining=0 queue_len=15 delayed=Promise { ballot: 1, accepted_ballot: None, accepted_value: None }
[PAXOS-TICK] phase=WaitingForPromises elapsed=17 timeout=60 ballot=1 promises=0 accepted=0
[step=18] DELIVER from=1 to=1 type=Promise { ballot: 1, accepted_ballot: None, accepted_value: None } queue_len=14
[PROMISE-TRACE] from=1 received_ballot=1 current_ballot=1 match=true
[PAXOS-TICK] phase=WaitingForPromises elapsed=18 timeout=60 ballot=1 promises=1 accepted=0
[step=19] DELIVER from=2 to=1 type=Promise { ballot: 1, accepted_ballot: None, accepted_value: None } queue_len=13
[PROMISE-TRACE] from=2 received_ballot=1 current_ballot=1 match=true
[PAXOS-TICK] phase=WaitingForPromises elapsed=19 timeout=60 ballot=1 promises=2 accepted=0
[step=20] DELIVER from=3 to=1 type=Promise { ballot: 1, accepted_ballot: None, accepted_value: None } queue_len=12
[PROMISE-TRACE] from=3 received_ballot=1 current_ballot=1 match=true
[PAXOS-TICK] phase=WaitingForPromises elapsed=20 timeout=60 ballot=1 promises=3 accepted=0
[step=21] DELIVER from=4 to=1 type=Promise { ballot: 1, accepted_ballot: None, accepted_value: None } queue_len=11
[PROMISE-TRACE] from=4 received_ballot=1 current_ballot=1 match=true
[PAXOS-TICK] phase=WaitingForPromises elapsed=21 timeout=60 ballot=1 promises=4 accepted=0
[step=22] DELIVER from=5 to=1 type=Promise { ballot: 1, accepted_ballot: None, accepted_value: None } queue_len=10
[PROMISE-TRACE] from=5 received_ballot=1 current_ballot=1 match=true
[PAXOS-TICK] phase=WaitingForPromises elapsed=22 timeout=60 ballot=1 promises=5 accepted=0
[step=23] DELIVER from=7 to=1 type=Promise { ballot: 1, accepted_ballot: None, accepted_value: None } queue_len=9
[PROMISE-TRACE] from=7 received_ballot=1 current_ballot=1 match=true
[PAXOS-TICK] phase=WaitingForPromises elapsed=23 timeout=60 ballot=1 promises=6 accepted=0
[step=24] DELIVER from=8 to=1 type=Promise { ballot: 1, accepted_ballot: None, accepted_value: None } queue_len=8
[PROMISE-TRACE] from=8 received_ballot=1 current_ballot=1 match=true
[PAXOS-TICK] phase=WaitingForPromises elapsed=24 timeout=60 ballot=1 promises=7 accepted=0
[step=25] DELIVER from=9 to=1 type=Promise { ballot: 1, accepted_ballot: None, accepted_value: None } queue_len=7
[PROMISE-TRACE] from=9 received_ballot=1 current_ballot=1 match=true
[PAXOS-QUORUM-PROMISE] ballot=1 count=8 quorum=8 current=1
[step=26] DELIVER from=12 to=1 type=Promise { ballot: 1, accepted_ballot: None, accepted_value: None } queue_len=21
[PROMISE-TRACE] from=12 received_ballot=1 current_ballot=1 match=true
[step=27] DELIVER from=10 to=1 type=Promise { ballot: 1, accepted_ballot: None, accepted_value: None } queue_len=20
[PROMISE-TRACE] from=10 received_ballot=1 current_ballot=1 match=true
[step=28] DELIVER from=13 to=1 type=Promise { ballot: 1, accepted_ballot: None, accepted_value: None } queue_len=19
[PROMISE-TRACE] from=13 received_ballot=1 current_ballot=1 match=true
[step=29] DELIVER from=14 to=1 type=Promise { ballot: 1, accepted_ballot: None, accepted_value: None } queue_len=18
[PROMISE-TRACE] from=14 received_ballot=1 current_ballot=1 match=true
[step=30] DELIVER from=15 to=1 type=Promise { ballot: 1, accepted_ballot: None, accepted_value: None } queue_len=17
[PROMISE-TRACE] from=15 received_ballot=1 current_ballot=1 match=true
[step=31] DELIVER from=6 to=1 type=Promise { ballot: 1, accepted_ballot: None, accepted_value: None } queue_len=16
[PROMISE-TRACE] from=6 received_ballot=1 current_ballot=1 match=true
[step=32] DELIVER from=11 to=1 type=Promise { ballot: 1, accepted_ballot: None, accepted_value: None } queue_len=15
[PROMISE-TRACE] from=11 received_ballot=1 current_ballot=1 match=true
[step=33] DELIVER from=1 to=1 type=AcceptRequest { ballot: 1, value: "v1" } queue_len=14
Broadcasting AcceptRequest(1, v1)
[step=34] DELIVER from=1 to=2 type=AcceptRequest { ballot: 1, value: "v1" } queue_len=14
Broadcasting AcceptRequest(1, v1)
[step=35] DELIVER from=1 to=3 type=AcceptRequest { ballot: 1, value: "v1" } queue_len=14
Broadcasting AcceptRequest(1, v1)
[step=36] DELIVER from=1 to=4 type=AcceptRequest { ballot: 1, value: "v1" } queue_len=14
Broadcasting AcceptRequest(1, v1)
[step=37] DELIVER from=1 to=5 type=AcceptRequest { ballot: 1, value: "v1" } queue_len=14
Broadcasting AcceptRequest(1, v1)
[step=38] DELIVER from=1 to=6 type=AcceptRequest { ballot: 1, value: "v1" } queue_len=14
Broadcasting AcceptRequest(1, v1)
[step=39] DELIVER from=1 to=7 type=AcceptRequest { ballot: 1, value: "v1" } queue_len=14
Broadcasting AcceptRequest(1, v1)
[step=40] DELIVER from=1 to=8 type=AcceptRequest { ballot: 1, value: "v1" } queue_len=14
Broadcasting AcceptRequest(1, v1)
[step=41] DELIVER from=1 to=9 type=AcceptRequest { ballot: 1, value: "v1" } queue_len=14
Broadcasting AcceptRequest(1, v1)
[step=42] DELIVER from=1 to=10 type=AcceptRequest { ballot: 1, value: "v1" } queue_len=14
Broadcasting AcceptRequest(1, v1)
[step=43] DELIVER from=1 to=11 type=AcceptRequest { ballot: 1, value: "v1" } queue_len=14
Broadcasting AcceptRequest(1, v1)
[step=44] DELIVER from=1 to=12 type=AcceptRequest { ballot: 1, value: "v1" } queue_len=14
Broadcasting AcceptRequest(1, v1)
[step=45] DELIVER from=1 to=13 type=AcceptRequest { ballot: 1, value: "v1" } queue_len=14
Broadcasting AcceptRequest(1, v1)
[step=46] DELIVER from=1 to=14 type=AcceptRequest { ballot: 1, value: "v1" } queue_len=14
Broadcasting AcceptRequest(1, v1)
[step=47] DELIVER from=1 to=15 type=AcceptRequest { ballot: 1, value: "v1" } queue_len=14
Broadcasting AcceptRequest(1, v1)
[step=48] DELIVER from=1 to=1 type=Accepted { ballot: 1, value: "v1" } queue_len=14
[step=49] DELIVER from=2 to=1 type=Accepted { ballot: 1, value: "v1" } queue_len=13
[step=50] DELIVER from=3 to=1 type=Accepted { ballot: 1, value: "v1" } queue_len=12
[step=51] DELIVER from=4 to=1 type=Accepted { ballot: 1, value: "v1" } queue_len=11
[step=52] DELIVER from=5 to=1 type=Accepted { ballot: 1, value: "v1" } queue_len=10
[step=53] DELIVER from=6 to=1 type=Accepted { ballot: 1, value: "v1" } queue_len=9
[step=54] DELIVER from=7 to=1 type=Accepted { ballot: 1, value: "v1" } queue_len=8
[step=55] DELIVER from=8 to=1 type=Accepted { ballot: 1, value: "v1" } queue_len=7
[PAXOS-QUORUM-ACCEPTED] ballot=1 count=8 quorum=8 current=1
[step=56] DELIVER from=9 to=1 type=Accepted { ballot: 1, value: "v1" } queue_len=6
[step=57] DELIVER from=10 to=1 type=Accepted { ballot: 1, value: "v1" } queue_len=5
[step=58] DELIVER from=11 to=1 type=Accepted { ballot: 1, value: "v1" } queue_len=4
[step=59] DELIVER from=12 to=1 type=Accepted { ballot: 1, value: "v1" } queue_len=3
[step=60] DELIVER from=13 to=1 type=Accepted { ballot: 1, value: "v1" } queue_len=2
[step=61] DELIVER from=14 to=1 type=Accepted { ballot: 1, value: "v1" } queue_len=1
[step=62] DELIVER from=15 to=1 type=Accepted { ballot: 1, value: "v1" } queue_len=0

=== Metrics ===
Messages Sent: 60
Messages Delivered: 60
Scheduler Steps: 64
Stale Messages Ignored: 0
Messages Sent Until Decision: 0
Undelivered Messages At Decision: 0
Timeout triggered: 0
View changes: 0
Decisions: 1
Prepare Messages: 15
Promise Messages: 15
Accept Requests: 15
Accepted Messages: 15
Raft Leader Elected: false
Raft Leader Id: None
Raft Election Count: 0
AppendEntries Messages: 0
AppendResponse Messages: 0
Heartbeat Successes: 0
Heartbeat Rejections: 0
Raft Config Changes: 0
Raft Config Acks: 0
Raft Config Activated: false
Nack Messages: 0
Paxos Retries: 0
Max Ballot Seen: 0
Reached Step Cap: false
Max Steps: 5000
Membership Changes: 0
Membership Acks: 0
Chosen Values: {"v1"}
Safety Violation: false
Paxos Retry Exhausted: false
Critical Messages Delayed: 0
Delayed Messages Released: 0
