
=== Run 1 ===
Nodes: 5
Quorum: 3
Simulation starting
[step=0] DELIVER from=1 to=1 type=Prepare { ballot: 1 } queue_len=4
[PAXOS-TICK] phase=WaitingForPromises elapsed=0 timeout=15 ballot=1 promises=0 accepted=0
[PROB-INTERLEAVED-UNIFORM] spent=1 remaining=5 queue_len=5 delayed=Prepare { ballot: 1 }
[PAXOS-TICK] phase=WaitingForPromises elapsed=1 timeout=15 ballot=1 promises=0 accepted=0
[step=2] DELIVER from=1 to=2 type=Prepare { ballot: 1 } queue_len=4
[PAXOS-TICK] phase=WaitingForPromises elapsed=2 timeout=15 ballot=1 promises=0 accepted=0
[PROB-INTERLEAVED-UNIFORM] spent=2 remaining=4 queue_len=5 delayed=Prepare { ballot: 1 }
[PAXOS-TICK] phase=WaitingForPromises elapsed=3 timeout=15 ballot=1 promises=0 accepted=0
[step=4] DELIVER from=1 to=3 type=Prepare { ballot: 1 } queue_len=4
[PAXOS-TICK] phase=WaitingForPromises elapsed=4 timeout=15 ballot=1 promises=0 accepted=0
[PROB-INTERLEAVED-UNIFORM] spent=3 remaining=3 queue_len=5 delayed=Promise { ballot: 1, accepted_ballot: None, accepted_value: None }
[PAXOS-TICK] phase=WaitingForPromises elapsed=5 timeout=15 ballot=1 promises=0 accepted=0
[step=6] DELIVER from=1 to=4 type=Prepare { ballot: 1 } queue_len=4
[PAXOS-TICK] phase=WaitingForPromises elapsed=6 timeout=15 ballot=1 promises=0 accepted=0
[step=7] DELIVER from=2 to=1 type=Promise { ballot: 1, accepted_ballot: None, accepted_value: None } queue_len=4
[PROMISE-TRACE] from=2 received_ballot=1 current_ballot=1 match=true
[PAXOS-TICK] phase=WaitingForPromises elapsed=7 timeout=15 ballot=1 promises=1 accepted=0
[step=8] DELIVER from=1 to=5 type=Prepare { ballot: 1 } queue_len=3
[PAXOS-TICK] phase=WaitingForPromises elapsed=8 timeout=15 ballot=1 promises=1 accepted=0
[PROB-INTERLEAVED-UNIFORM] spent=4 remaining=2 queue_len=4 delayed=Promise { ballot: 1, accepted_ballot: None, accepted_value: None }
[PAXOS-TICK] phase=WaitingForPromises elapsed=9 timeout=15 ballot=1 promises=1 accepted=0
[PROB-INTERLEAVED-UNIFORM] spent=5 remaining=1 queue_len=4 delayed=Promise { ballot: 1, accepted_ballot: None, accepted_value: None }
[PAXOS-TICK] phase=WaitingForPromises elapsed=10 timeout=15 ballot=1 promises=1 accepted=0
[step=11] DELIVER from=3 to=1 type=Promise { ballot: 1, accepted_ballot: None, accepted_value: None } queue_len=3
[PROMISE-TRACE] from=3 received_ballot=1 current_ballot=1 match=true
[PAXOS-TICK] phase=WaitingForPromises elapsed=11 timeout=15 ballot=1 promises=2 accepted=0
[step=12] DELIVER from=4 to=1 type=Promise { ballot: 1, accepted_ballot: None, accepted_value: None } queue_len=2
[PROMISE-TRACE] from=4 received_ballot=1 current_ballot=1 match=true
[PAXOS-QUORUM-PROMISE] ballot=1 count=3 quorum=3 current=1
[step=13] DELIVER from=5 to=1 type=Promise { ballot: 1, accepted_ballot: None, accepted_value: None } queue_len=6
[PROMISE-TRACE] from=5 received_ballot=1 current_ballot=1 match=true
[PROB-INTERLEAVED-UNIFORM] spent=6 remaining=0 queue_len=6 delayed=AcceptRequest { ballot: 1, value: "v1" }
[step=15] DELIVER from=1 to=1 type=Promise { ballot: 1, accepted_ballot: None, accepted_value: None } queue_len=5
[PROMISE-TRACE] from=1 received_ballot=1 current_ballot=1 match=true
[step=16] DELIVER from=1 to=1 type=AcceptRequest { ballot: 1, value: "v1" } queue_len=4
Broadcasting AcceptRequest(1, v1)
[step=17] DELIVER from=1 to=2 type=AcceptRequest { ballot: 1, value: "v1" } queue_len=4
Broadcasting AcceptRequest(1, v1)
[step=18] DELIVER from=1 to=3 type=AcceptRequest { ballot: 1, value: "v1" } queue_len=4
Broadcasting AcceptRequest(1, v1)
[step=19] DELIVER from=1 to=4 type=AcceptRequest { ballot: 1, value: "v1" } queue_len=4
Broadcasting AcceptRequest(1, v1)
[step=20] DELIVER from=1 to=5 type=AcceptRequest { ballot: 1, value: "v1" } queue_len=4
Broadcasting AcceptRequest(1, v1)
[step=21] DELIVER from=1 to=1 type=Accepted { ballot: 1, value: "v1" } queue_len=4
[step=22] DELIVER from=2 to=1 type=Accepted { ballot: 1, value: "v1" } queue_len=3
[step=23] DELIVER from=3 to=1 type=Accepted { ballot: 1, value: "v1" } queue_len=2
[PAXOS-QUORUM-ACCEPTED] ballot=1 count=3 quorum=3 current=1
[step=24] DELIVER from=4 to=1 type=Accepted { ballot: 1, value: "v1" } queue_len=1
[step=25] DELIVER from=5 to=1 type=Accepted { ballot: 1, value: "v1" } queue_len=0

=== Metrics ===
Messages Sent: 20
Messages Delivered: 20
Scheduler Steps: 27
Stale Messages Ignored: 0
Messages Sent Until Decision: 0
Undelivered Messages At Decision: 0
Timeout triggered: 0
View changes: 0
Decisions: 1
Prepare Messages: 5
Promise Messages: 5
Accept Requests: 5
Accepted Messages: 5
Raft Leader Elected: false
Raft Leader Id: None
Raft Election Count: 0
AppendEntries Messages: 0
AppendResponse Messages: 0
Heartbeat Successes: 0
Heartbeat Rejections: 0
Raft Config Changes: 0
Raft Config Acks: 0
Raft Config Activated: false
Nack Messages: 0
Paxos Retries: 0
Max Ballot Seen: 0
Reached Step Cap: false
Max Steps: 1000
Membership Changes: 0
Membership Acks: 0
Chosen Values: {"v1"}
Safety Violation: false
Paxos Retry Exhausted: false
Critical Messages Delayed: 0
Delayed Messages Released: 0
