
=== Run 1 ===
Nodes: 9
Quorum: 5
Simulation starting
[PROB-INTERLEAVED-UNIFORM] spent=1 remaining=9 queue_len=9 delayed=Prepare { ballot: 1 }
[PAXOS-TICK] phase=WaitingForPromises elapsed=0 timeout=15 ballot=1 promises=0 accepted=0
[PROB-INTERLEAVED-UNIFORM] spent=2 remaining=8 queue_len=9 delayed=Prepare { ballot: 1 }
[PAXOS-TICK] phase=WaitingForPromises elapsed=1 timeout=15 ballot=1 promises=0 accepted=0
[PROB-INTERLEAVED-UNIFORM] spent=3 remaining=7 queue_len=9 delayed=Prepare { ballot: 1 }
[PAXOS-TICK] phase=WaitingForPromises elapsed=2 timeout=15 ballot=1 promises=0 accepted=0
[PROB-INTERLEAVED-UNIFORM] spent=4 remaining=6 queue_len=9 delayed=Prepare { ballot: 1 }
[PAXOS-TICK] phase=WaitingForPromises elapsed=3 timeout=15 ballot=1 promises=0 accepted=0
[step=4] DELIVER from=1 to=3 type=Prepare { ballot: 1 } queue_len=8
[PAXOS-TICK] phase=WaitingForPromises elapsed=4 timeout=15 ballot=1 promises=0 accepted=0
[step=5] DELIVER from=1 to=4 type=Prepare { ballot: 1 } queue_len=8
[PAXOS-TICK] phase=WaitingForPromises elapsed=5 timeout=15 ballot=1 promises=0 accepted=0
[PROB-INTERLEAVED-UNIFORM] spent=5 remaining=5 queue_len=9 delayed=Prepare { ballot: 1 }
[PAXOS-TICK] phase=WaitingForPromises elapsed=6 timeout=15 ballot=1 promises=0 accepted=0
[step=7] DELIVER from=1 to=6 type=Prepare { ballot: 1 } queue_len=8
[PAXOS-TICK] phase=WaitingForPromises elapsed=7 timeout=15 ballot=1 promises=0 accepted=0
[PROB-INTERLEAVED-UNIFORM] spent=6 remaining=4 queue_len=9 delayed=Promise { ballot: 1, accepted_ballot: None, accepted_value: None }
[PAXOS-TICK] phase=WaitingForPromises elapsed=8 timeout=15 ballot=1 promises=0 accepted=0
[PROB-INTERLEAVED-UNIFORM] spent=7 remaining=3 queue_len=9 delayed=Promise { ballot: 1, accepted_ballot: None, accepted_value: None }
[PAXOS-TICK] phase=WaitingForPromises elapsed=9 timeout=15 ballot=1 promises=0 accepted=0
[PROB-INTERLEAVED-UNIFORM] spent=8 remaining=2 queue_len=9 delayed=Promise { ballot: 1, accepted_ballot: None, accepted_value: None }
[PAXOS-TICK] phase=WaitingForPromises elapsed=10 timeout=15 ballot=1 promises=0 accepted=0
[step=11] DELIVER from=1 to=7 type=Prepare { ballot: 1 } queue_len=8
[PAXOS-TICK] phase=WaitingForPromises elapsed=11 timeout=15 ballot=1 promises=0 accepted=0
[PROB-INTERLEAVED-UNIFORM] spent=9 remaining=1 queue_len=9 delayed=Promise { ballot: 1, accepted_ballot: None, accepted_value: None }
[PAXOS-TICK] phase=WaitingForPromises elapsed=12 timeout=15 ballot=1 promises=0 accepted=0
[step=13] DELIVER from=1 to=8 type=Prepare { ballot: 1 } queue_len=8
[PAXOS-TICK] phase=WaitingForPromises elapsed=13 timeout=15 ballot=1 promises=0 accepted=0
[PROB-INTERLEAVED-UNIFORM] spent=10 remaining=0 queue_len=9 delayed=Promise { ballot: 1, accepted_ballot: None, accepted_value: None }
[PAXOS-TICK] phase=WaitingForPromises elapsed=14 timeout=15 ballot=1 promises=0 accepted=0
[TIMEOUT-CAUSE] phase=WaitingForPromises ballot=1 promises=0 accepted=0 quorum=5
[step=15] DELIVER from=1 to=2 type=Prepare { ballot: 1 } queue_len=17
[PAXOS-TICK] phase=WaitingForPromises elapsed=0 timeout=15 ballot=2 promises=0 accepted=0
[step=16] DELIVER from=1 to=1 type=Prepare { ballot: 1 } queue_len=17
[PAXOS-TICK] phase=WaitingForPromises elapsed=1 timeout=15 ballot=2 promises=0 accepted=0
[step=17] DELIVER from=1 to=5 type=Prepare { ballot: 1 } queue_len=17
[PAXOS-TICK] phase=WaitingForPromises elapsed=2 timeout=15 ballot=2 promises=0 accepted=0
[step=18] DELIVER from=1 to=9 type=Prepare { ballot: 1 } queue_len=17
[PAXOS-TICK] phase=WaitingForPromises elapsed=3 timeout=15 ballot=2 promises=0 accepted=0
[step=19] DELIVER from=6 to=1 type=Promise { ballot: 1, accepted_ballot: None, accepted_value: None } queue_len=17
[PROMISE-TRACE] from=6 received_ballot=1 current_ballot=2 match=false
[PAXOS-TICK] phase=WaitingForPromises elapsed=4 timeout=15 ballot=2 promises=0 accepted=0
[step=20] DELIVER from=4 to=1 type=Promise { ballot: 1, accepted_ballot: None, accepted_value: None } queue_len=16
[PROMISE-TRACE] from=4 received_ballot=1 current_ballot=2 match=false
[PAXOS-TICK] phase=WaitingForPromises elapsed=5 timeout=15 ballot=2 promises=0 accepted=0
[step=21] DELIVER from=3 to=1 type=Promise { ballot: 1, accepted_ballot: None, accepted_value: None } queue_len=15
[PROMISE-TRACE] from=3 received_ballot=1 current_ballot=2 match=false
[PAXOS-TICK] phase=WaitingForPromises elapsed=6 timeout=15 ballot=2 promises=0 accepted=0
[step=22] DELIVER from=8 to=1 type=Promise { ballot: 1, accepted_ballot: None, accepted_value: None } queue_len=14
[PROMISE-TRACE] from=8 received_ballot=1 current_ballot=2 match=false
[PAXOS-TICK] phase=WaitingForPromises elapsed=7 timeout=15 ballot=2 promises=0 accepted=0
[step=23] DELIVER from=7 to=1 type=Promise { ballot: 1, accepted_ballot: None, accepted_value: None } queue_len=13
[PROMISE-TRACE] from=7 received_ballot=1 current_ballot=2 match=false
[PAXOS-TICK] phase=WaitingForPromises elapsed=8 timeout=15 ballot=2 promises=0 accepted=0
[step=24] DELIVER from=1 to=1 type=Prepare { ballot: 2 } queue_len=12
[PAXOS-TICK] phase=WaitingForPromises elapsed=9 timeout=15 ballot=2 promises=0 accepted=0
[step=25] DELIVER from=1 to=2 type=Prepare { ballot: 2 } queue_len=12
[PAXOS-TICK] phase=WaitingForPromises elapsed=10 timeout=15 ballot=2 promises=0 accepted=0
[step=26] DELIVER from=1 to=3 type=Prepare { ballot: 2 } queue_len=12
[PAXOS-TICK] phase=WaitingForPromises elapsed=11 timeout=15 ballot=2 promises=0 accepted=0
[step=27] DELIVER from=1 to=4 type=Prepare { ballot: 2 } queue_len=12
[PAXOS-TICK] phase=WaitingForPromises elapsed=12 timeout=15 ballot=2 promises=0 accepted=0
[step=28] DELIVER from=1 to=5 type=Prepare { ballot: 2 } queue_len=12
[PAXOS-TICK] phase=WaitingForPromises elapsed=13 timeout=15 ballot=2 promises=0 accepted=0
[step=29] DELIVER from=1 to=6 type=Prepare { ballot: 2 } queue_len=12
[PAXOS-TICK] phase=WaitingForPromises elapsed=14 timeout=15 ballot=2 promises=0 accepted=0
[TIMEOUT-CAUSE] phase=WaitingForPromises ballot=2 promises=0 accepted=0 quorum=5
[step=30] DELIVER from=1 to=7 type=Prepare { ballot: 2 } queue_len=21
[PAXOS-TICK] phase=WaitingForPromises elapsed=0 timeout=15 ballot=3 promises=0 accepted=0
[step=31] DELIVER from=1 to=8 type=Prepare { ballot: 2 } queue_len=21
[PAXOS-TICK] phase=WaitingForPromises elapsed=1 timeout=15 ballot=3 promises=0 accepted=0
[step=32] DELIVER from=1 to=9 type=Prepare { ballot: 2 } queue_len=21
[PAXOS-TICK] phase=WaitingForPromises elapsed=2 timeout=15 ballot=3 promises=0 accepted=0
[step=33] DELIVER from=2 to=1 type=Promise { ballot: 1, accepted_ballot: None, accepted_value: None } queue_len=21
[PROMISE-TRACE] from=2 received_ballot=1 current_ballot=3 match=false
[PAXOS-TICK] phase=WaitingForPromises elapsed=3 timeout=15 ballot=3 promises=0 accepted=0
[step=34] DELIVER from=1 to=1 type=Promise { ballot: 1, accepted_ballot: None, accepted_value: None } queue_len=20
[PROMISE-TRACE] from=1 received_ballot=1 current_ballot=3 match=false
[PAXOS-TICK] phase=WaitingForPromises elapsed=4 timeout=15 ballot=3 promises=0 accepted=0
[step=35] DELIVER from=5 to=1 type=Promise { ballot: 1, accepted_ballot: None, accepted_value: None } queue_len=19
[PROMISE-TRACE] from=5 received_ballot=1 current_ballot=3 match=false
[PAXOS-TICK] phase=WaitingForPromises elapsed=5 timeout=15 ballot=3 promises=0 accepted=0
[step=36] DELIVER from=9 to=1 type=Promise { ballot: 1, accepted_ballot: None, accepted_value: None } queue_len=18
[PROMISE-TRACE] from=9 received_ballot=1 current_ballot=3 match=false
[PAXOS-TICK] phase=WaitingForPromises elapsed=6 timeout=15 ballot=3 promises=0 accepted=0
[step=37] DELIVER from=1 to=1 type=Promise { ballot: 2, accepted_ballot: None, accepted_value: None } queue_len=17
[PROMISE-TRACE] from=1 received_ballot=2 current_ballot=3 match=false
[PAXOS-TICK] phase=WaitingForPromises elapsed=7 timeout=15 ballot=3 promises=0 accepted=0
[step=38] DELIVER from=2 to=1 type=Promise { ballot: 2, accepted_ballot: None, accepted_value: None } queue_len=16
[PROMISE-TRACE] from=2 received_ballot=2 current_ballot=3 match=false
[PAXOS-TICK] phase=WaitingForPromises elapsed=8 timeout=15 ballot=3 promises=0 accepted=0
[step=39] DELIVER from=3 to=1 type=Promise { ballot: 2, accepted_ballot: None, accepted_value: None } queue_len=15
[PROMISE-TRACE] from=3 received_ballot=2 current_ballot=3 match=false
[PAXOS-TICK] phase=WaitingForPromises elapsed=9 timeout=15 ballot=3 promises=0 accepted=0
[step=40] DELIVER from=4 to=1 type=Promise { ballot: 2, accepted_ballot: None, accepted_value: None } queue_len=14
[PROMISE-TRACE] from=4 received_ballot=2 current_ballot=3 match=false
[PAXOS-TICK] phase=WaitingForPromises elapsed=10 timeout=15 ballot=3 promises=0 accepted=0
[step=41] DELIVER from=5 to=1 type=Promise { ballot: 2, accepted_ballot: None, accepted_value: None } queue_len=13
[PROMISE-TRACE] from=5 received_ballot=2 current_ballot=3 match=false
[PAXOS-TICK] phase=WaitingForPromises elapsed=11 timeout=15 ballot=3 promises=0 accepted=0
[step=42] DELIVER from=6 to=1 type=Promise { ballot: 2, accepted_ballot: None, accepted_value: None } queue_len=12
[PROMISE-TRACE] from=6 received_ballot=2 current_ballot=3 match=false
[PAXOS-TICK] phase=WaitingForPromises elapsed=12 timeout=15 ballot=3 promises=0 accepted=0
[step=43] DELIVER from=1 to=1 type=Prepare { ballot: 3 } queue_len=11
[PAXOS-TICK] phase=WaitingForPromises elapsed=13 timeout=15 ballot=3 promises=0 accepted=0
[step=44] DELIVER from=1 to=2 type=Prepare { ballot: 3 } queue_len=11
[PAXOS-TICK] phase=WaitingForPromises elapsed=14 timeout=15 ballot=3 promises=0 accepted=0
[TIMEOUT-CAUSE] phase=WaitingForPromises ballot=3 promises=0 accepted=0 quorum=5
[step=45] DELIVER from=1 to=3 type=Prepare { ballot: 3 } queue_len=20
[PAXOS-TICK] phase=WaitingForPromises elapsed=0 timeout=15 ballot=4 promises=0 accepted=0
[step=46] DELIVER from=1 to=4 type=Prepare { ballot: 3 } queue_len=20
[PAXOS-TICK] phase=WaitingForPromises elapsed=1 timeout=15 ballot=4 promises=0 accepted=0
[step=47] DELIVER from=1 to=5 type=Prepare { ballot: 3 } queue_len=20
[PAXOS-TICK] phase=WaitingForPromises elapsed=2 timeout=15 ballot=4 promises=0 accepted=0
[step=48] DELIVER from=1 to=6 type=Prepare { ballot: 3 } queue_len=20
[PAXOS-TICK] phase=WaitingForPromises elapsed=3 timeout=15 ballot=4 promises=0 accepted=0
[step=49] DELIVER from=1 to=7 type=Prepare { ballot: 3 } queue_len=20
[PAXOS-TICK] phase=WaitingForPromises elapsed=4 timeout=15 ballot=4 promises=0 accepted=0
[step=50] DELIVER from=1 to=8 type=Prepare { ballot: 3 } queue_len=20
[PAXOS-TICK] phase=WaitingForPromises elapsed=5 timeout=15 ballot=4 promises=0 accepted=0
[step=51] DELIVER from=1 to=9 type=Prepare { ballot: 3 } queue_len=20
[PAXOS-TICK] phase=WaitingForPromises elapsed=6 timeout=15 ballot=4 promises=0 accepted=0
[step=52] DELIVER from=7 to=1 type=Promise { ballot: 2, accepted_ballot: None, accepted_value: None } queue_len=20
[PROMISE-TRACE] from=7 received_ballot=2 current_ballot=4 match=false
[PAXOS-TICK] phase=WaitingForPromises elapsed=7 timeout=15 ballot=4 promises=0 accepted=0
[step=53] DELIVER from=8 to=1 type=Promise { ballot: 2, accepted_ballot: None, accepted_value: None } queue_len=19
[PROMISE-TRACE] from=8 received_ballot=2 current_ballot=4 match=false
[PAXOS-TICK] phase=WaitingForPromises elapsed=8 timeout=15 ballot=4 promises=0 accepted=0
[step=54] DELIVER from=9 to=1 type=Promise { ballot: 2, accepted_ballot: None, accepted_value: None } queue_len=18
[PROMISE-TRACE] from=9 received_ballot=2 current_ballot=4 match=false
[PAXOS-TICK] phase=WaitingForPromises elapsed=9 timeout=15 ballot=4 promises=0 accepted=0
[step=55] DELIVER from=1 to=1 type=Promise { ballot: 3, accepted_ballot: None, accepted_value: None } queue_len=17
[PROMISE-TRACE] from=1 received_ballot=3 current_ballot=4 match=false
[PAXOS-TICK] phase=WaitingForPromises elapsed=10 timeout=15 ballot=4 promises=0 accepted=0
[step=56] DELIVER from=2 to=1 type=Promise { ballot: 3, accepted_ballot: None, accepted_value: None } queue_len=16
[PROMISE-TRACE] from=2 received_ballot=3 current_ballot=4 match=false
[PAXOS-TICK] phase=WaitingForPromises elapsed=11 timeout=15 ballot=4 promises=0 accepted=0
[step=57] DELIVER from=1 to=1 type=Prepare { ballot: 4 } queue_len=15
[PAXOS-TICK] phase=WaitingForPromises elapsed=12 timeout=15 ballot=4 promises=0 accepted=0
[step=58] DELIVER from=1 to=2 type=Prepare { ballot: 4 } queue_len=15
[PAXOS-TICK] phase=WaitingForPromises elapsed=13 timeout=15 ballot=4 promises=0 accepted=0
[step=59] DELIVER from=1 to=3 type=Prepare { ballot: 4 } queue_len=15
[PAXOS-TICK] phase=WaitingForPromises elapsed=14 timeout=15 ballot=4 promises=0 accepted=0
[TIMEOUT-CAUSE] phase=WaitingForPromises ballot=4 promises=0 accepted=0 quorum=5
[step=60] DELIVER from=1 to=4 type=Prepare { ballot: 4 } queue_len=24
[PAXOS-TICK] phase=WaitingForPromises elapsed=0 timeout=15 ballot=5 promises=0 accepted=0
[step=61] DELIVER from=1 to=5 type=Prepare { ballot: 4 } queue_len=24
[PAXOS-TICK] phase=WaitingForPromises elapsed=1 timeout=15 ballot=5 promises=0 accepted=0
[step=62] DELIVER from=1 to=6 type=Prepare { ballot: 4 } queue_len=24
[PAXOS-TICK] phase=WaitingForPromises elapsed=2 timeout=15 ballot=5 promises=0 accepted=0
[step=63] DELIVER from=1 to=7 type=Prepare { ballot: 4 } queue_len=24
[PAXOS-TICK] phase=WaitingForPromises elapsed=3 timeout=15 ballot=5 promises=0 accepted=0
[step=64] DELIVER from=1 to=8 type=Prepare { ballot: 4 } queue_len=24
[PAXOS-TICK] phase=WaitingForPromises elapsed=4 timeout=15 ballot=5 promises=0 accepted=0
[step=65] DELIVER from=1 to=9 type=Prepare { ballot: 4 } queue_len=24
[PAXOS-TICK] phase=WaitingForPromises elapsed=5 timeout=15 ballot=5 promises=0 accepted=0
[step=66] DELIVER from=3 to=1 type=Promise { ballot: 3, accepted_ballot: None, accepted_value: None } queue_len=24
[PROMISE-TRACE] from=3 received_ballot=3 current_ballot=5 match=false
[PAXOS-TICK] phase=WaitingForPromises elapsed=6 timeout=15 ballot=5 promises=0 accepted=0
[step=67] DELIVER from=4 to=1 type=Promise { ballot: 3, accepted_ballot: None, accepted_value: None } queue_len=23
[PROMISE-TRACE] from=4 received_ballot=3 current_ballot=5 match=false
[PAXOS-TICK] phase=WaitingForPromises elapsed=7 timeout=15 ballot=5 promises=0 accepted=0
[step=68] DELIVER from=5 to=1 type=Promise { ballot: 3, accepted_ballot: None, accepted_value: None } queue_len=22
[PROMISE-TRACE] from=5 received_ballot=3 current_ballot=5 match=false
[PAXOS-TICK] phase=WaitingForPromises elapsed=8 timeout=15 ballot=5 promises=0 accepted=0
[step=69] DELIVER from=6 to=1 type=Promise { ballot: 3, accepted_ballot: None, accepted_value: None } queue_len=21
[PROMISE-TRACE] from=6 received_ballot=3 current_ballot=5 match=false
[PAXOS-TICK] phase=WaitingForPromises elapsed=9 timeout=15 ballot=5 promises=0 accepted=0
[step=70] DELIVER from=7 to=1 type=Promise { ballot: 3, accepted_ballot: None, accepted_value: None } queue_len=20
[PROMISE-TRACE] from=7 received_ballot=3 current_ballot=5 match=false
[PAXOS-TICK] phase=WaitingForPromises elapsed=10 timeout=15 ballot=5 promises=0 accepted=0
[step=71] DELIVER from=8 to=1 type=Promise { ballot: 3, accepted_ballot: None, accepted_value: None } queue_len=19
[PROMISE-TRACE] from=8 received_ballot=3 current_ballot=5 match=false
[PAXOS-TICK] phase=WaitingForPromises elapsed=11 timeout=15 ballot=5 promises=0 accepted=0
[step=72] DELIVER from=9 to=1 type=Promise { ballot: 3, accepted_ballot: None, accepted_value: None } queue_len=18
[PROMISE-TRACE] from=9 received_ballot=3 current_ballot=5 match=false
[PAXOS-TICK] phase=WaitingForPromises elapsed=12 timeout=15 ballot=5 promises=0 accepted=0
[step=73] DELIVER from=1 to=1 type=Promise { ballot: 4, accepted_ballot: None, accepted_value: None } queue_len=17
[PROMISE-TRACE] from=1 received_ballot=4 current_ballot=5 match=false
[PAXOS-TICK] phase=WaitingForPromises elapsed=13 timeout=15 ballot=5 promises=0 accepted=0
[step=74] DELIVER from=2 to=1 type=Promise { ballot: 4, accepted_ballot: None, accepted_value: None } queue_len=16
[PROMISE-TRACE] from=2 received_ballot=4 current_ballot=5 match=false
[PAXOS-TICK] phase=WaitingForPromises elapsed=14 timeout=15 ballot=5 promises=0 accepted=0
[TIMEOUT-CAUSE] phase=WaitingForPromises ballot=5 promises=0 accepted=0 quorum=5
[step=75] DELIVER from=3 to=1 type=Promise { ballot: 4, accepted_ballot: None, accepted_value: None } queue_len=24
[PROMISE-TRACE] from=3 received_ballot=4 current_ballot=6 match=false
[PAXOS-TICK] phase=WaitingForPromises elapsed=0 timeout=15 ballot=6 promises=0 accepted=0
[step=76] DELIVER from=1 to=1 type=Prepare { ballot: 5 } queue_len=23
[PAXOS-TICK] phase=WaitingForPromises elapsed=1 timeout=15 ballot=6 promises=0 accepted=0
[step=77] DELIVER from=1 to=2 type=Prepare { ballot: 5 } queue_len=23
[PAXOS-TICK] phase=WaitingForPromises elapsed=2 timeout=15 ballot=6 promises=0 accepted=0
[step=78] DELIVER from=1 to=3 type=Prepare { ballot: 5 } queue_len=23
[PAXOS-TICK] phase=WaitingForPromises elapsed=3 timeout=15 ballot=6 promises=0 accepted=0
[step=79] DELIVER from=1 to=4 type=Prepare { ballot: 5 } queue_len=23
[PAXOS-TICK] phase=WaitingForPromises elapsed=4 timeout=15 ballot=6 promises=0 accepted=0
[step=80] DELIVER from=1 to=5 type=Prepare { ballot: 5 } queue_len=23
[PAXOS-TICK] phase=WaitingForPromises elapsed=5 timeout=15 ballot=6 promises=0 accepted=0
[step=81] DELIVER from=1 to=6 type=Prepare { ballot: 5 } queue_len=23
[PAXOS-TICK] phase=WaitingForPromises elapsed=6 timeout=15 ballot=6 promises=0 accepted=0
[step=82] DELIVER from=1 to=7 type=Prepare { ballot: 5 } queue_len=23
[PAXOS-TICK] phase=WaitingForPromises elapsed=7 timeout=15 ballot=6 promises=0 accepted=0
[step=83] DELIVER from=1 to=8 type=Prepare { ballot: 5 } queue_len=23
[PAXOS-TICK] phase=WaitingForPromises elapsed=8 timeout=15 ballot=6 promises=0 accepted=0
[step=84] DELIVER from=1 to=9 type=Prepare { ballot: 5 } queue_len=23
[PAXOS-TICK] phase=WaitingForPromises elapsed=9 timeout=15 ballot=6 promises=0 accepted=0
[step=85] DELIVER from=4 to=1 type=Promise { ballot: 4, accepted_ballot: None, accepted_value: None } queue_len=23
[PROMISE-TRACE] from=4 received_ballot=4 current_ballot=6 match=false
[PAXOS-TICK] phase=WaitingForPromises elapsed=10 timeout=15 ballot=6 promises=0 accepted=0
[step=86] DELIVER from=5 to=1 type=Promise { ballot: 4, accepted_ballot: None, accepted_value: None } queue_len=22
[PROMISE-TRACE] from=5 received_ballot=4 current_ballot=6 match=false
[PAXOS-TICK] phase=WaitingForPromises elapsed=11 timeout=15 ballot=6 promises=0 accepted=0
[step=87] DELIVER from=6 to=1 type=Promise { ballot: 4, accepted_ballot: None, accepted_value: None } queue_len=21
[PROMISE-TRACE] from=6 received_ballot=4 current_ballot=6 match=false
[PAXOS-TICK] phase=WaitingForPromises elapsed=12 timeout=15 ballot=6 promises=0 accepted=0
[step=88] DELIVER from=7 to=1 type=Promise { ballot: 4, accepted_ballot: None, accepted_value: None } queue_len=20
[PROMISE-TRACE] from=7 received_ballot=4 current_ballot=6 match=false
[PAXOS-TICK] phase=WaitingForPromises elapsed=13 timeout=15 ballot=6 promises=0 accepted=0
[step=89] DELIVER from=8 to=1 type=Promise { ballot: 4, accepted_ballot: None, accepted_value: None } queue_len=19
[PROMISE-TRACE] from=8 received_ballot=4 current_ballot=6 match=false
[PAXOS-TICK] phase=WaitingForPromises elapsed=14 timeout=15 ballot=6 promises=0 accepted=0
[TIMEOUT-CAUSE] phase=WaitingForPromises ballot=6 promises=0 accepted=0 quorum=5
[step=90] DELIVER from=9 to=1 type=Promise { ballot: 4, accepted_ballot: None, accepted_value: None } queue_len=27
[PROMISE-TRACE] from=9 received_ballot=4 current_ballot=7 match=false
[PAXOS-TICK] phase=WaitingForPromises elapsed=0 timeout=15 ballot=7 promises=0 accepted=0
[step=91] DELIVER from=1 to=1 type=Prepare { ballot: 6 } queue_len=26
[PAXOS-TICK] phase=WaitingForPromises elapsed=1 timeout=15 ballot=7 promises=0 accepted=0
[step=92] DELIVER from=1 to=2 type=Prepare { ballot: 6 } queue_len=26
[PAXOS-TICK] phase=WaitingForPromises elapsed=2 timeout=15 ballot=7 promises=0 accepted=0
[step=93] DELIVER from=1 to=3 type=Prepare { ballot: 6 } queue_len=26
[PAXOS-TICK] phase=WaitingForPromises elapsed=3 timeout=15 ballot=7 promises=0 accepted=0
[step=94] DELIVER from=1 to=4 type=Prepare { ballot: 6 } queue_len=26
[PAXOS-TICK] phase=WaitingForPromises elapsed=4 timeout=15 ballot=7 promises=0 accepted=0
[step=95] DELIVER from=1 to=5 type=Prepare { ballot: 6 } queue_len=26
[PAXOS-TICK] phase=WaitingForPromises elapsed=5 timeout=15 ballot=7 promises=0 accepted=0
[step=96] DELIVER from=1 to=6 type=Prepare { ballot: 6 } queue_len=26
[PAXOS-TICK] phase=WaitingForPromises elapsed=6 timeout=15 ballot=7 promises=0 accepted=0
[step=97] DELIVER from=1 to=7 type=Prepare { ballot: 6 } queue_len=26
[PAXOS-TICK] phase=WaitingForPromises elapsed=7 timeout=15 ballot=7 promises=0 accepted=0
[step=98] DELIVER from=1 to=8 type=Prepare { ballot: 6 } queue_len=26
[PAXOS-TICK] phase=WaitingForPromises elapsed=8 timeout=15 ballot=7 promises=0 accepted=0
[step=99] DELIVER from=1 to=9 type=Prepare { ballot: 6 } queue_len=26
[PAXOS-TICK] phase=WaitingForPromises elapsed=9 timeout=15 ballot=7 promises=0 accepted=0
[step=100] DELIVER from=1 to=1 type=Promise { ballot: 5, accepted_ballot: None, accepted_value: None } queue_len=26
[PROMISE-TRACE] from=1 received_ballot=5 current_ballot=7 match=false
[PAXOS-TICK] phase=WaitingForPromises elapsed=10 timeout=15 ballot=7 promises=0 accepted=0
[step=101] DELIVER from=2 to=1 type=Promise { ballot: 5, accepted_ballot: None, accepted_value: None } queue_len=25
[PROMISE-TRACE] from=2 received_ballot=5 current_ballot=7 match=false
[PAXOS-TICK] phase=WaitingForPromises elapsed=11 timeout=15 ballot=7 promises=0 accepted=0
[step=102] DELIVER from=3 to=1 type=Promise { ballot: 5, accepted_ballot: None, accepted_value: None } queue_len=24
[PROMISE-TRACE] from=3 received_ballot=5 current_ballot=7 match=false
[PAXOS-TICK] phase=WaitingForPromises elapsed=12 timeout=15 ballot=7 promises=0 accepted=0
[step=103] DELIVER from=4 to=1 type=Promise { ballot: 5, accepted_ballot: None, accepted_value: None } queue_len=23
[PROMISE-TRACE] from=4 received_ballot=5 current_ballot=7 match=false
[PAXOS-TICK] phase=WaitingForPromises elapsed=13 timeout=15 ballot=7 promises=0 accepted=0
[step=104] DELIVER from=5 to=1 type=Promise { ballot: 5, accepted_ballot: None, accepted_value: None } queue_len=22
[PROMISE-TRACE] from=5 received_ballot=5 current_ballot=7 match=false
[PAXOS-TICK] phase=WaitingForPromises elapsed=14 timeout=15 ballot=7 promises=0 accepted=0
[TIMEOUT-CAUSE] phase=WaitingForPromises ballot=7 promises=0 accepted=0 quorum=5
[step=105] DELIVER from=6 to=1 type=Promise { ballot: 5, accepted_ballot: None, accepted_value: None } queue_len=30
[PROMISE-TRACE] from=6 received_ballot=5 current_ballot=8 match=false
[PAXOS-TICK] phase=WaitingForPromises elapsed=0 timeout=15 ballot=8 promises=0 accepted=0
[step=106] DELIVER from=7 to=1 type=Promise { ballot: 5, accepted_ballot: None, accepted_value: None } queue_len=29
[PROMISE-TRACE] from=7 received_ballot=5 current_ballot=8 match=false
[PAXOS-TICK] phase=WaitingForPromises elapsed=1 timeout=15 ballot=8 promises=0 accepted=0
[step=107] DELIVER from=8 to=1 type=Promise { ballot: 5, accepted_ballot: None, accepted_value: None } queue_len=28
[PROMISE-TRACE] from=8 received_ballot=5 current_ballot=8 match=false
[PAXOS-TICK] phase=WaitingForPromises elapsed=2 timeout=15 ballot=8 promises=0 accepted=0
[step=108] DELIVER from=9 to=1 type=Promise { ballot: 5, accepted_ballot: None, accepted_value: None } queue_len=27
[PROMISE-TRACE] from=9 received_ballot=5 current_ballot=8 match=false
[PAXOS-TICK] phase=WaitingForPromises elapsed=3 timeout=15 ballot=8 promises=0 accepted=0
[step=109] DELIVER from=1 to=1 type=Prepare { ballot: 7 } queue_len=26
[PAXOS-TICK] phase=WaitingForPromises elapsed=4 timeout=15 ballot=8 promises=0 accepted=0
[step=110] DELIVER from=1 to=2 type=Prepare { ballot: 7 } queue_len=26
[PAXOS-TICK] phase=WaitingForPromises elapsed=5 timeout=15 ballot=8 promises=0 accepted=0
[step=111] DELIVER from=1 to=3 type=Prepare { ballot: 7 } queue_len=26
[PAXOS-TICK] phase=WaitingForPromises elapsed=6 timeout=15 ballot=8 promises=0 accepted=0
[step=112] DELIVER from=1 to=4 type=Prepare { ballot: 7 } queue_len=26
[PAXOS-TICK] phase=WaitingForPromises elapsed=7 timeout=15 ballot=8 promises=0 accepted=0
[step=113] DELIVER from=1 to=5 type=Prepare { ballot: 7 } queue_len=26
[PAXOS-TICK] phase=WaitingForPromises elapsed=8 timeout=15 ballot=8 promises=0 accepted=0
[step=114] DELIVER from=1 to=6 type=Prepare { ballot: 7 } queue_len=26
[PAXOS-TICK] phase=WaitingForPromises elapsed=9 timeout=15 ballot=8 promises=0 accepted=0
[step=115] DELIVER from=1 to=7 type=Prepare { ballot: 7 } queue_len=26
[PAXOS-TICK] phase=WaitingForPromises elapsed=10 timeout=15 ballot=8 promises=0 accepted=0
[step=116] DELIVER from=1 to=8 type=Prepare { ballot: 7 } queue_len=26
[PAXOS-TICK] phase=WaitingForPromises elapsed=11 timeout=15 ballot=8 promises=0 accepted=0
[step=117] DELIVER from=1 to=9 type=Prepare { ballot: 7 } queue_len=26
[PAXOS-TICK] phase=WaitingForPromises elapsed=12 timeout=15 ballot=8 promises=0 accepted=0
[step=118] DELIVER from=1 to=1 type=Promise { ballot: 6, accepted_ballot: None, accepted_value: None } queue_len=26
[PROMISE-TRACE] from=1 received_ballot=6 current_ballot=8 match=false
[PAXOS-TICK] phase=WaitingForPromises elapsed=13 timeout=15 ballot=8 promises=0 accepted=0
[step=119] DELIVER from=2 to=1 type=Promise { ballot: 6, accepted_ballot: None, accepted_value: None } queue_len=25
[PROMISE-TRACE] from=2 received_ballot=6 current_ballot=8 match=false
[PAXOS-TICK] phase=WaitingForPromises elapsed=14 timeout=15 ballot=8 promises=0 accepted=0
[TIMEOUT-CAUSE] phase=WaitingForPromises ballot=8 promises=0 accepted=0 quorum=5
[step=120] DELIVER from=3 to=1 type=Promise { ballot: 6, accepted_ballot: None, accepted_value: None } queue_len=33
[PROMISE-TRACE] from=3 received_ballot=6 current_ballot=9 match=false
[PAXOS-TICK] phase=WaitingForPromises elapsed=0 timeout=15 ballot=9 promises=0 accepted=0
[step=121] DELIVER from=4 to=1 type=Promise { ballot: 6, accepted_ballot: None, accepted_value: None } queue_len=32
[PROMISE-TRACE] from=4 received_ballot=6 current_ballot=9 match=false
[PAXOS-TICK] phase=WaitingForPromises elapsed=1 timeout=15 ballot=9 promises=0 accepted=0
[step=122] DELIVER from=5 to=1 type=Promise { ballot: 6, accepted_ballot: None, accepted_value: None } queue_len=31
[PROMISE-TRACE] from=5 received_ballot=6 current_ballot=9 match=false
[PAXOS-TICK] phase=WaitingForPromises elapsed=2 timeout=15 ballot=9 promises=0 accepted=0
[step=123] DELIVER from=6 to=1 type=Promise { ballot: 6, accepted_ballot: None, accepted_value: None } queue_len=30
[PROMISE-TRACE] from=6 received_ballot=6 current_ballot=9 match=false
[PAXOS-TICK] phase=WaitingForPromises elapsed=3 timeout=15 ballot=9 promises=0 accepted=0
[step=124] DELIVER from=7 to=1 type=Promise { ballot: 6, accepted_ballot: None, accepted_value: None } queue_len=29
[PROMISE-TRACE] from=7 received_ballot=6 current_ballot=9 match=false
[PAXOS-TICK] phase=WaitingForPromises elapsed=4 timeout=15 ballot=9 promises=0 accepted=0
[step=125] DELIVER from=8 to=1 type=Promise { ballot: 6, accepted_ballot: None, accepted_value: None } queue_len=28
[PROMISE-TRACE] from=8 received_ballot=6 current_ballot=9 match=false
[PAXOS-TICK] phase=WaitingForPromises elapsed=5 timeout=15 ballot=9 promises=0 accepted=0
[step=126] DELIVER from=9 to=1 type=Promise { ballot: 6, accepted_ballot: None, accepted_value: None } queue_len=27
[PROMISE-TRACE] from=9 received_ballot=6 current_ballot=9 match=false
[PAXOS-TICK] phase=WaitingForPromises elapsed=6 timeout=15 ballot=9 promises=0 accepted=0
[step=127] DELIVER from=1 to=1 type=Prepare { ballot: 8 } queue_len=26
[PAXOS-TICK] phase=WaitingForPromises elapsed=7 timeout=15 ballot=9 promises=0 accepted=0
[step=128] DELIVER from=1 to=2 type=Prepare { ballot: 8 } queue_len=26
[PAXOS-TICK] phase=WaitingForPromises elapsed=8 timeout=15 ballot=9 promises=0 accepted=0
[step=129] DELIVER from=1 to=3 type=Prepare { ballot: 8 } queue_len=26
[PAXOS-TICK] phase=WaitingForPromises elapsed=9 timeout=15 ballot=9 promises=0 accepted=0
[step=130] DELIVER from=1 to=4 type=Prepare { ballot: 8 } queue_len=26
[PAXOS-TICK] phase=WaitingForPromises elapsed=10 timeout=15 ballot=9 promises=0 accepted=0
[step=131] DELIVER from=1 to=5 type=Prepare { ballot: 8 } queue_len=26
[PAXOS-TICK] phase=WaitingForPromises elapsed=11 timeout=15 ballot=9 promises=0 accepted=0
[step=132] DELIVER from=1 to=6 type=Prepare { ballot: 8 } queue_len=26
[PAXOS-TICK] phase=WaitingForPromises elapsed=12 timeout=15 ballot=9 promises=0 accepted=0
[step=133] DELIVER from=1 to=7 type=Prepare { ballot: 8 } queue_len=26
[PAXOS-TICK] phase=WaitingForPromises elapsed=13 timeout=15 ballot=9 promises=0 accepted=0
[step=134] DELIVER from=1 to=8 type=Prepare { ballot: 8 } queue_len=26
[PAXOS-TICK] phase=WaitingForPromises elapsed=14 timeout=15 ballot=9 promises=0 accepted=0
[TIMEOUT-CAUSE] phase=WaitingForPromises ballot=9 promises=0 accepted=0 quorum=5
[step=135] DELIVER from=1 to=9 type=Prepare { ballot: 8 } queue_len=35
[PAXOS-TICK] phase=WaitingForPromises elapsed=0 timeout=15 ballot=10 promises=0 accepted=0
[step=136] DELIVER from=1 to=1 type=Promise { ballot: 7, accepted_ballot: None, accepted_value: None } queue_len=35
[PROMISE-TRACE] from=1 received_ballot=7 current_ballot=10 match=false
[PAXOS-TICK] phase=WaitingForPromises elapsed=1 timeout=15 ballot=10 promises=0 accepted=0
[step=137] DELIVER from=2 to=1 type=Promise { ballot: 7, accepted_ballot: None, accepted_value: None } queue_len=34
[PROMISE-TRACE] from=2 received_ballot=7 current_ballot=10 match=false
[PAXOS-TICK] phase=WaitingForPromises elapsed=2 timeout=15 ballot=10 promises=0 accepted=0
[step=138] DELIVER from=3 to=1 type=Promise { ballot: 7, accepted_ballot: None, accepted_value: None } queue_len=33
[PROMISE-TRACE] from=3 received_ballot=7 current_ballot=10 match=false
[PAXOS-TICK] phase=WaitingForPromises elapsed=3 timeout=15 ballot=10 promises=0 accepted=0
[step=139] DELIVER from=4 to=1 type=Promise { ballot: 7, accepted_ballot: None, accepted_value: None } queue_len=32
[PROMISE-TRACE] from=4 received_ballot=7 current_ballot=10 match=false
[PAXOS-TICK] phase=WaitingForPromises elapsed=4 timeout=15 ballot=10 promises=0 accepted=0
[step=140] DELIVER from=5 to=1 type=Promise { ballot: 7, accepted_ballot: None, accepted_value: None } queue_len=31
[PROMISE-TRACE] from=5 received_ballot=7 current_ballot=10 match=false
[PAXOS-TICK] phase=WaitingForPromises elapsed=5 timeout=15 ballot=10 promises=0 accepted=0
[step=141] DELIVER from=6 to=1 type=Promise { ballot: 7, accepted_ballot: None, accepted_value: None } queue_len=30
[PROMISE-TRACE] from=6 received_ballot=7 current_ballot=10 match=false
[PAXOS-TICK] phase=WaitingForPromises elapsed=6 timeout=15 ballot=10 promises=0 accepted=0
[step=142] DELIVER from=7 to=1 type=Promise { ballot: 7, accepted_ballot: None, accepted_value: None } queue_len=29
[PROMISE-TRACE] from=7 received_ballot=7 current_ballot=10 match=false
[PAXOS-TICK] phase=WaitingForPromises elapsed=7 timeout=15 ballot=10 promises=0 accepted=0
[step=143] DELIVER from=8 to=1 type=Promise { ballot: 7, accepted_ballot: None, accepted_value: None } queue_len=28
[PROMISE-TRACE] from=8 received_ballot=7 current_ballot=10 match=false
[PAXOS-TICK] phase=WaitingForPromises elapsed=8 timeout=15 ballot=10 promises=0 accepted=0
[step=144] DELIVER from=9 to=1 type=Promise { ballot: 7, accepted_ballot: None, accepted_value: None } queue_len=27
[PROMISE-TRACE] from=9 received_ballot=7 current_ballot=10 match=false
[PAXOS-TICK] phase=WaitingForPromises elapsed=9 timeout=15 ballot=10 promises=0 accepted=0
[step=145] DELIVER from=1 to=1 type=Prepare { ballot: 9 } queue_len=26
[PAXOS-TICK] phase=WaitingForPromises elapsed=10 timeout=15 ballot=10 promises=0 accepted=0
[step=146] DELIVER from=1 to=2 type=Prepare { ballot: 9 } queue_len=26
[PAXOS-TICK] phase=WaitingForPromises elapsed=11 timeout=15 ballot=10 promises=0 accepted=0
[step=147] DELIVER from=1 to=3 type=Prepare { ballot: 9 } queue_len=26
[PAXOS-TICK] phase=WaitingForPromises elapsed=12 timeout=15 ballot=10 promises=0 accepted=0
[step=148] DELIVER from=1 to=4 type=Prepare { ballot: 9 } queue_len=26
[PAXOS-TICK] phase=WaitingForPromises elapsed=13 timeout=15 ballot=10 promises=0 accepted=0
[step=149] DELIVER from=1 to=5 type=Prepare { ballot: 9 } queue_len=26
[PAXOS-TICK] phase=WaitingForPromises elapsed=14 timeout=15 ballot=10 promises=0 accepted=0
[TIMEOUT-CAUSE] phase=WaitingForPromises ballot=10 promises=0 accepted=0 quorum=5
[step=150] DELIVER from=1 to=6 type=Prepare { ballot: 9 } queue_len=35
[PAXOS-TICK] phase=WaitingForPromises elapsed=0 timeout=15 ballot=11 promises=0 accepted=0
[step=151] DELIVER from=1 to=7 type=Prepare { ballot: 9 } queue_len=35
[PAXOS-TICK] phase=WaitingForPromises elapsed=1 timeout=15 ballot=11 promises=0 accepted=0
[step=152] DELIVER from=1 to=8 type=Prepare { ballot: 9 } queue_len=35
[PAXOS-TICK] phase=WaitingForPromises elapsed=2 timeout=15 ballot=11 promises=0 accepted=0
[step=153] DELIVER from=1 to=9 type=Prepare { ballot: 9 } queue_len=35
[PAXOS-TICK] phase=WaitingForPromises elapsed=3 timeout=15 ballot=11 promises=0 accepted=0
[step=154] DELIVER from=1 to=1 type=Promise { ballot: 8, accepted_ballot: None, accepted_value: None } queue_len=35
[PROMISE-TRACE] from=1 received_ballot=8 current_ballot=11 match=false
[PAXOS-TICK] phase=WaitingForPromises elapsed=4 timeout=15 ballot=11 promises=0 accepted=0
[step=155] DELIVER from=2 to=1 type=Promise { ballot: 8, accepted_ballot: None, accepted_value: None } queue_len=34
[PROMISE-TRACE] from=2 received_ballot=8 current_ballot=11 match=false
[PAXOS-TICK] phase=WaitingForPromises elapsed=5 timeout=15 ballot=11 promises=0 accepted=0
[step=156] DELIVER from=3 to=1 type=Promise { ballot: 8, accepted_ballot: None, accepted_value: None } queue_len=33
[PROMISE-TRACE] from=3 received_ballot=8 current_ballot=11 match=false
[PAXOS-TICK] phase=WaitingForPromises elapsed=6 timeout=15 ballot=11 promises=0 accepted=0
[step=157] DELIVER from=4 to=1 type=Promise { ballot: 8, accepted_ballot: None, accepted_value: None } queue_len=32
[PROMISE-TRACE] from=4 received_ballot=8 current_ballot=11 match=false
[PAXOS-TICK] phase=WaitingForPromises elapsed=7 timeout=15 ballot=11 promises=0 accepted=0
[step=158] DELIVER from=5 to=1 type=Promise { ballot: 8, accepted_ballot: None, accepted_value: None } queue_len=31
[PROMISE-TRACE] from=5 received_ballot=8 current_ballot=11 match=false
[PAXOS-TICK] phase=WaitingForPromises elapsed=8 timeout=15 ballot=11 promises=0 accepted=0
[step=159] DELIVER from=6 to=1 type=Promise { ballot: 8, accepted_ballot: None, accepted_value: None } queue_len=30
[PROMISE-TRACE] from=6 received_ballot=8 current_ballot=11 match=false
[PAXOS-TICK] phase=WaitingForPromises elapsed=9 timeout=15 ballot=11 promises=0 accepted=0
[step=160] DELIVER from=7 to=1 type=Promise { ballot: 8, accepted_ballot: None, accepted_value: None } queue_len=29
[PROMISE-TRACE] from=7 received_ballot=8 current_ballot=11 match=false
[PAXOS-TICK] phase=WaitingForPromises elapsed=10 timeout=15 ballot=11 promises=0 accepted=0
[step=161] DELIVER from=8 to=1 type=Promise { ballot: 8, accepted_ballot: None, accepted_value: None } queue_len=28
[PROMISE-TRACE] from=8 received_ballot=8 current_ballot=11 match=false
[PAXOS-TICK] phase=WaitingForPromises elapsed=11 timeout=15 ballot=11 promises=0 accepted=0
[step=162] DELIVER from=1 to=1 type=Prepare { ballot: 10 } queue_len=27
[PAXOS-TICK] phase=WaitingForPromises elapsed=12 timeout=15 ballot=11 promises=0 accepted=0
[step=163] DELIVER from=1 to=2 type=Prepare { ballot: 10 } queue_len=27
[PAXOS-TICK] phase=WaitingForPromises elapsed=13 timeout=15 ballot=11 promises=0 accepted=0
[step=164] DELIVER from=1 to=3 type=Prepare { ballot: 10 } queue_len=27
[PAXOS-TICK] phase=WaitingForPromises elapsed=14 timeout=15 ballot=11 promises=0 accepted=0
[TIMEOUT-CAUSE] phase=WaitingForPromises ballot=11 promises=0 accepted=0 quorum=5
[step=165] DELIVER from=1 to=4 type=Prepare { ballot: 10 } queue_len=36
[PAXOS-TICK] phase=WaitingForPromises elapsed=0 timeout=15 ballot=12 promises=0 accepted=0
[step=166] DELIVER from=1 to=5 type=Prepare { ballot: 10 } queue_len=36
[PAXOS-TICK] phase=WaitingForPromises elapsed=1 timeout=15 ballot=12 promises=0 accepted=0
[step=167] DELIVER from=1 to=6 type=Prepare { ballot: 10 } queue_len=36
[PAXOS-TICK] phase=WaitingForPromises elapsed=2 timeout=15 ballot=12 promises=0 accepted=0
[step=168] DELIVER from=1 to=7 type=Prepare { ballot: 10 } queue_len=36
[PAXOS-TICK] phase=WaitingForPromises elapsed=3 timeout=15 ballot=12 promises=0 accepted=0
[step=169] DELIVER from=1 to=8 type=Prepare { ballot: 10 } queue_len=36
[PAXOS-TICK] phase=WaitingForPromises elapsed=4 timeout=15 ballot=12 promises=0 accepted=0
[step=170] DELIVER from=1 to=9 type=Prepare { ballot: 10 } queue_len=36
[PAXOS-TICK] phase=WaitingForPromises elapsed=5 timeout=15 ballot=12 promises=0 accepted=0
[step=171] DELIVER from=9 to=1 type=Promise { ballot: 8, accepted_ballot: None, accepted_value: None } queue_len=36
[PROMISE-TRACE] from=9 received_ballot=8 current_ballot=12 match=false
[PAXOS-TICK] phase=WaitingForPromises elapsed=6 timeout=15 ballot=12 promises=0 accepted=0
[step=172] DELIVER from=1 to=1 type=Promise { ballot: 9, accepted_ballot: None, accepted_value: None } queue_len=35
[PROMISE-TRACE] from=1 received_ballot=9 current_ballot=12 match=false
[PAXOS-TICK] phase=WaitingForPromises elapsed=7 timeout=15 ballot=12 promises=0 accepted=0
[step=173] DELIVER from=2 to=1 type=Promise { ballot: 9, accepted_ballot: None, accepted_value: None } queue_len=34
[PROMISE-TRACE] from=2 received_ballot=9 current_ballot=12 match=false
[PAXOS-TICK] phase=WaitingForPromises elapsed=8 timeout=15 ballot=12 promises=0 accepted=0
[step=174] DELIVER from=3 to=1 type=Promise { ballot: 9, accepted_ballot: None, accepted_value: None } queue_len=33
[PROMISE-TRACE] from=3 received_ballot=9 current_ballot=12 match=false
[PAXOS-TICK] phase=WaitingForPromises elapsed=9 timeout=15 ballot=12 promises=0 accepted=0
[step=175] DELIVER from=4 to=1 type=Promise { ballot: 9, accepted_ballot: None, accepted_value: None } queue_len=32
[PROMISE-TRACE] from=4 received_ballot=9 current_ballot=12 match=false
[PAXOS-TICK] phase=WaitingForPromises elapsed=10 timeout=15 ballot=12 promises=0 accepted=0
[step=176] DELIVER from=5 to=1 type=Promise { ballot: 9, accepted_ballot: None, accepted_value: None } queue_len=31
[PROMISE-TRACE] from=5 received_ballot=9 current_ballot=12 match=false
[PAXOS-TICK] phase=WaitingForPromises elapsed=11 timeout=15 ballot=12 promises=0 accepted=0
[step=177] DELIVER from=1 to=1 type=Prepare { ballot: 11 } queue_len=30
[PAXOS-TICK] phase=WaitingForPromises elapsed=12 timeout=15 ballot=12 promises=0 accepted=0
[step=178] DELIVER from=1 to=2 type=Prepare { ballot: 11 } queue_len=30
[PAXOS-TICK] phase=WaitingForPromises elapsed=13 timeout=15 ballot=12 promises=0 accepted=0
[step=179] DELIVER from=1 to=3 type=Prepare { ballot: 11 } queue_len=30
[PAXOS-TICK] phase=WaitingForPromises elapsed=14 timeout=15 ballot=12 promises=0 accepted=0
[TIMEOUT-CAUSE] phase=WaitingForPromises ballot=12 promises=0 accepted=0 quorum=5
[step=180] DELIVER from=1 to=4 type=Prepare { ballot: 11 } queue_len=39
[PAXOS-TICK] phase=WaitingForPromises elapsed=0 timeout=15 ballot=13 promises=0 accepted=0
[step=181] DELIVER from=1 to=5 type=Prepare { ballot: 11 } queue_len=39
[PAXOS-TICK] phase=WaitingForPromises elapsed=1 timeout=15 ballot=13 promises=0 accepted=0
[step=182] DELIVER from=1 to=6 type=Prepare { ballot: 11 } queue_len=39
[PAXOS-TICK] phase=WaitingForPromises elapsed=2 timeout=15 ballot=13 promises=0 accepted=0
[step=183] DELIVER from=1 to=7 type=Prepare { ballot: 11 } queue_len=39
[PAXOS-TICK] phase=WaitingForPromises elapsed=3 timeout=15 ballot=13 promises=0 accepted=0
[step=184] DELIVER from=1 to=8 type=Prepare { ballot: 11 } queue_len=39
[PAXOS-TICK] phase=WaitingForPromises elapsed=4 timeout=15 ballot=13 promises=0 accepted=0
[step=185] DELIVER from=1 to=9 type=Prepare { ballot: 11 } queue_len=39
[PAXOS-TICK] phase=WaitingForPromises elapsed=5 timeout=15 ballot=13 promises=0 accepted=0
[step=186] DELIVER from=6 to=1 type=Promise { ballot: 9, accepted_ballot: None, accepted_value: None } queue_len=39
[PROMISE-TRACE] from=6 received_ballot=9 current_ballot=13 match=false
[PAXOS-TICK] phase=WaitingForPromises elapsed=6 timeout=15 ballot=13 promises=0 accepted=0
[step=187] DELIVER from=7 to=1 type=Promise { ballot: 9, accepted_ballot: None, accepted_value: None } queue_len=38
[PROMISE-TRACE] from=7 received_ballot=9 current_ballot=13 match=false
[PAXOS-TICK] phase=WaitingForPromises elapsed=7 timeout=15 ballot=13 promises=0 accepted=0
[step=188] DELIVER from=8 to=1 type=Promise { ballot: 9, accepted_ballot: None, accepted_value: None } queue_len=37
[PROMISE-TRACE] from=8 received_ballot=9 current_ballot=13 match=false
[PAXOS-TICK] phase=WaitingForPromises elapsed=8 timeout=15 ballot=13 promises=0 accepted=0
[step=189] DELIVER from=9 to=1 type=Promise { ballot: 9, accepted_ballot: None, accepted_value: None } queue_len=36
[PROMISE-TRACE] from=9 received_ballot=9 current_ballot=13 match=false
[PAXOS-TICK] phase=WaitingForPromises elapsed=9 timeout=15 ballot=13 promises=0 accepted=0
[step=190] DELIVER from=1 to=1 type=Promise { ballot: 10, accepted_ballot: None, accepted_value: None } queue_len=35
[PROMISE-TRACE] from=1 received_ballot=10 current_ballot=13 match=false
[PAXOS-TICK] phase=WaitingForPromises elapsed=10 timeout=15 ballot=13 promises=0 accepted=0
[step=191] DELIVER from=2 to=1 type=Promise { ballot: 10, accepted_ballot: None, accepted_value: None } queue_len=34
[PROMISE-TRACE] from=2 received_ballot=10 current_ballot=13 match=false
[PAXOS-TICK] phase=WaitingForPromises elapsed=11 timeout=15 ballot=13 promises=0 accepted=0
[step=192] DELIVER from=3 to=1 type=Promise { ballot: 10, accepted_ballot: None, accepted_value: None } queue_len=33
[PROMISE-TRACE] from=3 received_ballot=10 current_ballot=13 match=false
[PAXOS-TICK] phase=WaitingForPromises elapsed=12 timeout=15 ballot=13 promises=0 accepted=0
[step=193] DELIVER from=1 to=1 type=Prepare { ballot: 12 } queue_len=32
[PAXOS-TICK] phase=WaitingForPromises elapsed=13 timeout=15 ballot=13 promises=0 accepted=0
[step=194] DELIVER from=1 to=2 type=Prepare { ballot: 12 } queue_len=32
[PAXOS-TICK] phase=WaitingForPromises elapsed=14 timeout=15 ballot=13 promises=0 accepted=0
[TIMEOUT-CAUSE] phase=WaitingForPromises ballot=13 promises=0 accepted=0 quorum=5
[step=195] DELIVER from=1 to=3 type=Prepare { ballot: 12 } queue_len=41
[PAXOS-TICK] phase=WaitingForPromises elapsed=0 timeout=15 ballot=14 promises=0 accepted=0
[step=196] DELIVER from=1 to=4 type=Prepare { ballot: 12 } queue_len=41
[PAXOS-TICK] phase=WaitingForPromises elapsed=1 timeout=15 ballot=14 promises=0 accepted=0
[step=197] DELIVER from=1 to=5 type=Prepare { ballot: 12 } queue_len=41
[PAXOS-TICK] phase=WaitingForPromises elapsed=2 timeout=15 ballot=14 promises=0 accepted=0
[step=198] DELIVER from=1 to=6 type=Prepare { ballot: 12 } queue_len=41
[PAXOS-TICK] phase=WaitingForPromises elapsed=3 timeout=15 ballot=14 promises=0 accepted=0
[step=199] DELIVER from=1 to=7 type=Prepare { ballot: 12 } queue_len=41
[PAXOS-TICK] phase=WaitingForPromises elapsed=4 timeout=15 ballot=14 promises=0 accepted=0
[step=200] DELIVER from=1 to=8 type=Prepare { ballot: 12 } queue_len=41
[PAXOS-TICK] phase=WaitingForPromises elapsed=5 timeout=15 ballot=14 promises=0 accepted=0
[step=201] DELIVER from=1 to=9 type=Prepare { ballot: 12 } queue_len=41
[PAXOS-TICK] phase=WaitingForPromises elapsed=6 timeout=15 ballot=14 promises=0 accepted=0
[step=202] DELIVER from=4 to=1 type=Promise { ballot: 10, accepted_ballot: None, accepted_value: None } queue_len=41
[PROMISE-TRACE] from=4 received_ballot=10 current_ballot=14 match=false
[PAXOS-TICK] phase=WaitingForPromises elapsed=7 timeout=15 ballot=14 promises=0 accepted=0
[step=203] DELIVER from=5 to=1 type=Promise { ballot: 10, accepted_ballot: None, accepted_value: None } queue_len=40
[PROMISE-TRACE] from=5 received_ballot=10 current_ballot=14 match=false
[PAXOS-TICK] phase=WaitingForPromises elapsed=8 timeout=15 ballot=14 promises=0 accepted=0
[step=204] DELIVER from=6 to=1 type=Promise { ballot: 10, accepted_ballot: None, accepted_value: None } queue_len=39
[PROMISE-TRACE] from=6 received_ballot=10 current_ballot=14 match=false
[PAXOS-TICK] phase=WaitingForPromises elapsed=9 timeout=15 ballot=14 promises=0 accepted=0
[step=205] DELIVER from=7 to=1 type=Promise { ballot: 10, accepted_ballot: None, accepted_value: None } queue_len=38
[PROMISE-TRACE] from=7 received_ballot=10 current_ballot=14 match=false
[PAXOS-TICK] phase=WaitingForPromises elapsed=10 timeout=15 ballot=14 promises=0 accepted=0
[step=206] DELIVER from=8 to=1 type=Promise { ballot: 10, accepted_ballot: None, accepted_value: None } queue_len=37
[PROMISE-TRACE] from=8 received_ballot=10 current_ballot=14 match=false
[PAXOS-TICK] phase=WaitingForPromises elapsed=11 timeout=15 ballot=14 promises=0 accepted=0
[step=207] DELIVER from=9 to=1 type=Promise { ballot: 10, accepted_ballot: None, accepted_value: None } queue_len=36
[PROMISE-TRACE] from=9 received_ballot=10 current_ballot=14 match=false
[PAXOS-TICK] phase=WaitingForPromises elapsed=12 timeout=15 ballot=14 promises=0 accepted=0
[step=208] DELIVER from=1 to=1 type=Promise { ballot: 11, accepted_ballot: None, accepted_value: None } queue_len=35
[PROMISE-TRACE] from=1 received_ballot=11 current_ballot=14 match=false
[PAXOS-TICK] phase=WaitingForPromises elapsed=13 timeout=15 ballot=14 promises=0 accepted=0
[step=209] DELIVER from=2 to=1 type=Promise { ballot: 11, accepted_ballot: None, accepted_value: None } queue_len=34
[PROMISE-TRACE] from=2 received_ballot=11 current_ballot=14 match=false
[PAXOS-TICK] phase=WaitingForPromises elapsed=14 timeout=15 ballot=14 promises=0 accepted=0
[TIMEOUT-CAUSE] phase=WaitingForPromises ballot=14 promises=0 accepted=0 quorum=5
[step=210] DELIVER from=3 to=1 type=Promise { ballot: 11, accepted_ballot: None, accepted_value: None } queue_len=42
[PROMISE-TRACE] from=3 received_ballot=11 current_ballot=15 match=false
[PAXOS-TICK] phase=WaitingForPromises elapsed=0 timeout=15 ballot=15 promises=0 accepted=0
[step=211] DELIVER from=1 to=1 type=Prepare { ballot: 13 } queue_len=41
[PAXOS-TICK] phase=WaitingForPromises elapsed=1 timeout=15 ballot=15 promises=0 accepted=0
[step=212] DELIVER from=1 to=2 type=Prepare { ballot: 13 } queue_len=41
[PAXOS-TICK] phase=WaitingForPromises elapsed=2 timeout=15 ballot=15 promises=0 accepted=0
[step=213] DELIVER from=1 to=3 type=Prepare { ballot: 13 } queue_len=41
[PAXOS-TICK] phase=WaitingForPromises elapsed=3 timeout=15 ballot=15 promises=0 accepted=0
[step=214] DELIVER from=1 to=4 type=Prepare { ballot: 13 } queue_len=41
[PAXOS-TICK] phase=WaitingForPromises elapsed=4 timeout=15 ballot=15 promises=0 accepted=0
[step=215] DELIVER from=1 to=5 type=Prepare { ballot: 13 } queue_len=41
[PAXOS-TICK] phase=WaitingForPromises elapsed=5 timeout=15 ballot=15 promises=0 accepted=0
[step=216] DELIVER from=1 to=6 type=Prepare { ballot: 13 } queue_len=41
[PAXOS-TICK] phase=WaitingForPromises elapsed=6 timeout=15 ballot=15 promises=0 accepted=0
[step=217] DELIVER from=1 to=7 type=Prepare { ballot: 13 } queue_len=41
[PAXOS-TICK] phase=WaitingForPromises elapsed=7 timeout=15 ballot=15 promises=0 accepted=0
[step=218] DELIVER from=1 to=8 type=Prepare { ballot: 13 } queue_len=41
[PAXOS-TICK] phase=WaitingForPromises elapsed=8 timeout=15 ballot=15 promises=0 accepted=0
[step=219] DELIVER from=1 to=9 type=Prepare { ballot: 13 } queue_len=41
[PAXOS-TICK] phase=WaitingForPromises elapsed=9 timeout=15 ballot=15 promises=0 accepted=0
[step=220] DELIVER from=4 to=1 type=Promise { ballot: 11, accepted_ballot: None, accepted_value: None } queue_len=41
[PROMISE-TRACE] from=4 received_ballot=11 current_ballot=15 match=false
[PAXOS-TICK] phase=WaitingForPromises elapsed=10 timeout=15 ballot=15 promises=0 accepted=0
[step=221] DELIVER from=5 to=1 type=Promise { ballot: 11, accepted_ballot: None, accepted_value: None } queue_len=40
[PROMISE-TRACE] from=5 received_ballot=11 current_ballot=15 match=false
[PAXOS-TICK] phase=WaitingForPromises elapsed=11 timeout=15 ballot=15 promises=0 accepted=0
[step=222] DELIVER from=6 to=1 type=Promise { ballot: 11, accepted_ballot: None, accepted_value: None } queue_len=39
[PROMISE-TRACE] from=6 received_ballot=11 current_ballot=15 match=false
[PAXOS-TICK] phase=WaitingForPromises elapsed=12 timeout=15 ballot=15 promises=0 accepted=0
[step=223] DELIVER from=7 to=1 type=Promise { ballot: 11, accepted_ballot: None, accepted_value: None } queue_len=38
[PROMISE-TRACE] from=7 received_ballot=11 current_ballot=15 match=false
[PAXOS-TICK] phase=WaitingForPromises elapsed=13 timeout=15 ballot=15 promises=0 accepted=0
[step=224] DELIVER from=8 to=1 type=Promise { ballot: 11, accepted_ballot: None, accepted_value: None } queue_len=37
[PROMISE-TRACE] from=8 received_ballot=11 current_ballot=15 match=false
[PAXOS-TICK] phase=WaitingForPromises elapsed=14 timeout=15 ballot=15 promises=0 accepted=0
[TIMEOUT-CAUSE] phase=WaitingForPromises ballot=15 promises=0 accepted=0 quorum=5
[step=225] DELIVER from=9 to=1 type=Promise { ballot: 11, accepted_ballot: None, accepted_value: None } queue_len=45
[PROMISE-TRACE] from=9 received_ballot=11 current_ballot=16 match=false
[PAXOS-TICK] phase=WaitingForPromises elapsed=0 timeout=15 ballot=16 promises=0 accepted=0
[step=226] DELIVER from=1 to=1 type=Promise { ballot: 12, accepted_ballot: None, accepted_value: None } queue_len=44
[PROMISE-TRACE] from=1 received_ballot=12 current_ballot=16 match=false
[PAXOS-TICK] phase=WaitingForPromises elapsed=1 timeout=15 ballot=16 promises=0 accepted=0
[step=227] DELIVER from=2 to=1 type=Promise { ballot: 12, accepted_ballot: None, accepted_value: None } queue_len=43
[PROMISE-TRACE] from=2 received_ballot=12 current_ballot=16 match=false
[PAXOS-TICK] phase=WaitingForPromises elapsed=2 timeout=15 ballot=16 promises=0 accepted=0
[step=228] DELIVER from=1 to=1 type=Prepare { ballot: 14 } queue_len=42
[PAXOS-TICK] phase=WaitingForPromises elapsed=3 timeout=15 ballot=16 promises=0 accepted=0
[step=229] DELIVER from=1 to=2 type=Prepare { ballot: 14 } queue_len=42
[PAXOS-TICK] phase=WaitingForPromises elapsed=4 timeout=15 ballot=16 promises=0 accepted=0
[step=230] DELIVER from=1 to=3 type=Prepare { ballot: 14 } queue_len=42
[PAXOS-TICK] phase=WaitingForPromises elapsed=5 timeout=15 ballot=16 promises=0 accepted=0
[step=231] DELIVER from=1 to=4 type=Prepare { ballot: 14 } queue_len=42
[PAXOS-TICK] phase=WaitingForPromises elapsed=6 timeout=15 ballot=16 promises=0 accepted=0
[step=232] DELIVER from=1 to=5 type=Prepare { ballot: 14 } queue_len=42
[PAXOS-TICK] phase=WaitingForPromises elapsed=7 timeout=15 ballot=16 promises=0 accepted=0
[step=233] DELIVER from=1 to=6 type=Prepare { ballot: 14 } queue_len=42
[PAXOS-TICK] phase=WaitingForPromises elapsed=8 timeout=15 ballot=16 promises=0 accepted=0
[step=234] DELIVER from=1 to=7 type=Prepare { ballot: 14 } queue_len=42
[PAXOS-TICK] phase=WaitingForPromises elapsed=9 timeout=15 ballot=16 promises=0 accepted=0
[step=235] DELIVER from=1 to=8 type=Prepare { ballot: 14 } queue_len=42
[PAXOS-TICK] phase=WaitingForPromises elapsed=10 timeout=15 ballot=16 promises=0 accepted=0
[step=236] DELIVER from=1 to=9 type=Prepare { ballot: 14 } queue_len=42
[PAXOS-TICK] phase=WaitingForPromises elapsed=11 timeout=15 ballot=16 promises=0 accepted=0
[step=237] DELIVER from=3 to=1 type=Promise { ballot: 12, accepted_ballot: None, accepted_value: None } queue_len=42
[PROMISE-TRACE] from=3 received_ballot=12 current_ballot=16 match=false
[PAXOS-TICK] phase=WaitingForPromises elapsed=12 timeout=15 ballot=16 promises=0 accepted=0
[step=238] DELIVER from=4 to=1 type=Promise { ballot: 12, accepted_ballot: None, accepted_value: None } queue_len=41
[PROMISE-TRACE] from=4 received_ballot=12 current_ballot=16 match=false
[PAXOS-TICK] phase=WaitingForPromises elapsed=13 timeout=15 ballot=16 promises=0 accepted=0
[step=239] DELIVER from=5 to=1 type=Promise { ballot: 12, accepted_ballot: None, accepted_value: None } queue_len=40
[PROMISE-TRACE] from=5 received_ballot=12 current_ballot=16 match=false
[PAXOS-TICK] phase=WaitingForPromises elapsed=14 timeout=15 ballot=16 promises=0 accepted=0
[TIMEOUT-CAUSE] phase=WaitingForPromises ballot=16 promises=0 accepted=0 quorum=5
[step=240] DELIVER from=6 to=1 type=Promise { ballot: 12, accepted_ballot: None, accepted_value: None } queue_len=48
[PROMISE-TRACE] from=6 received_ballot=12 current_ballot=17 match=false
[PAXOS-TICK] phase=WaitingForPromises elapsed=0 timeout=15 ballot=17 promises=0 accepted=0
[step=241] DELIVER from=7 to=1 type=Promise { ballot: 12, accepted_ballot: None, accepted_value: None } queue_len=47
[PROMISE-TRACE] from=7 received_ballot=12 current_ballot=17 match=false
[PAXOS-TICK] phase=WaitingForPromises elapsed=1 timeout=15 ballot=17 promises=0 accepted=0
[step=242] DELIVER from=8 to=1 type=Promise { ballot: 12, accepted_ballot: None, accepted_value: None } queue_len=46
[PROMISE-TRACE] from=8 received_ballot=12 current_ballot=17 match=false
[PAXOS-TICK] phase=WaitingForPromises elapsed=2 timeout=15 ballot=17 promises=0 accepted=0
[step=243] DELIVER from=9 to=1 type=Promise { ballot: 12, accepted_ballot: None, accepted_value: None } queue_len=45
[PROMISE-TRACE] from=9 received_ballot=12 current_ballot=17 match=false
[PAXOS-TICK] phase=WaitingForPromises elapsed=3 timeout=15 ballot=17 promises=0 accepted=0
[step=244] DELIVER from=1 to=1 type=Prepare { ballot: 15 } queue_len=44
[PAXOS-TICK] phase=WaitingForPromises elapsed=4 timeout=15 ballot=17 promises=0 accepted=0
[step=245] DELIVER from=1 to=2 type=Prepare { ballot: 15 } queue_len=44
[PAXOS-TICK] phase=WaitingForPromises elapsed=5 timeout=15 ballot=17 promises=0 accepted=0
[step=246] DELIVER from=1 to=3 type=Prepare { ballot: 15 } queue_len=44
[PAXOS-TICK] phase=WaitingForPromises elapsed=6 timeout=15 ballot=17 promises=0 accepted=0
[step=247] DELIVER from=1 to=4 type=Prepare { ballot: 15 } queue_len=44
[PAXOS-TICK] phase=WaitingForPromises elapsed=7 timeout=15 ballot=17 promises=0 accepted=0
[step=248] DELIVER from=1 to=5 type=Prepare { ballot: 15 } queue_len=44
[PAXOS-TICK] phase=WaitingForPromises elapsed=8 timeout=15 ballot=17 promises=0 accepted=0
[step=249] DELIVER from=1 to=6 type=Prepare { ballot: 15 } queue_len=44
[PAXOS-TICK] phase=WaitingForPromises elapsed=9 timeout=15 ballot=17 promises=0 accepted=0
[step=250] DELIVER from=1 to=7 type=Prepare { ballot: 15 } queue_len=44
[PAXOS-TICK] phase=WaitingForPromises elapsed=10 timeout=15 ballot=17 promises=0 accepted=0
[step=251] DELIVER from=1 to=8 type=Prepare { ballot: 15 } queue_len=44
[PAXOS-TICK] phase=WaitingForPromises elapsed=11 timeout=15 ballot=17 promises=0 accepted=0
[step=252] DELIVER from=1 to=9 type=Prepare { ballot: 15 } queue_len=44
[PAXOS-TICK] phase=WaitingForPromises elapsed=12 timeout=15 ballot=17 promises=0 accepted=0
[step=253] DELIVER from=1 to=1 type=Promise { ballot: 13, accepted_ballot: None, accepted_value: None } queue_len=44
[PROMISE-TRACE] from=1 received_ballot=13 current_ballot=17 match=false
[PAXOS-TICK] phase=WaitingForPromises elapsed=13 timeout=15 ballot=17 promises=0 accepted=0
[step=254] DELIVER from=2 to=1 type=Promise { ballot: 13, accepted_ballot: None, accepted_value: None } queue_len=43
[PROMISE-TRACE] from=2 received_ballot=13 current_ballot=17 match=false
[PAXOS-TICK] phase=WaitingForPromises elapsed=14 timeout=15 ballot=17 promises=0 accepted=0
[TIMEOUT-CAUSE] phase=WaitingForPromises ballot=17 promises=0 accepted=0 quorum=5
[step=255] DELIVER from=3 to=1 type=Promise { ballot: 13, accepted_ballot: None, accepted_value: None } queue_len=51
[PROMISE-TRACE] from=3 received_ballot=13 current_ballot=18 match=false
[PAXOS-TICK] phase=WaitingForPromises elapsed=0 timeout=15 ballot=18 promises=0 accepted=0
[step=256] DELIVER from=4 to=1 type=Promise { ballot: 13, accepted_ballot: None, accepted_value: None } queue_len=50
[PROMISE-TRACE] from=4 received_ballot=13 current_ballot=18 match=false
[PAXOS-TICK] phase=WaitingForPromises elapsed=1 timeout=15 ballot=18 promises=0 accepted=0
[step=257] DELIVER from=5 to=1 type=Promise { ballot: 13, accepted_ballot: None, accepted_value: None } queue_len=49
[PROMISE-TRACE] from=5 received_ballot=13 current_ballot=18 match=false
[PAXOS-TICK] phase=WaitingForPromises elapsed=2 timeout=15 ballot=18 promises=0 accepted=0
[step=258] DELIVER from=6 to=1 type=Promise { ballot: 13, accepted_ballot: None, accepted_value: None } queue_len=48
[PROMISE-TRACE] from=6 received_ballot=13 current_ballot=18 match=false
[PAXOS-TICK] phase=WaitingForPromises elapsed=3 timeout=15 ballot=18 promises=0 accepted=0
[step=259] DELIVER from=7 to=1 type=Promise { ballot: 13, accepted_ballot: None, accepted_value: None } queue_len=47
[PROMISE-TRACE] from=7 received_ballot=13 current_ballot=18 match=false
[PAXOS-TICK] phase=WaitingForPromises elapsed=4 timeout=15 ballot=18 promises=0 accepted=0
[step=260] DELIVER from=8 to=1 type=Promise { ballot: 13, accepted_ballot: None, accepted_value: None } queue_len=46
[PROMISE-TRACE] from=8 received_ballot=13 current_ballot=18 match=false
[PAXOS-TICK] phase=WaitingForPromises elapsed=5 timeout=15 ballot=18 promises=0 accepted=0
[step=261] DELIVER from=9 to=1 type=Promise { ballot: 13, accepted_ballot: None, accepted_value: None } queue_len=45
[PROMISE-TRACE] from=9 received_ballot=13 current_ballot=18 match=false
[PAXOS-TICK] phase=WaitingForPromises elapsed=6 timeout=15 ballot=18 promises=0 accepted=0
[step=262] DELIVER from=1 to=1 type=Prepare { ballot: 16 } queue_len=44
[PAXOS-TICK] phase=WaitingForPromises elapsed=7 timeout=15 ballot=18 promises=0 accepted=0
[step=263] DELIVER from=1 to=2 type=Prepare { ballot: 16 } queue_len=44
[PAXOS-TICK] phase=WaitingForPromises elapsed=8 timeout=15 ballot=18 promises=0 accepted=0
[step=264] DELIVER from=1 to=3 type=Prepare { ballot: 16 } queue_len=44
[PAXOS-TICK] phase=WaitingForPromises elapsed=9 timeout=15 ballot=18 promises=0 accepted=0
[step=265] DELIVER from=1 to=4 type=Prepare { ballot: 16 } queue_len=44
[PAXOS-TICK] phase=WaitingForPromises elapsed=10 timeout=15 ballot=18 promises=0 accepted=0
[step=266] DELIVER from=1 to=5 type=Prepare { ballot: 16 } queue_len=44
[PAXOS-TICK] phase=WaitingForPromises elapsed=11 timeout=15 ballot=18 promises=0 accepted=0
[step=267] DELIVER from=1 to=6 type=Prepare { ballot: 16 } queue_len=44
[PAXOS-TICK] phase=WaitingForPromises elapsed=12 timeout=15 ballot=18 promises=0 accepted=0
[step=268] DELIVER from=1 to=7 type=Prepare { ballot: 16 } queue_len=44
[PAXOS-TICK] phase=WaitingForPromises elapsed=13 timeout=15 ballot=18 promises=0 accepted=0
[step=269] DELIVER from=1 to=8 type=Prepare { ballot: 16 } queue_len=44
[PAXOS-TICK] phase=WaitingForPromises elapsed=14 timeout=15 ballot=18 promises=0 accepted=0
[TIMEOUT-CAUSE] phase=WaitingForPromises ballot=18 promises=0 accepted=0 quorum=5
[step=270] DELIVER from=1 to=9 type=Prepare { ballot: 16 } queue_len=53
[PAXOS-TICK] phase=WaitingForPromises elapsed=0 timeout=15 ballot=19 promises=0 accepted=0
[step=271] DELIVER from=1 to=1 type=Promise { ballot: 14, accepted_ballot: None, accepted_value: None } queue_len=53
[PROMISE-TRACE] from=1 received_ballot=14 current_ballot=19 match=false
[PAXOS-TICK] phase=WaitingForPromises elapsed=1 timeout=15 ballot=19 promises=0 accepted=0
[step=272] DELIVER from=2 to=1 type=Promise { ballot: 14, accepted_ballot: None, accepted_value: None } queue_len=52
[PROMISE-TRACE] from=2 received_ballot=14 current_ballot=19 match=false
[PAXOS-TICK] phase=WaitingForPromises elapsed=2 timeout=15 ballot=19 promises=0 accepted=0
[step=273] DELIVER from=3 to=1 type=Promise { ballot: 14, accepted_ballot: None, accepted_value: None } queue_len=51
[PROMISE-TRACE] from=3 received_ballot=14 current_ballot=19 match=false
[PAXOS-TICK] phase=WaitingForPromises elapsed=3 timeout=15 ballot=19 promises=0 accepted=0
[step=274] DELIVER from=4 to=1 type=Promise { ballot: 14, accepted_ballot: None, accepted_value: None } queue_len=50
[PROMISE-TRACE] from=4 received_ballot=14 current_ballot=19 match=false
[PAXOS-TICK] phase=WaitingForPromises elapsed=4 timeout=15 ballot=19 promises=0 accepted=0
[step=275] DELIVER from=5 to=1 type=Promise { ballot: 14, accepted_ballot: None, accepted_value: None } queue_len=49
[PROMISE-TRACE] from=5 received_ballot=14 current_ballot=19 match=false
[PAXOS-TICK] phase=WaitingForPromises elapsed=5 timeout=15 ballot=19 promises=0 accepted=0
[step=276] DELIVER from=6 to=1 type=Promise { ballot: 14, accepted_ballot: None, accepted_value: None } queue_len=48
[PROMISE-TRACE] from=6 received_ballot=14 current_ballot=19 match=false
[PAXOS-TICK] phase=WaitingForPromises elapsed=6 timeout=15 ballot=19 promises=0 accepted=0
[step=277] DELIVER from=7 to=1 type=Promise { ballot: 14, accepted_ballot: None, accepted_value: None } queue_len=47
[PROMISE-TRACE] from=7 received_ballot=14 current_ballot=19 match=false
[PAXOS-TICK] phase=WaitingForPromises elapsed=7 timeout=15 ballot=19 promises=0 accepted=0
[step=278] DELIVER from=8 to=1 type=Promise { ballot: 14, accepted_ballot: None, accepted_value: None } queue_len=46
[PROMISE-TRACE] from=8 received_ballot=14 current_ballot=19 match=false
[PAXOS-TICK] phase=WaitingForPromises elapsed=8 timeout=15 ballot=19 promises=0 accepted=0
[step=279] DELIVER from=9 to=1 type=Promise { ballot: 14, accepted_ballot: None, accepted_value: None } queue_len=45
[PROMISE-TRACE] from=9 received_ballot=14 current_ballot=19 match=false
[PAXOS-TICK] phase=WaitingForPromises elapsed=9 timeout=15 ballot=19 promises=0 accepted=0
[step=280] DELIVER from=1 to=1 type=Prepare { ballot: 17 } queue_len=44
[PAXOS-TICK] phase=WaitingForPromises elapsed=10 timeout=15 ballot=19 promises=0 accepted=0
[step=281] DELIVER from=1 to=2 type=Prepare { ballot: 17 } queue_len=44
[PAXOS-TICK] phase=WaitingForPromises elapsed=11 timeout=15 ballot=19 promises=0 accepted=0
[step=282] DELIVER from=1 to=3 type=Prepare { ballot: 17 } queue_len=44
[PAXOS-TICK] phase=WaitingForPromises elapsed=12 timeout=15 ballot=19 promises=0 accepted=0
[step=283] DELIVER from=1 to=4 type=Prepare { ballot: 17 } queue_len=44
[PAXOS-TICK] phase=WaitingForPromises elapsed=13 timeout=15 ballot=19 promises=0 accepted=0
[step=284] DELIVER from=1 to=5 type=Prepare { ballot: 17 } queue_len=44
[PAXOS-TICK] phase=WaitingForPromises elapsed=14 timeout=15 ballot=19 promises=0 accepted=0
[TIMEOUT-CAUSE] phase=WaitingForPromises ballot=19 promises=0 accepted=0 quorum=5
[step=285] DELIVER from=1 to=6 type=Prepare { ballot: 17 } queue_len=53
[PAXOS-TICK] phase=WaitingForPromises elapsed=0 timeout=15 ballot=20 promises=0 accepted=0
[step=286] DELIVER from=1 to=7 type=Prepare { ballot: 17 } queue_len=53
[PAXOS-TICK] phase=WaitingForPromises elapsed=1 timeout=15 ballot=20 promises=0 accepted=0
[step=287] DELIVER from=1 to=8 type=Prepare { ballot: 17 } queue_len=53
[PAXOS-TICK] phase=WaitingForPromises elapsed=2 timeout=15 ballot=20 promises=0 accepted=0
[step=288] DELIVER from=1 to=9 type=Prepare { ballot: 17 } queue_len=53
[PAXOS-TICK] phase=WaitingForPromises elapsed=3 timeout=15 ballot=20 promises=0 accepted=0
[step=289] DELIVER from=1 to=1 type=Promise { ballot: 15, accepted_ballot: None, accepted_value: None } queue_len=53
[PROMISE-TRACE] from=1 received_ballot=15 current_ballot=20 match=false
[PAXOS-TICK] phase=WaitingForPromises elapsed=4 timeout=15 ballot=20 promises=0 accepted=0
[step=290] DELIVER from=2 to=1 type=Promise { ballot: 15, accepted_ballot: None, accepted_value: None } queue_len=52
[PROMISE-TRACE] from=2 received_ballot=15 current_ballot=20 match=false
[PAXOS-TICK] phase=WaitingForPromises elapsed=5 timeout=15 ballot=20 promises=0 accepted=0
[step=291] DELIVER from=3 to=1 type=Promise { ballot: 15, accepted_ballot: None, accepted_value: None } queue_len=51
[PROMISE-TRACE] from=3 received_ballot=15 current_ballot=20 match=false
[PAXOS-TICK] phase=WaitingForPromises elapsed=6 timeout=15 ballot=20 promises=0 accepted=0
[step=292] DELIVER from=4 to=1 type=Promise { ballot: 15, accepted_ballot: None, accepted_value: None } queue_len=50
[PROMISE-TRACE] from=4 received_ballot=15 current_ballot=20 match=false
[PAXOS-TICK] phase=WaitingForPromises elapsed=7 timeout=15 ballot=20 promises=0 accepted=0
[step=293] DELIVER from=5 to=1 type=Promise { ballot: 15, accepted_ballot: None, accepted_value: None } queue_len=49
[PROMISE-TRACE] from=5 received_ballot=15 current_ballot=20 match=false
[PAXOS-TICK] phase=WaitingForPromises elapsed=8 timeout=15 ballot=20 promises=0 accepted=0
[step=294] DELIVER from=6 to=1 type=Promise { ballot: 15, accepted_ballot: None, accepted_value: None } queue_len=48
[PROMISE-TRACE] from=6 received_ballot=15 current_ballot=20 match=false
[PAXOS-TICK] phase=WaitingForPromises elapsed=9 timeout=15 ballot=20 promises=0 accepted=0
[step=295] DELIVER from=7 to=1 type=Promise { ballot: 15, accepted_ballot: None, accepted_value: None } queue_len=47
[PROMISE-TRACE] from=7 received_ballot=15 current_ballot=20 match=false
[PAXOS-TICK] phase=WaitingForPromises elapsed=10 timeout=15 ballot=20 promises=0 accepted=0
[step=296] DELIVER from=8 to=1 type=Promise { ballot: 15, accepted_ballot: None, accepted_value: None } queue_len=46
[PROMISE-TRACE] from=8 received_ballot=15 current_ballot=20 match=false
[PAXOS-TICK] phase=WaitingForPromises elapsed=11 timeout=15 ballot=20 promises=0 accepted=0
[step=297] DELIVER from=9 to=1 type=Promise { ballot: 15, accepted_ballot: None, accepted_value: None } queue_len=45
[PROMISE-TRACE] from=9 received_ballot=15 current_ballot=20 match=false
[PAXOS-TICK] phase=WaitingForPromises elapsed=12 timeout=15 ballot=20 promises=0 accepted=0
[step=298] DELIVER from=1 to=1 type=Prepare { ballot: 18 } queue_len=44
[PAXOS-TICK] phase=WaitingForPromises elapsed=13 timeout=15 ballot=20 promises=0 accepted=0
[step=299] DELIVER from=1 to=2 type=Prepare { ballot: 18 } queue_len=44
[PAXOS-TICK] phase=WaitingForPromises elapsed=14 timeout=15 ballot=20 promises=0 accepted=0
[TIMEOUT-CAUSE] phase=WaitingForPromises ballot=20 promises=0 accepted=0 quorum=5
[step=300] DELIVER from=1 to=3 type=Prepare { ballot: 18 } queue_len=53
[PAXOS-TICK] phase=WaitingForPromises elapsed=0 timeout=15 ballot=21 promises=0 accepted=0
[step=301] DELIVER from=1 to=4 type=Prepare { ballot: 18 } queue_len=53
[PAXOS-TICK] phase=WaitingForPromises elapsed=1 timeout=15 ballot=21 promises=0 accepted=0
[step=302] DELIVER from=1 to=5 type=Prepare { ballot: 18 } queue_len=53
[PAXOS-TICK] phase=WaitingForPromises elapsed=2 timeout=15 ballot=21 promises=0 accepted=0
[step=303] DELIVER from=1 to=6 type=Prepare { ballot: 18 } queue_len=53
[PAXOS-TICK] phase=WaitingForPromises elapsed=3 timeout=15 ballot=21 promises=0 accepted=0
[step=304] DELIVER from=1 to=7 type=Prepare { ballot: 18 } queue_len=53
[PAXOS-TICK] phase=WaitingForPromises elapsed=4 timeout=15 ballot=21 promises=0 accepted=0
[step=305] DELIVER from=1 to=8 type=Prepare { ballot: 18 } queue_len=53
[PAXOS-TICK] phase=WaitingForPromises elapsed=5 timeout=15 ballot=21 promises=0 accepted=0
[step=306] DELIVER from=1 to=9 type=Prepare { ballot: 18 } queue_len=53
[PAXOS-TICK] phase=WaitingForPromises elapsed=6 timeout=15 ballot=21 promises=0 accepted=0
[step=307] DELIVER from=1 to=1 type=Promise { ballot: 16, accepted_ballot: None, accepted_value: None } queue_len=53
[PROMISE-TRACE] from=1 received_ballot=16 current_ballot=21 match=false
[PAXOS-TICK] phase=WaitingForPromises elapsed=7 timeout=15 ballot=21 promises=0 accepted=0
[step=308] DELIVER from=2 to=1 type=Promise { ballot: 16, accepted_ballot: None, accepted_value: None } queue_len=52
[PROMISE-TRACE] from=2 received_ballot=16 current_ballot=21 match=false
[PAXOS-TICK] phase=WaitingForPromises elapsed=8 timeout=15 ballot=21 promises=0 accepted=0
[step=309] DELIVER from=3 to=1 type=Promise { ballot: 16, accepted_ballot: None, accepted_value: None } queue_len=51
[PROMISE-TRACE] from=3 received_ballot=16 current_ballot=21 match=false
[PAXOS-TICK] phase=WaitingForPromises elapsed=9 timeout=15 ballot=21 promises=0 accepted=0
[step=310] DELIVER from=4 to=1 type=Promise { ballot: 16, accepted_ballot: None, accepted_value: None } queue_len=50
[PROMISE-TRACE] from=4 received_ballot=16 current_ballot=21 match=false
[PAXOS-TICK] phase=WaitingForPromises elapsed=10 timeout=15 ballot=21 promises=0 accepted=0
[step=311] DELIVER from=5 to=1 type=Promise { ballot: 16, accepted_ballot: None, accepted_value: None } queue_len=49
[PROMISE-TRACE] from=5 received_ballot=16 current_ballot=21 match=false
[PAXOS-TICK] phase=WaitingForPromises elapsed=11 timeout=15 ballot=21 promises=0 accepted=0
[step=312] DELIVER from=6 to=1 type=Promise { ballot: 16, accepted_ballot: None, accepted_value: None } queue_len=48
[PROMISE-TRACE] from=6 received_ballot=16 current_ballot=21 match=false
[PAXOS-TICK] phase=WaitingForPromises elapsed=12 timeout=15 ballot=21 promises=0 accepted=0
[step=313] DELIVER from=7 to=1 type=Promise { ballot: 16, accepted_ballot: None, accepted_value: None } queue_len=47
[PROMISE-TRACE] from=7 received_ballot=16 current_ballot=21 match=false
[PAXOS-TICK] phase=WaitingForPromises elapsed=13 timeout=15 ballot=21 promises=0 accepted=0
[step=314] DELIVER from=8 to=1 type=Promise { ballot: 16, accepted_ballot: None, accepted_value: None } queue_len=46
[PROMISE-TRACE] from=8 received_ballot=16 current_ballot=21 match=false
[PAXOS-TICK] phase=WaitingForPromises elapsed=14 timeout=15 ballot=21 promises=0 accepted=0
[TIMEOUT-CAUSE] phase=WaitingForPromises ballot=21 promises=0 accepted=0 quorum=5
[step=315] DELIVER from=1 to=1 type=Prepare { ballot: 19 } queue_len=45
[step=316] DELIVER from=1 to=2 type=Prepare { ballot: 19 } queue_len=45
[step=317] DELIVER from=1 to=3 type=Prepare { ballot: 19 } queue_len=45
[step=318] DELIVER from=1 to=4 type=Prepare { ballot: 19 } queue_len=45
[step=319] DELIVER from=1 to=5 type=Prepare { ballot: 19 } queue_len=45
[step=320] DELIVER from=1 to=6 type=Prepare { ballot: 19 } queue_len=45
[step=321] DELIVER from=1 to=7 type=Prepare { ballot: 19 } queue_len=45
[step=322] DELIVER from=1 to=8 type=Prepare { ballot: 19 } queue_len=45
[step=323] DELIVER from=1 to=9 type=Prepare { ballot: 19 } queue_len=45
[step=324] DELIVER from=9 to=1 type=Promise { ballot: 16, accepted_ballot: None, accepted_value: None } queue_len=45
[PROMISE-TRACE] from=9 received_ballot=16 current_ballot=21 match=false
[step=325] DELIVER from=1 to=1 type=Promise { ballot: 17, accepted_ballot: None, accepted_value: None } queue_len=44
[PROMISE-TRACE] from=1 received_ballot=17 current_ballot=21 match=false
[step=326] DELIVER from=2 to=1 type=Promise { ballot: 17, accepted_ballot: None, accepted_value: None } queue_len=43
[PROMISE-TRACE] from=2 received_ballot=17 current_ballot=21 match=false
[step=327] DELIVER from=3 to=1 type=Promise { ballot: 17, accepted_ballot: None, accepted_value: None } queue_len=42
[PROMISE-TRACE] from=3 received_ballot=17 current_ballot=21 match=false
[step=328] DELIVER from=4 to=1 type=Promise { ballot: 17, accepted_ballot: None, accepted_value: None } queue_len=41
[PROMISE-TRACE] from=4 received_ballot=17 current_ballot=21 match=false
[step=329] DELIVER from=5 to=1 type=Promise { ballot: 17, accepted_ballot: None, accepted_value: None } queue_len=40
[PROMISE-TRACE] from=5 received_ballot=17 current_ballot=21 match=false
[step=330] DELIVER from=1 to=1 type=Prepare { ballot: 20 } queue_len=39
[step=331] DELIVER from=1 to=2 type=Prepare { ballot: 20 } queue_len=39
[step=332] DELIVER from=1 to=3 type=Prepare { ballot: 20 } queue_len=39
[step=333] DELIVER from=1 to=4 type=Prepare { ballot: 20 } queue_len=39
[step=334] DELIVER from=1 to=5 type=Prepare { ballot: 20 } queue_len=39
[step=335] DELIVER from=1 to=6 type=Prepare { ballot: 20 } queue_len=39
[step=336] DELIVER from=1 to=7 type=Prepare { ballot: 20 } queue_len=39
[step=337] DELIVER from=1 to=8 type=Prepare { ballot: 20 } queue_len=39
[step=338] DELIVER from=1 to=9 type=Prepare { ballot: 20 } queue_len=39
[step=339] DELIVER from=6 to=1 type=Promise { ballot: 17, accepted_ballot: None, accepted_value: None } queue_len=39
[PROMISE-TRACE] from=6 received_ballot=17 current_ballot=21 match=false
[step=340] DELIVER from=7 to=1 type=Promise { ballot: 17, accepted_ballot: None, accepted_value: None } queue_len=38
[PROMISE-TRACE] from=7 received_ballot=17 current_ballot=21 match=false
[step=341] DELIVER from=8 to=1 type=Promise { ballot: 17, accepted_ballot: None, accepted_value: None } queue_len=37
[PROMISE-TRACE] from=8 received_ballot=17 current_ballot=21 match=false
[step=342] DELIVER from=9 to=1 type=Promise { ballot: 17, accepted_ballot: None, accepted_value: None } queue_len=36
[PROMISE-TRACE] from=9 received_ballot=17 current_ballot=21 match=false
[step=343] DELIVER from=1 to=1 type=Promise { ballot: 18, accepted_ballot: None, accepted_value: None } queue_len=35
[PROMISE-TRACE] from=1 received_ballot=18 current_ballot=21 match=false
[step=344] DELIVER from=2 to=1 type=Promise { ballot: 18, accepted_ballot: None, accepted_value: None } queue_len=34
[PROMISE-TRACE] from=2 received_ballot=18 current_ballot=21 match=false
[step=345] DELIVER from=1 to=1 type=Prepare { ballot: 21 } queue_len=33
[step=346] DELIVER from=1 to=2 type=Prepare { ballot: 21 } queue_len=33
[step=347] DELIVER from=1 to=3 type=Prepare { ballot: 21 } queue_len=33
[step=348] DELIVER from=1 to=4 type=Prepare { ballot: 21 } queue_len=33
[step=349] DELIVER from=1 to=5 type=Prepare { ballot: 21 } queue_len=33
[step=350] DELIVER from=1 to=6 type=Prepare { ballot: 21 } queue_len=33
[step=351] DELIVER from=1 to=7 type=Prepare { ballot: 21 } queue_len=33
[step=352] DELIVER from=1 to=8 type=Prepare { ballot: 21 } queue_len=33
[step=353] DELIVER from=1 to=9 type=Prepare { ballot: 21 } queue_len=33
[step=354] DELIVER from=3 to=1 type=Promise { ballot: 18, accepted_ballot: None, accepted_value: None } queue_len=33
[PROMISE-TRACE] from=3 received_ballot=18 current_ballot=21 match=false
[step=355] DELIVER from=4 to=1 type=Promise { ballot: 18, accepted_ballot: None, accepted_value: None } queue_len=32
[PROMISE-TRACE] from=4 received_ballot=18 current_ballot=21 match=false
[step=356] DELIVER from=5 to=1 type=Promise { ballot: 18, accepted_ballot: None, accepted_value: None } queue_len=31
[PROMISE-TRACE] from=5 received_ballot=18 current_ballot=21 match=false
[step=357] DELIVER from=6 to=1 type=Promise { ballot: 18, accepted_ballot: None, accepted_value: None } queue_len=30
[PROMISE-TRACE] from=6 received_ballot=18 current_ballot=21 match=false
[step=358] DELIVER from=7 to=1 type=Promise { ballot: 18, accepted_ballot: None, accepted_value: None } queue_len=29
[PROMISE-TRACE] from=7 received_ballot=18 current_ballot=21 match=false
[step=359] DELIVER from=8 to=1 type=Promise { ballot: 18, accepted_ballot: None, accepted_value: None } queue_len=28
[PROMISE-TRACE] from=8 received_ballot=18 current_ballot=21 match=false
[step=360] DELIVER from=9 to=1 type=Promise { ballot: 18, accepted_ballot: None, accepted_value: None } queue_len=27
[PROMISE-TRACE] from=9 received_ballot=18 current_ballot=21 match=false
[step=361] DELIVER from=1 to=1 type=Promise { ballot: 19, accepted_ballot: None, accepted_value: None } queue_len=26
[PROMISE-TRACE] from=1 received_ballot=19 current_ballot=21 match=false
[step=362] DELIVER from=2 to=1 type=Promise { ballot: 19, accepted_ballot: None, accepted_value: None } queue_len=25
[PROMISE-TRACE] from=2 received_ballot=19 current_ballot=21 match=false
[step=363] DELIVER from=3 to=1 type=Promise { ballot: 19, accepted_ballot: None, accepted_value: None } queue_len=24
[PROMISE-TRACE] from=3 received_ballot=19 current_ballot=21 match=false
[step=364] DELIVER from=4 to=1 type=Promise { ballot: 19, accepted_ballot: None, accepted_value: None } queue_len=23
[PROMISE-TRACE] from=4 received_ballot=19 current_ballot=21 match=false
[step=365] DELIVER from=5 to=1 type=Promise { ballot: 19, accepted_ballot: None, accepted_value: None } queue_len=22
[PROMISE-TRACE] from=5 received_ballot=19 current_ballot=21 match=false
[step=366] DELIVER from=6 to=1 type=Promise { ballot: 19, accepted_ballot: None, accepted_value: None } queue_len=21
[PROMISE-TRACE] from=6 received_ballot=19 current_ballot=21 match=false
[step=367] DELIVER from=7 to=1 type=Promise { ballot: 19, accepted_ballot: None, accepted_value: None } queue_len=20
[PROMISE-TRACE] from=7 received_ballot=19 current_ballot=21 match=false
[step=368] DELIVER from=8 to=1 type=Promise { ballot: 19, accepted_ballot: None, accepted_value: None } queue_len=19
[PROMISE-TRACE] from=8 received_ballot=19 current_ballot=21 match=false
[step=369] DELIVER from=9 to=1 type=Promise { ballot: 19, accepted_ballot: None, accepted_value: None } queue_len=18
[PROMISE-TRACE] from=9 received_ballot=19 current_ballot=21 match=false
[step=370] DELIVER from=1 to=1 type=Promise { ballot: 20, accepted_ballot: None, accepted_value: None } queue_len=17
[PROMISE-TRACE] from=1 received_ballot=20 current_ballot=21 match=false
[step=371] DELIVER from=2 to=1 type=Promise { ballot: 20, accepted_ballot: None, accepted_value: None } queue_len=16
[PROMISE-TRACE] from=2 received_ballot=20 current_ballot=21 match=false
[step=372] DELIVER from=3 to=1 type=Promise { ballot: 20, accepted_ballot: None, accepted_value: None } queue_len=15
[PROMISE-TRACE] from=3 received_ballot=20 current_ballot=21 match=false
[step=373] DELIVER from=4 to=1 type=Promise { ballot: 20, accepted_ballot: None, accepted_value: None } queue_len=14
[PROMISE-TRACE] from=4 received_ballot=20 current_ballot=21 match=false
[step=374] DELIVER from=5 to=1 type=Promise { ballot: 20, accepted_ballot: None, accepted_value: None } queue_len=13
[PROMISE-TRACE] from=5 received_ballot=20 current_ballot=21 match=false
[step=375] DELIVER from=6 to=1 type=Promise { ballot: 20, accepted_ballot: None, accepted_value: None } queue_len=12
[PROMISE-TRACE] from=6 received_ballot=20 current_ballot=21 match=false
[step=376] DELIVER from=7 to=1 type=Promise { ballot: 20, accepted_ballot: None, accepted_value: None } queue_len=11
[PROMISE-TRACE] from=7 received_ballot=20 current_ballot=21 match=false
[step=377] DELIVER from=8 to=1 type=Promise { ballot: 20, accepted_ballot: None, accepted_value: None } queue_len=10
[PROMISE-TRACE] from=8 received_ballot=20 current_ballot=21 match=false
[step=378] DELIVER from=9 to=1 type=Promise { ballot: 20, accepted_ballot: None, accepted_value: None } queue_len=9
[PROMISE-TRACE] from=9 received_ballot=20 current_ballot=21 match=false
[step=379] DELIVER from=1 to=1 type=Promise { ballot: 21, accepted_ballot: None, accepted_value: None } queue_len=8
[PROMISE-TRACE] from=1 received_ballot=21 current_ballot=21 match=true
[step=380] DELIVER from=2 to=1 type=Promise { ballot: 21, accepted_ballot: None, accepted_value: None } queue_len=7
[PROMISE-TRACE] from=2 received_ballot=21 current_ballot=21 match=true
[step=381] DELIVER from=3 to=1 type=Promise { ballot: 21, accepted_ballot: None, accepted_value: None } queue_len=6
[PROMISE-TRACE] from=3 received_ballot=21 current_ballot=21 match=true
[step=382] DELIVER from=4 to=1 type=Promise { ballot: 21, accepted_ballot: None, accepted_value: None } queue_len=5
[PROMISE-TRACE] from=4 received_ballot=21 current_ballot=21 match=true
[step=383] DELIVER from=5 to=1 type=Promise { ballot: 21, accepted_ballot: None, accepted_value: None } queue_len=4
[PROMISE-TRACE] from=5 received_ballot=21 current_ballot=21 match=true
[PAXOS-QUORUM-PROMISE] ballot=21 count=5 quorum=5 current=21
[step=384] DELIVER from=6 to=1 type=Promise { ballot: 21, accepted_ballot: None, accepted_value: None } queue_len=12
[PROMISE-TRACE] from=6 received_ballot=21 current_ballot=21 match=true
[step=385] DELIVER from=7 to=1 type=Promise { ballot: 21, accepted_ballot: None, accepted_value: None } queue_len=11
[PROMISE-TRACE] from=7 received_ballot=21 current_ballot=21 match=true
[step=386] DELIVER from=8 to=1 type=Promise { ballot: 21, accepted_ballot: None, accepted_value: None } queue_len=10
[PROMISE-TRACE] from=8 received_ballot=21 current_ballot=21 match=true
[step=387] DELIVER from=9 to=1 type=Promise { ballot: 21, accepted_ballot: None, accepted_value: None } queue_len=9
[PROMISE-TRACE] from=9 received_ballot=21 current_ballot=21 match=true
[step=388] DELIVER from=1 to=1 type=AcceptRequest { ballot: 21, value: "v1" } queue_len=8
Broadcasting AcceptRequest(21, v1)
[step=389] DELIVER from=1 to=2 type=AcceptRequest { ballot: 21, value: "v1" } queue_len=8
Broadcasting AcceptRequest(21, v1)
[step=390] DELIVER from=1 to=3 type=AcceptRequest { ballot: 21, value: "v1" } queue_len=8
Broadcasting AcceptRequest(21, v1)
[step=391] DELIVER from=1 to=4 type=AcceptRequest { ballot: 21, value: "v1" } queue_len=8
Broadcasting AcceptRequest(21, v1)
[step=392] DELIVER from=1 to=5 type=AcceptRequest { ballot: 21, value: "v1" } queue_len=8
Broadcasting AcceptRequest(21, v1)
[step=393] DELIVER from=1 to=6 type=AcceptRequest { ballot: 21, value: "v1" } queue_len=8
Broadcasting AcceptRequest(21, v1)
[step=394] DELIVER from=1 to=7 type=AcceptRequest { ballot: 21, value: "v1" } queue_len=8
Broadcasting AcceptRequest(21, v1)
[step=395] DELIVER from=1 to=8 type=AcceptRequest { ballot: 21, value: "v1" } queue_len=8
Broadcasting AcceptRequest(21, v1)
[step=396] DELIVER from=1 to=9 type=AcceptRequest { ballot: 21, value: "v1" } queue_len=8
Broadcasting AcceptRequest(21, v1)
[step=397] DELIVER from=1 to=1 type=Accepted { ballot: 21, value: "v1" } queue_len=8
[TIMEOUT-CAUSE] phase=WaitingForAccepted ballot=21 promises=9 accepted=1 quorum=5
[step=398] DELIVER from=2 to=1 type=Accepted { ballot: 21, value: "v1" } queue_len=7
[step=399] DELIVER from=3 to=1 type=Accepted { ballot: 21, value: "v1" } queue_len=6
[step=400] DELIVER from=4 to=1 type=Accepted { ballot: 21, value: "v1" } queue_len=5
[step=401] DELIVER from=5 to=1 type=Accepted { ballot: 21, value: "v1" } queue_len=4
[PAXOS-QUORUM-ACCEPTED] ballot=21 count=5 quorum=5 current=21
[step=402] DELIVER from=6 to=1 type=Accepted { ballot: 21, value: "v1" } queue_len=3
[step=403] DELIVER from=7 to=1 type=Accepted { ballot: 21, value: "v1" } queue_len=2
[step=404] DELIVER from=8 to=1 type=Accepted { ballot: 21, value: "v1" } queue_len=1
[step=405] DELIVER from=9 to=1 type=Accepted { ballot: 21, value: "v1" } queue_len=0

=== Metrics ===
Messages Sent: 396
Messages Delivered: 396
Scheduler Steps: 407
Stale Messages Ignored: 0
Messages Sent Until Decision: 0
Undelivered Messages At Decision: 0
Timeout triggered: 20
View changes: 0
Decisions: 1
Prepare Messages: 189
Promise Messages: 189
Accept Requests: 9
Accepted Messages: 9
Raft Leader Elected: false
Raft Leader Id: None
Raft Election Count: 0
AppendEntries Messages: 0
AppendResponse Messages: 0
Heartbeat Successes: 0
Heartbeat Rejections: 0
Raft Config Changes: 0
Raft Config Acks: 0
Raft Config Activated: false
Nack Messages: 0
Paxos Retries: 20
Max Ballot Seen: 21
Reached Step Cap: false
Max Steps: 1000
Membership Changes: 0
Membership Acks: 0
Chosen Values: {"v1"}
Safety Violation: false
Paxos Retry Exhausted: false
Critical Messages Delayed: 0
Delayed Messages Released: 0
