
=== Run 1 ===
Nodes: 15
Quorum: 8
Simulation starting
[step=0] DELIVER from=1 to=1 type=Prepare { ballot: 1 } queue_len=14
[PAXOS-TICK] phase=WaitingForPromises elapsed=0 timeout=60 ballot=1 promises=0 accepted=0
[step=1] DELIVER from=1 to=2 type=Prepare { ballot: 1 } queue_len=14
[PAXOS-TICK] phase=WaitingForPromises elapsed=1 timeout=60 ballot=1 promises=0 accepted=0
[step=2] DELIVER from=1 to=3 type=Prepare { ballot: 1 } queue_len=14
[PAXOS-TICK] phase=WaitingForPromises elapsed=2 timeout=60 ballot=1 promises=0 accepted=0
[step=3] DELIVER from=1 to=4 type=Prepare { ballot: 1 } queue_len=14
[PAXOS-TICK] phase=WaitingForPromises elapsed=3 timeout=60 ballot=1 promises=0 accepted=0
[step=4] DELIVER from=1 to=5 type=Prepare { ballot: 1 } queue_len=14
[PAXOS-TICK] phase=WaitingForPromises elapsed=4 timeout=60 ballot=1 promises=0 accepted=0
[step=5] DELIVER from=1 to=6 type=Prepare { ballot: 1 } queue_len=14
[PAXOS-TICK] phase=WaitingForPromises elapsed=5 timeout=60 ballot=1 promises=0 accepted=0
[step=6] DELIVER from=1 to=7 type=Prepare { ballot: 1 } queue_len=14
[PAXOS-TICK] phase=WaitingForPromises elapsed=6 timeout=60 ballot=1 promises=0 accepted=0
[step=7] DELIVER from=1 to=8 type=Prepare { ballot: 1 } queue_len=14
[PAXOS-TICK] phase=WaitingForPromises elapsed=7 timeout=60 ballot=1 promises=0 accepted=0
[step=8] DELIVER from=1 to=9 type=Prepare { ballot: 1 } queue_len=14
[PAXOS-TICK] phase=WaitingForPromises elapsed=8 timeout=60 ballot=1 promises=0 accepted=0
[step=9] DELIVER from=1 to=10 type=Prepare { ballot: 1 } queue_len=14
[PAXOS-TICK] phase=WaitingForPromises elapsed=9 timeout=60 ballot=1 promises=0 accepted=0
[step=10] DELIVER from=1 to=11 type=Prepare { ballot: 1 } queue_len=14
[PAXOS-TICK] phase=WaitingForPromises elapsed=10 timeout=60 ballot=1 promises=0 accepted=0
[step=11] DELIVER from=1 to=12 type=Prepare { ballot: 1 } queue_len=14
[PAXOS-TICK] phase=WaitingForPromises elapsed=11 timeout=60 ballot=1 promises=0 accepted=0
[step=12] DELIVER from=1 to=13 type=Prepare { ballot: 1 } queue_len=14
[PAXOS-TICK] phase=WaitingForPromises elapsed=12 timeout=60 ballot=1 promises=0 accepted=0
[step=13] DELIVER from=1 to=14 type=Prepare { ballot: 1 } queue_len=14
[PAXOS-TICK] phase=WaitingForPromises elapsed=13 timeout=60 ballot=1 promises=0 accepted=0
[step=14] DELIVER from=1 to=15 type=Prepare { ballot: 1 } queue_len=14
[PAXOS-TICK] phase=WaitingForPromises elapsed=14 timeout=60 ballot=1 promises=0 accepted=0
[PROGRESS-QUORUM-DELIVER] from=1 to=1 type=Promise { ballot: 1, accepted_ballot: None, accepted_value: None }
[step=15] DELIVER from=1 to=1 type=Promise { ballot: 1, accepted_ballot: None, accepted_value: None } queue_len=14
[PROMISE-TRACE] from=1 received_ballot=1 current_ballot=1 match=true
[PAXOS-TICK] phase=WaitingForPromises elapsed=15 timeout=60 ballot=1 promises=1 accepted=0
[PROGRESS-QUORUM-DELIVER] from=2 to=1 type=Promise { ballot: 1, accepted_ballot: None, accepted_value: None }
[step=16] DELIVER from=2 to=1 type=Promise { ballot: 1, accepted_ballot: None, accepted_value: None } queue_len=13
[PROMISE-TRACE] from=2 received_ballot=1 current_ballot=1 match=true
[PAXOS-TICK] phase=WaitingForPromises elapsed=16 timeout=60 ballot=1 promises=2 accepted=0
[PROGRESS-QUORUM-DELIVER] from=3 to=1 type=Promise { ballot: 1, accepted_ballot: None, accepted_value: None }
[step=17] DELIVER from=3 to=1 type=Promise { ballot: 1, accepted_ballot: None, accepted_value: None } queue_len=12
[PROMISE-TRACE] from=3 received_ballot=1 current_ballot=1 match=true
[PAXOS-TICK] phase=WaitingForPromises elapsed=17 timeout=60 ballot=1 promises=3 accepted=0
[PROGRESS-QUORUM-DELIVER] from=4 to=1 type=Promise { ballot: 1, accepted_ballot: None, accepted_value: None }
[step=18] DELIVER from=4 to=1 type=Promise { ballot: 1, accepted_ballot: None, accepted_value: None } queue_len=11
[PROMISE-TRACE] from=4 received_ballot=1 current_ballot=1 match=true
[PAXOS-TICK] phase=WaitingForPromises elapsed=18 timeout=60 ballot=1 promises=4 accepted=0
[PROGRESS-QUORUM-DELIVER] from=5 to=1 type=Promise { ballot: 1, accepted_ballot: None, accepted_value: None }
[step=19] DELIVER from=5 to=1 type=Promise { ballot: 1, accepted_ballot: None, accepted_value: None } queue_len=10
[PROMISE-TRACE] from=5 received_ballot=1 current_ballot=1 match=true
[PAXOS-TICK] phase=WaitingForPromises elapsed=19 timeout=60 ballot=1 promises=5 accepted=0
[PROGRESS-QUORUM-DELIVER] from=6 to=1 type=Promise { ballot: 1, accepted_ballot: None, accepted_value: None }
[step=20] DELIVER from=6 to=1 type=Promise { ballot: 1, accepted_ballot: None, accepted_value: None } queue_len=9
[PROMISE-TRACE] from=6 received_ballot=1 current_ballot=1 match=true
[PAXOS-TICK] phase=WaitingForPromises elapsed=20 timeout=60 ballot=1 promises=6 accepted=0
[PROGRESS-QUORUM-DELIVER] from=7 to=1 type=Promise { ballot: 1, accepted_ballot: None, accepted_value: None }
[step=21] DELIVER from=7 to=1 type=Promise { ballot: 1, accepted_ballot: None, accepted_value: None } queue_len=8
[PROMISE-TRACE] from=7 received_ballot=1 current_ballot=1 match=true
[PAXOS-TICK] phase=WaitingForPromises elapsed=21 timeout=60 ballot=1 promises=7 accepted=0
[PROGRESS-CAP] key=9-1-Promise { ballot: 1, accepted_ballot: None, accepted_value: None } count=1 max=50
[PROGRESS-QUORUM-DELAY] spent=1 remaining=39 queue_len=8 delayed=Promise { ballot: 1, accepted_ballot: None, accepted_value: None }
[PAXOS-TICK] phase=WaitingForPromises elapsed=22 timeout=60 ballot=1 promises=7 accepted=0
[PROGRESS-CAP] key=9-1-Promise { ballot: 1, accepted_ballot: None, accepted_value: None } count=2 max=50
[PROGRESS-QUORUM-DELAY] spent=2 remaining=38 queue_len=8 delayed=Promise { ballot: 1, accepted_ballot: None, accepted_value: None }
[PAXOS-TICK] phase=WaitingForPromises elapsed=23 timeout=60 ballot=1 promises=7 accepted=0
[PROGRESS-CAP] key=11-1-Promise { ballot: 1, accepted_ballot: None, accepted_value: None } count=1 max=50
[PROGRESS-QUORUM-DELAY] spent=3 remaining=37 queue_len=8 delayed=Promise { ballot: 1, accepted_ballot: None, accepted_value: None }
[PAXOS-TICK] phase=WaitingForPromises elapsed=24 timeout=60 ballot=1 promises=7 accepted=0
[PROGRESS-CAP] key=15-1-Promise { ballot: 1, accepted_ballot: None, accepted_value: None } count=1 max=50
[PROGRESS-QUORUM-DELAY] spent=4 remaining=36 queue_len=8 delayed=Promise { ballot: 1, accepted_ballot: None, accepted_value: None }
[PAXOS-TICK] phase=WaitingForPromises elapsed=25 timeout=60 ballot=1 promises=7 accepted=0
[PROGRESS-CAP] key=9-1-Promise { ballot: 1, accepted_ballot: None, accepted_value: None } count=3 max=50
[PROGRESS-QUORUM-DELAY] spent=5 remaining=35 queue_len=8 delayed=Promise { ballot: 1, accepted_ballot: None, accepted_value: None }
[PAXOS-TICK] phase=WaitingForPromises elapsed=26 timeout=60 ballot=1 promises=7 accepted=0
[PROGRESS-CAP] key=11-1-Promise { ballot: 1, accepted_ballot: None, accepted_value: None } count=2 max=50
[PROGRESS-QUORUM-DELAY] spent=6 remaining=34 queue_len=8 delayed=Promise { ballot: 1, accepted_ballot: None, accepted_value: None }
[PAXOS-TICK] phase=WaitingForPromises elapsed=27 timeout=60 ballot=1 promises=7 accepted=0
[PROGRESS-CAP] key=15-1-Promise { ballot: 1, accepted_ballot: None, accepted_value: None } count=2 max=50
[PROGRESS-QUORUM-DELAY] spent=7 remaining=33 queue_len=8 delayed=Promise { ballot: 1, accepted_ballot: None, accepted_value: None }
[PAXOS-TICK] phase=WaitingForPromises elapsed=28 timeout=60 ballot=1 promises=7 accepted=0
[PROGRESS-CAP] key=14-1-Promise { ballot: 1, accepted_ballot: None, accepted_value: None } count=1 max=50
[PROGRESS-QUORUM-DELAY] spent=8 remaining=32 queue_len=8 delayed=Promise { ballot: 1, accepted_ballot: None, accepted_value: None }
[PAXOS-TICK] phase=WaitingForPromises elapsed=29 timeout=60 ballot=1 promises=7 accepted=0
[PROGRESS-CAP] key=12-1-Promise { ballot: 1, accepted_ballot: None, accepted_value: None } count=1 max=50
[PROGRESS-QUORUM-DELAY] spent=9 remaining=31 queue_len=8 delayed=Promise { ballot: 1, accepted_ballot: None, accepted_value: None }
[PAXOS-TICK] phase=WaitingForPromises elapsed=30 timeout=60 ballot=1 promises=7 accepted=0
[PROGRESS-CAP] key=14-1-Promise { ballot: 1, accepted_ballot: None, accepted_value: None } count=2 max=50
[PROGRESS-QUORUM-DELAY] spent=10 remaining=30 queue_len=8 delayed=Promise { ballot: 1, accepted_ballot: None, accepted_value: None }
[PAXOS-TICK] phase=WaitingForPromises elapsed=31 timeout=60 ballot=1 promises=7 accepted=0
[PROGRESS-CAP] key=9-1-Promise { ballot: 1, accepted_ballot: None, accepted_value: None } count=4 max=50
[PROGRESS-QUORUM-DELAY] spent=11 remaining=29 queue_len=8 delayed=Promise { ballot: 1, accepted_ballot: None, accepted_value: None }
[PAXOS-TICK] phase=WaitingForPromises elapsed=32 timeout=60 ballot=1 promises=7 accepted=0
[PROGRESS-CAP] key=14-1-Promise { ballot: 1, accepted_ballot: None, accepted_value: None } count=3 max=50
[PROGRESS-QUORUM-DELAY] spent=12 remaining=28 queue_len=8 delayed=Promise { ballot: 1, accepted_ballot: None, accepted_value: None }
[PAXOS-TICK] phase=WaitingForPromises elapsed=33 timeout=60 ballot=1 promises=7 accepted=0
[PROGRESS-CAP] key=8-1-Promise { ballot: 1, accepted_ballot: None, accepted_value: None } count=1 max=50
[PROGRESS-QUORUM-DELAY] spent=13 remaining=27 queue_len=8 delayed=Promise { ballot: 1, accepted_ballot: None, accepted_value: None }
[PAXOS-TICK] phase=WaitingForPromises elapsed=34 timeout=60 ballot=1 promises=7 accepted=0
[PROGRESS-CAP] key=15-1-Promise { ballot: 1, accepted_ballot: None, accepted_value: None } count=3 max=50
[PROGRESS-QUORUM-DELAY] spent=14 remaining=26 queue_len=8 delayed=Promise { ballot: 1, accepted_ballot: None, accepted_value: None }
[PAXOS-TICK] phase=WaitingForPromises elapsed=35 timeout=60 ballot=1 promises=7 accepted=0
[PROGRESS-CAP] key=15-1-Promise { ballot: 1, accepted_ballot: None, accepted_value: None } count=4 max=50
[PROGRESS-QUORUM-DELAY] spent=15 remaining=25 queue_len=8 delayed=Promise { ballot: 1, accepted_ballot: None, accepted_value: None }
[PAXOS-TICK] phase=WaitingForPromises elapsed=36 timeout=60 ballot=1 promises=7 accepted=0
[PROGRESS-CAP] key=10-1-Promise { ballot: 1, accepted_ballot: None, accepted_value: None } count=1 max=50
[PROGRESS-QUORUM-DELAY] spent=16 remaining=24 queue_len=8 delayed=Promise { ballot: 1, accepted_ballot: None, accepted_value: None }
[PAXOS-TICK] phase=WaitingForPromises elapsed=37 timeout=60 ballot=1 promises=7 accepted=0
[PROGRESS-CAP] key=11-1-Promise { ballot: 1, accepted_ballot: None, accepted_value: None } count=3 max=50
[PROGRESS-QUORUM-DELAY] spent=17 remaining=23 queue_len=8 delayed=Promise { ballot: 1, accepted_ballot: None, accepted_value: None }
[PAXOS-TICK] phase=WaitingForPromises elapsed=38 timeout=60 ballot=1 promises=7 accepted=0
[PROGRESS-CAP] key=9-1-Promise { ballot: 1, accepted_ballot: None, accepted_value: None } count=5 max=50
[PROGRESS-QUORUM-DELAY] spent=18 remaining=22 queue_len=8 delayed=Promise { ballot: 1, accepted_ballot: None, accepted_value: None }
[PAXOS-TICK] phase=WaitingForPromises elapsed=39 timeout=60 ballot=1 promises=7 accepted=0
[PROGRESS-CAP] key=11-1-Promise { ballot: 1, accepted_ballot: None, accepted_value: None } count=4 max=50
[PROGRESS-QUORUM-DELAY] spent=19 remaining=21 queue_len=8 delayed=Promise { ballot: 1, accepted_ballot: None, accepted_value: None }
[PAXOS-TICK] phase=WaitingForPromises elapsed=40 timeout=60 ballot=1 promises=7 accepted=0
[PROGRESS-CAP] key=9-1-Promise { ballot: 1, accepted_ballot: None, accepted_value: None } count=6 max=50
[PROGRESS-QUORUM-DELAY] spent=20 remaining=20 queue_len=8 delayed=Promise { ballot: 1, accepted_ballot: None, accepted_value: None }
[PAXOS-TICK] phase=WaitingForPromises elapsed=41 timeout=60 ballot=1 promises=7 accepted=0
[PROGRESS-CAP] key=10-1-Promise { ballot: 1, accepted_ballot: None, accepted_value: None } count=2 max=50
[PROGRESS-QUORUM-DELAY] spent=21 remaining=19 queue_len=8 delayed=Promise { ballot: 1, accepted_ballot: None, accepted_value: None }
[PAXOS-TICK] phase=WaitingForPromises elapsed=42 timeout=60 ballot=1 promises=7 accepted=0
[PROGRESS-CAP] key=15-1-Promise { ballot: 1, accepted_ballot: None, accepted_value: None } count=5 max=50
[PROGRESS-QUORUM-DELAY] spent=22 remaining=18 queue_len=8 delayed=Promise { ballot: 1, accepted_ballot: None, accepted_value: None }
[PAXOS-TICK] phase=WaitingForPromises elapsed=43 timeout=60 ballot=1 promises=7 accepted=0
[PROGRESS-CAP] key=9-1-Promise { ballot: 1, accepted_ballot: None, accepted_value: None } count=7 max=50
[PROGRESS-QUORUM-DELAY] spent=23 remaining=17 queue_len=8 delayed=Promise { ballot: 1, accepted_ballot: None, accepted_value: None }
[PAXOS-TICK] phase=WaitingForPromises elapsed=44 timeout=60 ballot=1 promises=7 accepted=0
[PROGRESS-CAP] key=13-1-Promise { ballot: 1, accepted_ballot: None, accepted_value: None } count=1 max=50
[PROGRESS-QUORUM-DELAY] spent=24 remaining=16 queue_len=8 delayed=Promise { ballot: 1, accepted_ballot: None, accepted_value: None }
[PAXOS-TICK] phase=WaitingForPromises elapsed=45 timeout=60 ballot=1 promises=7 accepted=0
[PROGRESS-CAP] key=13-1-Promise { ballot: 1, accepted_ballot: None, accepted_value: None } count=2 max=50
[PROGRESS-QUORUM-DELAY] spent=25 remaining=15 queue_len=8 delayed=Promise { ballot: 1, accepted_ballot: None, accepted_value: None }
[PAXOS-TICK] phase=WaitingForPromises elapsed=46 timeout=60 ballot=1 promises=7 accepted=0
[PROGRESS-CAP] key=8-1-Promise { ballot: 1, accepted_ballot: None, accepted_value: None } count=2 max=50
[PROGRESS-QUORUM-DELAY] spent=26 remaining=14 queue_len=8 delayed=Promise { ballot: 1, accepted_ballot: None, accepted_value: None }
[PAXOS-TICK] phase=WaitingForPromises elapsed=47 timeout=60 ballot=1 promises=7 accepted=0
[PROGRESS-CAP] key=9-1-Promise { ballot: 1, accepted_ballot: None, accepted_value: None } count=8 max=50
[PROGRESS-QUORUM-DELAY] spent=27 remaining=13 queue_len=8 delayed=Promise { ballot: 1, accepted_ballot: None, accepted_value: None }
[PAXOS-TICK] phase=WaitingForPromises elapsed=48 timeout=60 ballot=1 promises=7 accepted=0
[PROGRESS-CAP] key=11-1-Promise { ballot: 1, accepted_ballot: None, accepted_value: None } count=5 max=50
[PROGRESS-QUORUM-DELAY] spent=28 remaining=12 queue_len=8 delayed=Promise { ballot: 1, accepted_ballot: None, accepted_value: None }
[PAXOS-TICK] phase=WaitingForPromises elapsed=49 timeout=60 ballot=1 promises=7 accepted=0
[PROGRESS-CAP] key=12-1-Promise { ballot: 1, accepted_ballot: None, accepted_value: None } count=2 max=50
[PROGRESS-QUORUM-DELAY] spent=29 remaining=11 queue_len=8 delayed=Promise { ballot: 1, accepted_ballot: None, accepted_value: None }
[PAXOS-TICK] phase=WaitingForPromises elapsed=50 timeout=60 ballot=1 promises=7 accepted=0
[PROGRESS-CAP] key=8-1-Promise { ballot: 1, accepted_ballot: None, accepted_value: None } count=3 max=50
[PROGRESS-QUORUM-DELAY] spent=30 remaining=10 queue_len=8 delayed=Promise { ballot: 1, accepted_ballot: None, accepted_value: None }
[PAXOS-TICK] phase=WaitingForPromises elapsed=51 timeout=60 ballot=1 promises=7 accepted=0
[PROGRESS-CAP] key=12-1-Promise { ballot: 1, accepted_ballot: None, accepted_value: None } count=3 max=50
[PROGRESS-QUORUM-DELAY] spent=31 remaining=9 queue_len=8 delayed=Promise { ballot: 1, accepted_ballot: None, accepted_value: None }
[PAXOS-TICK] phase=WaitingForPromises elapsed=52 timeout=60 ballot=1 promises=7 accepted=0
[PROGRESS-CAP] key=13-1-Promise { ballot: 1, accepted_ballot: None, accepted_value: None } count=3 max=50
[PROGRESS-QUORUM-DELAY] spent=32 remaining=8 queue_len=8 delayed=Promise { ballot: 1, accepted_ballot: None, accepted_value: None }
[PAXOS-TICK] phase=WaitingForPromises elapsed=53 timeout=60 ballot=1 promises=7 accepted=0
[PROGRESS-CAP] key=8-1-Promise { ballot: 1, accepted_ballot: None, accepted_value: None } count=4 max=50
[PROGRESS-QUORUM-DELAY] spent=33 remaining=7 queue_len=8 delayed=Promise { ballot: 1, accepted_ballot: None, accepted_value: None }
[PAXOS-TICK] phase=WaitingForPromises elapsed=54 timeout=60 ballot=1 promises=7 accepted=0
[PROGRESS-CAP] key=11-1-Promise { ballot: 1, accepted_ballot: None, accepted_value: None } count=6 max=50
[PROGRESS-QUORUM-DELAY] spent=34 remaining=6 queue_len=8 delayed=Promise { ballot: 1, accepted_ballot: None, accepted_value: None }
[PAXOS-TICK] phase=WaitingForPromises elapsed=55 timeout=60 ballot=1 promises=7 accepted=0
[PROGRESS-CAP] key=9-1-Promise { ballot: 1, accepted_ballot: None, accepted_value: None } count=9 max=50
[PROGRESS-QUORUM-DELAY] spent=35 remaining=5 queue_len=8 delayed=Promise { ballot: 1, accepted_ballot: None, accepted_value: None }
[PAXOS-TICK] phase=WaitingForPromises elapsed=56 timeout=60 ballot=1 promises=7 accepted=0
[PROGRESS-CAP] key=12-1-Promise { ballot: 1, accepted_ballot: None, accepted_value: None } count=4 max=50
[PROGRESS-QUORUM-DELAY] spent=36 remaining=4 queue_len=8 delayed=Promise { ballot: 1, accepted_ballot: None, accepted_value: None }
[PAXOS-TICK] phase=WaitingForPromises elapsed=57 timeout=60 ballot=1 promises=7 accepted=0
[PROGRESS-CAP] key=10-1-Promise { ballot: 1, accepted_ballot: None, accepted_value: None } count=3 max=50
[PROGRESS-QUORUM-DELAY] spent=37 remaining=3 queue_len=8 delayed=Promise { ballot: 1, accepted_ballot: None, accepted_value: None }
[PAXOS-TICK] phase=WaitingForPromises elapsed=58 timeout=60 ballot=1 promises=7 accepted=0
[PROGRESS-CAP] key=12-1-Promise { ballot: 1, accepted_ballot: None, accepted_value: None } count=5 max=50
[PROGRESS-QUORUM-DELAY] spent=38 remaining=2 queue_len=8 delayed=Promise { ballot: 1, accepted_ballot: None, accepted_value: None }
[PAXOS-TICK] phase=WaitingForPromises elapsed=59 timeout=60 ballot=1 promises=7 accepted=0
[TIMEOUT-CAUSE] phase=WaitingForPromises ballot=1 promises=7 accepted=0 quorum=8
[PROGRESS-QUORUM-DELIVER] from=14 to=1 type=Promise { ballot: 1, accepted_ballot: None, accepted_value: None }
[step=60] DELIVER from=14 to=1 type=Promise { ballot: 1, accepted_ballot: None, accepted_value: None } queue_len=22
[PROMISE-TRACE] from=14 received_ballot=1 current_ballot=2 match=false
[PAXOS-TICK] phase=WaitingForPromises elapsed=0 timeout=60 ballot=2 promises=0 accepted=0
[PROGRESS-QUORUM-DELIVER] from=15 to=1 type=Promise { ballot: 1, accepted_ballot: None, accepted_value: None }
[step=61] DELIVER from=15 to=1 type=Promise { ballot: 1, accepted_ballot: None, accepted_value: None } queue_len=21
[PROMISE-TRACE] from=15 received_ballot=1 current_ballot=2 match=false
[PAXOS-TICK] phase=WaitingForPromises elapsed=1 timeout=60 ballot=2 promises=0 accepted=0
[PROGRESS-QUORUM-DELIVER] from=13 to=1 type=Promise { ballot: 1, accepted_ballot: None, accepted_value: None }
[step=62] DELIVER from=13 to=1 type=Promise { ballot: 1, accepted_ballot: None, accepted_value: None } queue_len=20
[PROMISE-TRACE] from=13 received_ballot=1 current_ballot=2 match=false
[PAXOS-TICK] phase=WaitingForPromises elapsed=2 timeout=60 ballot=2 promises=0 accepted=0
[PROGRESS-QUORUM-DELIVER] from=8 to=1 type=Promise { ballot: 1, accepted_ballot: None, accepted_value: None }
[step=63] DELIVER from=8 to=1 type=Promise { ballot: 1, accepted_ballot: None, accepted_value: None } queue_len=19
[PROMISE-TRACE] from=8 received_ballot=1 current_ballot=2 match=false
[PAXOS-TICK] phase=WaitingForPromises elapsed=3 timeout=60 ballot=2 promises=0 accepted=0
[PROGRESS-QUORUM-DELIVER] from=11 to=1 type=Promise { ballot: 1, accepted_ballot: None, accepted_value: None }
[step=64] DELIVER from=11 to=1 type=Promise { ballot: 1, accepted_ballot: None, accepted_value: None } queue_len=18
[PROMISE-TRACE] from=11 received_ballot=1 current_ballot=2 match=false
[PAXOS-TICK] phase=WaitingForPromises elapsed=4 timeout=60 ballot=2 promises=0 accepted=0
[PROGRESS-QUORUM-DELIVER] from=9 to=1 type=Promise { ballot: 1, accepted_ballot: None, accepted_value: None }
[step=65] DELIVER from=9 to=1 type=Promise { ballot: 1, accepted_ballot: None, accepted_value: None } queue_len=17
[PROMISE-TRACE] from=9 received_ballot=1 current_ballot=2 match=false
[PAXOS-TICK] phase=WaitingForPromises elapsed=5 timeout=60 ballot=2 promises=0 accepted=0
[PROGRESS-QUORUM-DELIVER] from=10 to=1 type=Promise { ballot: 1, accepted_ballot: None, accepted_value: None }
[step=66] DELIVER from=10 to=1 type=Promise { ballot: 1, accepted_ballot: None, accepted_value: None } queue_len=16
[PROMISE-TRACE] from=10 received_ballot=1 current_ballot=2 match=false
[PAXOS-TICK] phase=WaitingForPromises elapsed=6 timeout=60 ballot=2 promises=0 accepted=0
[PROGRESS-QUORUM-DELIVER] from=12 to=1 type=Promise { ballot: 1, accepted_ballot: None, accepted_value: None }
[step=67] DELIVER from=12 to=1 type=Promise { ballot: 1, accepted_ballot: None, accepted_value: None } queue_len=15
[PROMISE-TRACE] from=12 received_ballot=1 current_ballot=2 match=false
[PAXOS-TICK] phase=WaitingForPromises elapsed=7 timeout=60 ballot=2 promises=0 accepted=0
[step=68] DELIVER from=1 to=1 type=Prepare { ballot: 2 } queue_len=14
[PAXOS-TICK] phase=WaitingForPromises elapsed=8 timeout=60 ballot=2 promises=0 accepted=0
[step=69] DELIVER from=1 to=2 type=Prepare { ballot: 2 } queue_len=14
[PAXOS-TICK] phase=WaitingForPromises elapsed=9 timeout=60 ballot=2 promises=0 accepted=0
[step=70] DELIVER from=1 to=3 type=Prepare { ballot: 2 } queue_len=14
[PAXOS-TICK] phase=WaitingForPromises elapsed=10 timeout=60 ballot=2 promises=0 accepted=0
[step=71] DELIVER from=1 to=4 type=Prepare { ballot: 2 } queue_len=14
[PAXOS-TICK] phase=WaitingForPromises elapsed=11 timeout=60 ballot=2 promises=0 accepted=0
[step=72] DELIVER from=1 to=5 type=Prepare { ballot: 2 } queue_len=14
[PAXOS-TICK] phase=WaitingForPromises elapsed=12 timeout=60 ballot=2 promises=0 accepted=0
[step=73] DELIVER from=1 to=6 type=Prepare { ballot: 2 } queue_len=14
[PAXOS-TICK] phase=WaitingForPromises elapsed=13 timeout=60 ballot=2 promises=0 accepted=0
[step=74] DELIVER from=1 to=7 type=Prepare { ballot: 2 } queue_len=14
[PAXOS-TICK] phase=WaitingForPromises elapsed=14 timeout=60 ballot=2 promises=0 accepted=0
[step=75] DELIVER from=1 to=8 type=Prepare { ballot: 2 } queue_len=14
[PAXOS-TICK] phase=WaitingForPromises elapsed=15 timeout=60 ballot=2 promises=0 accepted=0
[step=76] DELIVER from=1 to=9 type=Prepare { ballot: 2 } queue_len=14
[PAXOS-TICK] phase=WaitingForPromises elapsed=16 timeout=60 ballot=2 promises=0 accepted=0
[step=77] DELIVER from=1 to=10 type=Prepare { ballot: 2 } queue_len=14
[PAXOS-TICK] phase=WaitingForPromises elapsed=17 timeout=60 ballot=2 promises=0 accepted=0
[step=78] DELIVER from=1 to=11 type=Prepare { ballot: 2 } queue_len=14
[PAXOS-TICK] phase=WaitingForPromises elapsed=18 timeout=60 ballot=2 promises=0 accepted=0
[step=79] DELIVER from=1 to=12 type=Prepare { ballot: 2 } queue_len=14
[PAXOS-TICK] phase=WaitingForPromises elapsed=19 timeout=60 ballot=2 promises=0 accepted=0
[step=80] DELIVER from=1 to=13 type=Prepare { ballot: 2 } queue_len=14
[PAXOS-TICK] phase=WaitingForPromises elapsed=20 timeout=60 ballot=2 promises=0 accepted=0
[step=81] DELIVER from=1 to=14 type=Prepare { ballot: 2 } queue_len=14
[PAXOS-TICK] phase=WaitingForPromises elapsed=21 timeout=60 ballot=2 promises=0 accepted=0
[step=82] DELIVER from=1 to=15 type=Prepare { ballot: 2 } queue_len=14
[PAXOS-TICK] phase=WaitingForPromises elapsed=22 timeout=60 ballot=2 promises=0 accepted=0
[PROGRESS-QUORUM-DELIVER] from=1 to=1 type=Promise { ballot: 2, accepted_ballot: None, accepted_value: None }
[step=83] DELIVER from=1 to=1 type=Promise { ballot: 2, accepted_ballot: None, accepted_value: None } queue_len=14
[PROMISE-TRACE] from=1 received_ballot=2 current_ballot=2 match=true
[PAXOS-TICK] phase=WaitingForPromises elapsed=23 timeout=60 ballot=2 promises=1 accepted=0
[PROGRESS-QUORUM-DELIVER] from=2 to=1 type=Promise { ballot: 2, accepted_ballot: None, accepted_value: None }
[step=84] DELIVER from=2 to=1 type=Promise { ballot: 2, accepted_ballot: None, accepted_value: None } queue_len=13
[PROMISE-TRACE] from=2 received_ballot=2 current_ballot=2 match=true
[PAXOS-TICK] phase=WaitingForPromises elapsed=24 timeout=60 ballot=2 promises=2 accepted=0
[PROGRESS-QUORUM-DELIVER] from=3 to=1 type=Promise { ballot: 2, accepted_ballot: None, accepted_value: None }
[step=85] DELIVER from=3 to=1 type=Promise { ballot: 2, accepted_ballot: None, accepted_value: None } queue_len=12
[PROMISE-TRACE] from=3 received_ballot=2 current_ballot=2 match=true
[PAXOS-TICK] phase=WaitingForPromises elapsed=25 timeout=60 ballot=2 promises=3 accepted=0
[PROGRESS-QUORUM-DELIVER] from=4 to=1 type=Promise { ballot: 2, accepted_ballot: None, accepted_value: None }
[step=86] DELIVER from=4 to=1 type=Promise { ballot: 2, accepted_ballot: None, accepted_value: None } queue_len=11
[PROMISE-TRACE] from=4 received_ballot=2 current_ballot=2 match=true
[PAXOS-TICK] phase=WaitingForPromises elapsed=26 timeout=60 ballot=2 promises=4 accepted=0
[PROGRESS-QUORUM-DELIVER] from=5 to=1 type=Promise { ballot: 2, accepted_ballot: None, accepted_value: None }
[step=87] DELIVER from=5 to=1 type=Promise { ballot: 2, accepted_ballot: None, accepted_value: None } queue_len=10
[PROMISE-TRACE] from=5 received_ballot=2 current_ballot=2 match=true
[PAXOS-TICK] phase=WaitingForPromises elapsed=27 timeout=60 ballot=2 promises=5 accepted=0
[PROGRESS-QUORUM-DELIVER] from=6 to=1 type=Promise { ballot: 2, accepted_ballot: None, accepted_value: None }
[step=88] DELIVER from=6 to=1 type=Promise { ballot: 2, accepted_ballot: None, accepted_value: None } queue_len=9
[PROMISE-TRACE] from=6 received_ballot=2 current_ballot=2 match=true
[PAXOS-TICK] phase=WaitingForPromises elapsed=28 timeout=60 ballot=2 promises=6 accepted=0
[PROGRESS-QUORUM-DELIVER] from=7 to=1 type=Promise { ballot: 2, accepted_ballot: None, accepted_value: None }
[step=89] DELIVER from=7 to=1 type=Promise { ballot: 2, accepted_ballot: None, accepted_value: None } queue_len=8
[PROMISE-TRACE] from=7 received_ballot=2 current_ballot=2 match=true
[PAXOS-TICK] phase=WaitingForPromises elapsed=29 timeout=60 ballot=2 promises=7 accepted=0
[PROGRESS-CAP] key=14-1-Promise { ballot: 2, accepted_ballot: None, accepted_value: None } count=1 max=50
[PROGRESS-QUORUM-DELAY] spent=39 remaining=1 queue_len=8 delayed=Promise { ballot: 2, accepted_ballot: None, accepted_value: None }
[PAXOS-TICK] phase=WaitingForPromises elapsed=30 timeout=60 ballot=2 promises=7 accepted=0
[PROGRESS-CAP] key=9-1-Promise { ballot: 2, accepted_ballot: None, accepted_value: None } count=1 max=50
[PROGRESS-QUORUM-DELAY] spent=40 remaining=0 queue_len=8 delayed=Promise { ballot: 2, accepted_ballot: None, accepted_value: None }
[PAXOS-TICK] phase=WaitingForPromises elapsed=31 timeout=60 ballot=2 promises=7 accepted=0
[PROGRESS-QUORUM-DELIVER] from=8 to=1 type=Promise { ballot: 2, accepted_ballot: None, accepted_value: None }
[step=92] DELIVER from=8 to=1 type=Promise { ballot: 2, accepted_ballot: None, accepted_value: None } queue_len=7
[PROMISE-TRACE] from=8 received_ballot=2 current_ballot=2 match=true
[PAXOS-QUORUM-PROMISE] ballot=2 count=8 quorum=8 current=2
[PROGRESS-QUORUM-DELIVER] from=10 to=1 type=Promise { ballot: 2, accepted_ballot: None, accepted_value: None }
[step=93] DELIVER from=10 to=1 type=Promise { ballot: 2, accepted_ballot: None, accepted_value: None } queue_len=21
[PROMISE-TRACE] from=10 received_ballot=2 current_ballot=2 match=true
[PROGRESS-QUORUM-DELIVER] from=11 to=1 type=Promise { ballot: 2, accepted_ballot: None, accepted_value: None }
[step=94] DELIVER from=11 to=1 type=Promise { ballot: 2, accepted_ballot: None, accepted_value: None } queue_len=20
[PROMISE-TRACE] from=11 received_ballot=2 current_ballot=2 match=true
[PROGRESS-QUORUM-DELIVER] from=12 to=1 type=Promise { ballot: 2, accepted_ballot: None, accepted_value: None }
[step=95] DELIVER from=12 to=1 type=Promise { ballot: 2, accepted_ballot: None, accepted_value: None } queue_len=19
[PROMISE-TRACE] from=12 received_ballot=2 current_ballot=2 match=true
[PROGRESS-QUORUM-DELIVER] from=13 to=1 type=Promise { ballot: 2, accepted_ballot: None, accepted_value: None }
[step=96] DELIVER from=13 to=1 type=Promise { ballot: 2, accepted_ballot: None, accepted_value: None } queue_len=18
[PROMISE-TRACE] from=13 received_ballot=2 current_ballot=2 match=true
[PROGRESS-QUORUM-DELIVER] from=15 to=1 type=Promise { ballot: 2, accepted_ballot: None, accepted_value: None }
[step=97] DELIVER from=15 to=1 type=Promise { ballot: 2, accepted_ballot: None, accepted_value: None } queue_len=17
[PROMISE-TRACE] from=15 received_ballot=2 current_ballot=2 match=true
[PROGRESS-QUORUM-DELIVER] from=14 to=1 type=Promise { ballot: 2, accepted_ballot: None, accepted_value: None }
[step=98] DELIVER from=14 to=1 type=Promise { ballot: 2, accepted_ballot: None, accepted_value: None } queue_len=16
[PROMISE-TRACE] from=14 received_ballot=2 current_ballot=2 match=true
[PROGRESS-QUORUM-DELIVER] from=9 to=1 type=Promise { ballot: 2, accepted_ballot: None, accepted_value: None }
[step=99] DELIVER from=9 to=1 type=Promise { ballot: 2, accepted_ballot: None, accepted_value: None } queue_len=15
[PROMISE-TRACE] from=9 received_ballot=2 current_ballot=2 match=true
[step=100] DELIVER from=1 to=1 type=AcceptRequest { ballot: 2, value: "v1" } queue_len=14
Broadcasting AcceptRequest(2, v1)
[step=101] DELIVER from=1 to=2 type=AcceptRequest { ballot: 2, value: "v1" } queue_len=14
Broadcasting AcceptRequest(2, v1)
[step=102] DELIVER from=1 to=3 type=AcceptRequest { ballot: 2, value: "v1" } queue_len=14
Broadcasting AcceptRequest(2, v1)
[step=103] DELIVER from=1 to=4 type=AcceptRequest { ballot: 2, value: "v1" } queue_len=14
Broadcasting AcceptRequest(2, v1)
[step=104] DELIVER from=1 to=5 type=AcceptRequest { ballot: 2, value: "v1" } queue_len=14
Broadcasting AcceptRequest(2, v1)
[step=105] DELIVER from=1 to=6 type=AcceptRequest { ballot: 2, value: "v1" } queue_len=14
Broadcasting AcceptRequest(2, v1)
[step=106] DELIVER from=1 to=7 type=AcceptRequest { ballot: 2, value: "v1" } queue_len=14
Broadcasting AcceptRequest(2, v1)
[step=107] DELIVER from=1 to=8 type=AcceptRequest { ballot: 2, value: "v1" } queue_len=14
Broadcasting AcceptRequest(2, v1)
[step=108] DELIVER from=1 to=9 type=AcceptRequest { ballot: 2, value: "v1" } queue_len=14
Broadcasting AcceptRequest(2, v1)
[step=109] DELIVER from=1 to=10 type=AcceptRequest { ballot: 2, value: "v1" } queue_len=14
Broadcasting AcceptRequest(2, v1)
[step=110] DELIVER from=1 to=11 type=AcceptRequest { ballot: 2, value: "v1" } queue_len=14
Broadcasting AcceptRequest(2, v1)
[step=111] DELIVER from=1 to=12 type=AcceptRequest { ballot: 2, value: "v1" } queue_len=14
Broadcasting AcceptRequest(2, v1)
[step=112] DELIVER from=1 to=13 type=AcceptRequest { ballot: 2, value: "v1" } queue_len=14
Broadcasting AcceptRequest(2, v1)
[step=113] DELIVER from=1 to=14 type=AcceptRequest { ballot: 2, value: "v1" } queue_len=14
Broadcasting AcceptRequest(2, v1)
[step=114] DELIVER from=1 to=15 type=AcceptRequest { ballot: 2, value: "v1" } queue_len=14
Broadcasting AcceptRequest(2, v1)
[PROGRESS-QUORUM-DELIVER] from=1 to=1 type=Accepted { ballot: 2, value: "v1" }
[step=115] DELIVER from=1 to=1 type=Accepted { ballot: 2, value: "v1" } queue_len=14
[PROGRESS-QUORUM-DELIVER] from=2 to=1 type=Accepted { ballot: 2, value: "v1" }
[step=116] DELIVER from=2 to=1 type=Accepted { ballot: 2, value: "v1" } queue_len=13
[PROGRESS-QUORUM-DELIVER] from=3 to=1 type=Accepted { ballot: 2, value: "v1" }
[step=117] DELIVER from=3 to=1 type=Accepted { ballot: 2, value: "v1" } queue_len=12
[PROGRESS-QUORUM-DELIVER] from=4 to=1 type=Accepted { ballot: 2, value: "v1" }
[step=118] DELIVER from=4 to=1 type=Accepted { ballot: 2, value: "v1" } queue_len=11
[PROGRESS-QUORUM-DELIVER] from=5 to=1 type=Accepted { ballot: 2, value: "v1" }
[step=119] DELIVER from=5 to=1 type=Accepted { ballot: 2, value: "v1" } queue_len=10
[PROGRESS-QUORUM-DELIVER] from=6 to=1 type=Accepted { ballot: 2, value: "v1" }
[step=120] DELIVER from=6 to=1 type=Accepted { ballot: 2, value: "v1" } queue_len=9
[PROGRESS-QUORUM-DELIVER] from=7 to=1 type=Accepted { ballot: 2, value: "v1" }
[step=121] DELIVER from=7 to=1 type=Accepted { ballot: 2, value: "v1" } queue_len=8
[PROGRESS-QUORUM-DELIVER] from=8 to=1 type=Accepted { ballot: 2, value: "v1" }
[step=122] DELIVER from=8 to=1 type=Accepted { ballot: 2, value: "v1" } queue_len=7
[PAXOS-QUORUM-ACCEPTED] ballot=2 count=8 quorum=8 current=2
[PROGRESS-QUORUM-DELIVER] from=9 to=1 type=Accepted { ballot: 2, value: "v1" }
[step=123] DELIVER from=9 to=1 type=Accepted { ballot: 2, value: "v1" } queue_len=6
[PROGRESS-QUORUM-DELIVER] from=10 to=1 type=Accepted { ballot: 2, value: "v1" }
[step=124] DELIVER from=10 to=1 type=Accepted { ballot: 2, value: "v1" } queue_len=5
[PROGRESS-QUORUM-DELIVER] from=11 to=1 type=Accepted { ballot: 2, value: "v1" }
[step=125] DELIVER from=11 to=1 type=Accepted { ballot: 2, value: "v1" } queue_len=4
[PROGRESS-QUORUM-DELIVER] from=12 to=1 type=Accepted { ballot: 2, value: "v1" }
[step=126] DELIVER from=12 to=1 type=Accepted { ballot: 2, value: "v1" } queue_len=3
[PROGRESS-QUORUM-DELIVER] from=13 to=1 type=Accepted { ballot: 2, value: "v1" }
[step=127] DELIVER from=13 to=1 type=Accepted { ballot: 2, value: "v1" } queue_len=2
[PROGRESS-QUORUM-DELIVER] from=14 to=1 type=Accepted { ballot: 2, value: "v1" }
[step=128] DELIVER from=14 to=1 type=Accepted { ballot: 2, value: "v1" } queue_len=1
[PROGRESS-QUORUM-DELIVER] from=15 to=1 type=Accepted { ballot: 2, value: "v1" }
[step=129] DELIVER from=15 to=1 type=Accepted { ballot: 2, value: "v1" } queue_len=0

=== Metrics ===
Messages Sent: 90
Messages Delivered: 90
Scheduler Steps: 131
Stale Messages Ignored: 0
Messages Sent Until Decision: 0
Undelivered Messages At Decision: 0
Timeout triggered: 1
View changes: 0
Decisions: 1
Prepare Messages: 30
Promise Messages: 30
Accept Requests: 15
Accepted Messages: 15
Raft Leader Elected: false
Raft Leader Id: None
Raft Election Count: 0
AppendEntries Messages: 0
AppendResponse Messages: 0
Heartbeat Successes: 0
Heartbeat Rejections: 0
Raft Config Changes: 0
Raft Config Acks: 0
Raft Config Activated: false
Nack Messages: 0
Paxos Retries: 1
Max Ballot Seen: 2
Reached Step Cap: false
Max Steps: 5000
Membership Changes: 0
Membership Acks: 0
Chosen Values: {"v1"}
Safety Violation: false
Paxos Retry Exhausted: false
Critical Messages Delayed: 0
Delayed Messages Released: 0
