
=== Run 1 ===
Nodes: 5
Quorum: 3
Simulation starting
[step=0] DELIVER from=1 to=1 type=Prepare { ballot: 1 } queue_len=4
[PAXOS-TICK] phase=WaitingForPromises elapsed=0 timeout=20 ballot=1 promises=0 accepted=0
[step=1] DELIVER from=1 to=2 type=Prepare { ballot: 1 } queue_len=4
[PAXOS-TICK] phase=WaitingForPromises elapsed=1 timeout=20 ballot=1 promises=0 accepted=0
[step=2] DELIVER from=1 to=3 type=Prepare { ballot: 1 } queue_len=4
[PAXOS-TICK] phase=WaitingForPromises elapsed=2 timeout=20 ballot=1 promises=0 accepted=0
[step=3] DELIVER from=1 to=4 type=Prepare { ballot: 1 } queue_len=4
[PAXOS-TICK] phase=WaitingForPromises elapsed=3 timeout=20 ballot=1 promises=0 accepted=0
[step=4] DELIVER from=1 to=5 type=Prepare { ballot: 1 } queue_len=4
[PAXOS-TICK] phase=WaitingForPromises elapsed=4 timeout=20 ballot=1 promises=0 accepted=0
[PROGRESS-QUORUM-DELIVER] from=1 to=1 type=Promise { ballot: 1, accepted_ballot: None, accepted_value: None }
[step=5] DELIVER from=1 to=1 type=Promise { ballot: 1, accepted_ballot: None, accepted_value: None } queue_len=4
[PROMISE-TRACE] from=1 received_ballot=1 current_ballot=1 match=true
[PAXOS-TICK] phase=WaitingForPromises elapsed=5 timeout=20 ballot=1 promises=1 accepted=0
[PROGRESS-QUORUM-DELIVER] from=2 to=1 type=Promise { ballot: 1, accepted_ballot: None, accepted_value: None }
[step=6] DELIVER from=2 to=1 type=Promise { ballot: 1, accepted_ballot: None, accepted_value: None } queue_len=3
[PROMISE-TRACE] from=2 received_ballot=1 current_ballot=1 match=true
[PAXOS-TICK] phase=WaitingForPromises elapsed=6 timeout=20 ballot=1 promises=2 accepted=0
[PROGRESS-CAP] key=4-1-Promise { ballot: 1, accepted_ballot: None, accepted_value: None } count=1 max=50
[PROGRESS-QUORUM-DELAY] spent=1 remaining=14 queue_len=3 delayed=Promise { ballot: 1, accepted_ballot: None, accepted_value: None }
[PAXOS-TICK] phase=WaitingForPromises elapsed=7 timeout=20 ballot=1 promises=2 accepted=0
[PROGRESS-CAP] key=4-1-Promise { ballot: 1, accepted_ballot: None, accepted_value: None } count=2 max=50
[PROGRESS-QUORUM-DELAY] spent=2 remaining=13 queue_len=3 delayed=Promise { ballot: 1, accepted_ballot: None, accepted_value: None }
[PAXOS-TICK] phase=WaitingForPromises elapsed=8 timeout=20 ballot=1 promises=2 accepted=0
[PROGRESS-CAP] key=3-1-Promise { ballot: 1, accepted_ballot: None, accepted_value: None } count=1 max=50
[PROGRESS-QUORUM-DELAY] spent=3 remaining=12 queue_len=3 delayed=Promise { ballot: 1, accepted_ballot: None, accepted_value: None }
[PAXOS-TICK] phase=WaitingForPromises elapsed=9 timeout=20 ballot=1 promises=2 accepted=0
[PROGRESS-CAP] key=3-1-Promise { ballot: 1, accepted_ballot: None, accepted_value: None } count=2 max=50
[PROGRESS-QUORUM-DELAY] spent=4 remaining=11 queue_len=3 delayed=Promise { ballot: 1, accepted_ballot: None, accepted_value: None }
[PAXOS-TICK] phase=WaitingForPromises elapsed=10 timeout=20 ballot=1 promises=2 accepted=0
[PROGRESS-CAP] key=4-1-Promise { ballot: 1, accepted_ballot: None, accepted_value: None } count=3 max=50
[PROGRESS-QUORUM-DELAY] spent=5 remaining=10 queue_len=3 delayed=Promise { ballot: 1, accepted_ballot: None, accepted_value: None }
[PAXOS-TICK] phase=WaitingForPromises elapsed=11 timeout=20 ballot=1 promises=2 accepted=0
[PROGRESS-CAP] key=4-1-Promise { ballot: 1, accepted_ballot: None, accepted_value: None } count=4 max=50
[PROGRESS-QUORUM-DELAY] spent=6 remaining=9 queue_len=3 delayed=Promise { ballot: 1, accepted_ballot: None, accepted_value: None }
[PAXOS-TICK] phase=WaitingForPromises elapsed=12 timeout=20 ballot=1 promises=2 accepted=0
[PROGRESS-CAP] key=3-1-Promise { ballot: 1, accepted_ballot: None, accepted_value: None } count=3 max=50
[PROGRESS-QUORUM-DELAY] spent=7 remaining=8 queue_len=3 delayed=Promise { ballot: 1, accepted_ballot: None, accepted_value: None }
[PAXOS-TICK] phase=WaitingForPromises elapsed=13 timeout=20 ballot=1 promises=2 accepted=0
[PROGRESS-CAP] key=4-1-Promise { ballot: 1, accepted_ballot: None, accepted_value: None } count=5 max=50
[PROGRESS-QUORUM-DELAY] spent=8 remaining=7 queue_len=3 delayed=Promise { ballot: 1, accepted_ballot: None, accepted_value: None }
[PAXOS-TICK] phase=WaitingForPromises elapsed=14 timeout=20 ballot=1 promises=2 accepted=0
[PROGRESS-CAP] key=5-1-Promise { ballot: 1, accepted_ballot: None, accepted_value: None } count=1 max=50
[PROGRESS-QUORUM-DELAY] spent=9 remaining=6 queue_len=3 delayed=Promise { ballot: 1, accepted_ballot: None, accepted_value: None }
[PAXOS-TICK] phase=WaitingForPromises elapsed=15 timeout=20 ballot=1 promises=2 accepted=0
[PROGRESS-CAP] key=3-1-Promise { ballot: 1, accepted_ballot: None, accepted_value: None } count=4 max=50
[PROGRESS-QUORUM-DELAY] spent=10 remaining=5 queue_len=3 delayed=Promise { ballot: 1, accepted_ballot: None, accepted_value: None }
[PAXOS-TICK] phase=WaitingForPromises elapsed=16 timeout=20 ballot=1 promises=2 accepted=0
[PROGRESS-CAP] key=3-1-Promise { ballot: 1, accepted_ballot: None, accepted_value: None } count=5 max=50
[PROGRESS-QUORUM-DELAY] spent=11 remaining=4 queue_len=3 delayed=Promise { ballot: 1, accepted_ballot: None, accepted_value: None }
[PAXOS-TICK] phase=WaitingForPromises elapsed=17 timeout=20 ballot=1 promises=2 accepted=0
[PROGRESS-CAP] key=4-1-Promise { ballot: 1, accepted_ballot: None, accepted_value: None } count=6 max=50
[PROGRESS-QUORUM-DELAY] spent=12 remaining=3 queue_len=3 delayed=Promise { ballot: 1, accepted_ballot: None, accepted_value: None }
[PAXOS-TICK] phase=WaitingForPromises elapsed=18 timeout=20 ballot=1 promises=2 accepted=0
[PROGRESS-CAP] key=5-1-Promise { ballot: 1, accepted_ballot: None, accepted_value: None } count=2 max=50
[PROGRESS-QUORUM-DELAY] spent=13 remaining=2 queue_len=3 delayed=Promise { ballot: 1, accepted_ballot: None, accepted_value: None }
[PAXOS-TICK] phase=WaitingForPromises elapsed=19 timeout=20 ballot=1 promises=2 accepted=0
[TIMEOUT-CAUSE] phase=WaitingForPromises ballot=1 promises=2 accepted=0 quorum=3
[PROGRESS-QUORUM-DELIVER] from=3 to=1 type=Promise { ballot: 1, accepted_ballot: None, accepted_value: None }
[step=20] DELIVER from=3 to=1 type=Promise { ballot: 1, accepted_ballot: None, accepted_value: None } queue_len=7
[PROMISE-TRACE] from=3 received_ballot=1 current_ballot=2 match=false
[PAXOS-TICK] phase=WaitingForPromises elapsed=0 timeout=20 ballot=2 promises=0 accepted=0
[PROGRESS-QUORUM-DELIVER] from=4 to=1 type=Promise { ballot: 1, accepted_ballot: None, accepted_value: None }
[step=21] DELIVER from=4 to=1 type=Promise { ballot: 1, accepted_ballot: None, accepted_value: None } queue_len=6
[PROMISE-TRACE] from=4 received_ballot=1 current_ballot=2 match=false
[PAXOS-TICK] phase=WaitingForPromises elapsed=1 timeout=20 ballot=2 promises=0 accepted=0
[PROGRESS-QUORUM-DELIVER] from=5 to=1 type=Promise { ballot: 1, accepted_ballot: None, accepted_value: None }
[step=22] DELIVER from=5 to=1 type=Promise { ballot: 1, accepted_ballot: None, accepted_value: None } queue_len=5
[PROMISE-TRACE] from=5 received_ballot=1 current_ballot=2 match=false
[PAXOS-TICK] phase=WaitingForPromises elapsed=2 timeout=20 ballot=2 promises=0 accepted=0
[step=23] DELIVER from=1 to=1 type=Prepare { ballot: 2 } queue_len=4
[PAXOS-TICK] phase=WaitingForPromises elapsed=3 timeout=20 ballot=2 promises=0 accepted=0
[step=24] DELIVER from=1 to=2 type=Prepare { ballot: 2 } queue_len=4
[PAXOS-TICK] phase=WaitingForPromises elapsed=4 timeout=20 ballot=2 promises=0 accepted=0
[step=25] DELIVER from=1 to=3 type=Prepare { ballot: 2 } queue_len=4
[PAXOS-TICK] phase=WaitingForPromises elapsed=5 timeout=20 ballot=2 promises=0 accepted=0
[step=26] DELIVER from=1 to=4 type=Prepare { ballot: 2 } queue_len=4
[PAXOS-TICK] phase=WaitingForPromises elapsed=6 timeout=20 ballot=2 promises=0 accepted=0
[step=27] DELIVER from=1 to=5 type=Prepare { ballot: 2 } queue_len=4
[PAXOS-TICK] phase=WaitingForPromises elapsed=7 timeout=20 ballot=2 promises=0 accepted=0
[PROGRESS-QUORUM-DELIVER] from=1 to=1 type=Promise { ballot: 2, accepted_ballot: None, accepted_value: None }
[step=28] DELIVER from=1 to=1 type=Promise { ballot: 2, accepted_ballot: None, accepted_value: None } queue_len=4
[PROMISE-TRACE] from=1 received_ballot=2 current_ballot=2 match=true
[PAXOS-TICK] phase=WaitingForPromises elapsed=8 timeout=20 ballot=2 promises=1 accepted=0
[PROGRESS-QUORUM-DELIVER] from=2 to=1 type=Promise { ballot: 2, accepted_ballot: None, accepted_value: None }
[step=29] DELIVER from=2 to=1 type=Promise { ballot: 2, accepted_ballot: None, accepted_value: None } queue_len=3
[PROMISE-TRACE] from=2 received_ballot=2 current_ballot=2 match=true
[PAXOS-TICK] phase=WaitingForPromises elapsed=9 timeout=20 ballot=2 promises=2 accepted=0
[PROGRESS-CAP] key=5-1-Promise { ballot: 2, accepted_ballot: None, accepted_value: None } count=1 max=50
[PROGRESS-QUORUM-DELAY] spent=14 remaining=1 queue_len=3 delayed=Promise { ballot: 2, accepted_ballot: None, accepted_value: None }
[PAXOS-TICK] phase=WaitingForPromises elapsed=10 timeout=20 ballot=2 promises=2 accepted=0
[PROGRESS-CAP] key=5-1-Promise { ballot: 2, accepted_ballot: None, accepted_value: None } count=2 max=50
[PROGRESS-QUORUM-DELAY] spent=15 remaining=0 queue_len=3 delayed=Promise { ballot: 2, accepted_ballot: None, accepted_value: None }
[PAXOS-TICK] phase=WaitingForPromises elapsed=11 timeout=20 ballot=2 promises=2 accepted=0
[PROGRESS-QUORUM-DELIVER] from=3 to=1 type=Promise { ballot: 2, accepted_ballot: None, accepted_value: None }
[step=32] DELIVER from=3 to=1 type=Promise { ballot: 2, accepted_ballot: None, accepted_value: None } queue_len=2
[PROMISE-TRACE] from=3 received_ballot=2 current_ballot=2 match=true
[PAXOS-QUORUM-PROMISE] ballot=2 count=3 quorum=3 current=2
[PROGRESS-QUORUM-DELIVER] from=4 to=1 type=Promise { ballot: 2, accepted_ballot: None, accepted_value: None }
[step=33] DELIVER from=4 to=1 type=Promise { ballot: 2, accepted_ballot: None, accepted_value: None } queue_len=6
[PROMISE-TRACE] from=4 received_ballot=2 current_ballot=2 match=true
[PROGRESS-QUORUM-DELIVER] from=5 to=1 type=Promise { ballot: 2, accepted_ballot: None, accepted_value: None }
[step=34] DELIVER from=5 to=1 type=Promise { ballot: 2, accepted_ballot: None, accepted_value: None } queue_len=5
[PROMISE-TRACE] from=5 received_ballot=2 current_ballot=2 match=true
[step=35] DELIVER from=1 to=1 type=AcceptRequest { ballot: 2, value: "v1" } queue_len=4
Broadcasting AcceptRequest(2, v1)
[step=36] DELIVER from=1 to=2 type=AcceptRequest { ballot: 2, value: "v1" } queue_len=4
Broadcasting AcceptRequest(2, v1)
[step=37] DELIVER from=1 to=3 type=AcceptRequest { ballot: 2, value: "v1" } queue_len=4
Broadcasting AcceptRequest(2, v1)
[step=38] DELIVER from=1 to=4 type=AcceptRequest { ballot: 2, value: "v1" } queue_len=4
Broadcasting AcceptRequest(2, v1)
[step=39] DELIVER from=1 to=5 type=AcceptRequest { ballot: 2, value: "v1" } queue_len=4
Broadcasting AcceptRequest(2, v1)
[PROGRESS-QUORUM-DELIVER] from=1 to=1 type=Accepted { ballot: 2, value: "v1" }
[step=40] DELIVER from=1 to=1 type=Accepted { ballot: 2, value: "v1" } queue_len=4
[PROGRESS-QUORUM-DELIVER] from=2 to=1 type=Accepted { ballot: 2, value: "v1" }
[step=41] DELIVER from=2 to=1 type=Accepted { ballot: 2, value: "v1" } queue_len=3
[PROGRESS-QUORUM-DELIVER] from=3 to=1 type=Accepted { ballot: 2, value: "v1" }
[step=42] DELIVER from=3 to=1 type=Accepted { ballot: 2, value: "v1" } queue_len=2
[PAXOS-QUORUM-ACCEPTED] ballot=2 count=3 quorum=3 current=2
[PROGRESS-QUORUM-DELIVER] from=4 to=1 type=Accepted { ballot: 2, value: "v1" }
[step=43] DELIVER from=4 to=1 type=Accepted { ballot: 2, value: "v1" } queue_len=1
[PROGRESS-QUORUM-DELIVER] from=5 to=1 type=Accepted { ballot: 2, value: "v1" }
[step=44] DELIVER from=5 to=1 type=Accepted { ballot: 2, value: "v1" } queue_len=0

=== Metrics ===
Messages Sent: 30
Messages Delivered: 30
Scheduler Steps: 46
Stale Messages Ignored: 0
Messages Sent Until Decision: 0
Undelivered Messages At Decision: 0
Timeout triggered: 1
View changes: 0
Decisions: 1
Prepare Messages: 10
Promise Messages: 10
Accept Requests: 5
Accepted Messages: 5
Raft Leader Elected: false
Raft Leader Id: None
Raft Election Count: 0
AppendEntries Messages: 0
AppendResponse Messages: 0
Heartbeat Successes: 0
Heartbeat Rejections: 0
Raft Config Changes: 0
Raft Config Acks: 0
Raft Config Activated: false
Nack Messages: 0
Paxos Retries: 1
Max Ballot Seen: 2
Reached Step Cap: false
Max Steps: 5000
Membership Changes: 0
Membership Acks: 0
Chosen Values: {"v1"}
Safety Violation: false
Paxos Retry Exhausted: false
Critical Messages Delayed: 0
Delayed Messages Released: 0
