
=== Run 1 ===
Nodes: 5
Quorum: 3
Simulation starting
[step=0] DELIVER from=1 to=1 type=Prepare { ballot: 1 } queue_len=4
[PAXOS-TICK] phase=WaitingForPromises elapsed=0 timeout=15 ballot=1 promises=0 accepted=0
[PROB-INTERLEAVED-TARGETED] spent=1 remaining=39 queue_len=5 delayed=Promise { ballot: 1, accepted_ballot: None, accepted_value: None }
[PAXOS-TICK] phase=WaitingForPromises elapsed=1 timeout=15 ballot=1 promises=0 accepted=0
[PROB-INTERLEAVED-TARGETED] spent=2 remaining=38 queue_len=5 delayed=Promise { ballot: 1, accepted_ballot: None, accepted_value: None }
[PAXOS-TICK] phase=WaitingForPromises elapsed=2 timeout=15 ballot=1 promises=0 accepted=0
[step=3] DELIVER from=1 to=2 type=Prepare { ballot: 1 } queue_len=4
[PAXOS-TICK] phase=WaitingForPromises elapsed=3 timeout=15 ballot=1 promises=0 accepted=0
[PROB-INTERLEAVED-TARGETED] spent=3 remaining=37 queue_len=5 delayed=Promise { ballot: 1, accepted_ballot: None, accepted_value: None }
[PAXOS-TICK] phase=WaitingForPromises elapsed=4 timeout=15 ballot=1 promises=0 accepted=0
[PROB-INTERLEAVED-TARGETED] spent=4 remaining=36 queue_len=5 delayed=Promise { ballot: 1, accepted_ballot: None, accepted_value: None }
[PAXOS-TICK] phase=WaitingForPromises elapsed=5 timeout=15 ballot=1 promises=0 accepted=0
[step=6] DELIVER from=1 to=3 type=Prepare { ballot: 1 } queue_len=4
[PAXOS-TICK] phase=WaitingForPromises elapsed=6 timeout=15 ballot=1 promises=0 accepted=0
[step=7] DELIVER from=1 to=4 type=Prepare { ballot: 1 } queue_len=4
[PAXOS-TICK] phase=WaitingForPromises elapsed=7 timeout=15 ballot=1 promises=0 accepted=0
[PROB-INTERLEAVED-TARGETED] spent=5 remaining=35 queue_len=5 delayed=Promise { ballot: 1, accepted_ballot: None, accepted_value: None }
[PAXOS-TICK] phase=WaitingForPromises elapsed=8 timeout=15 ballot=1 promises=0 accepted=0
[PROB-INTERLEAVED-TARGETED] spent=6 remaining=34 queue_len=5 delayed=Promise { ballot: 1, accepted_ballot: None, accepted_value: None }
[PAXOS-TICK] phase=WaitingForPromises elapsed=9 timeout=15 ballot=1 promises=0 accepted=0
[step=10] DELIVER from=1 to=5 type=Prepare { ballot: 1 } queue_len=4
[PAXOS-TICK] phase=WaitingForPromises elapsed=10 timeout=15 ballot=1 promises=0 accepted=0
[PROB-INTERLEAVED-TARGETED] spent=7 remaining=33 queue_len=5 delayed=Promise { ballot: 1, accepted_ballot: None, accepted_value: None }
[PAXOS-TICK] phase=WaitingForPromises elapsed=11 timeout=15 ballot=1 promises=0 accepted=0
[step=12] DELIVER from=1 to=1 type=Promise { ballot: 1, accepted_ballot: None, accepted_value: None } queue_len=4
[PROMISE-TRACE] from=1 received_ballot=1 current_ballot=1 match=true
[PAXOS-TICK] phase=WaitingForPromises elapsed=12 timeout=15 ballot=1 promises=1 accepted=0
[PROB-INTERLEAVED-TARGETED] spent=8 remaining=32 queue_len=4 delayed=Promise { ballot: 1, accepted_ballot: None, accepted_value: None }
[PAXOS-TICK] phase=WaitingForPromises elapsed=13 timeout=15 ballot=1 promises=1 accepted=0
[step=14] DELIVER from=4 to=1 type=Promise { ballot: 1, accepted_ballot: None, accepted_value: None } queue_len=3
[PROMISE-TRACE] from=4 received_ballot=1 current_ballot=1 match=true
[PAXOS-TICK] phase=WaitingForPromises elapsed=14 timeout=15 ballot=1 promises=2 accepted=0
[PROB-INTERLEAVED-TARGETED] spent=9 remaining=31 queue_len=8 delayed=Promise { ballot: 1, accepted_ballot: None, accepted_value: None }
[PAXOS-TICK] phase=WaitingForPromises elapsed=15 timeout=15 ballot=2 promises=0 accepted=0
[PROB-INTERLEAVED-TARGETED] spent=10 remaining=30 queue_len=13 delayed=Promise { ballot: 1, accepted_ballot: None, accepted_value: None }
[PAXOS-TICK] phase=WaitingForPromises elapsed=16 timeout=15 ballot=3 promises=0 accepted=0
[step=17] DELIVER from=2 to=1 type=Promise { ballot: 1, accepted_ballot: None, accepted_value: None } queue_len=17
[PROMISE-TRACE] from=2 received_ballot=1 current_ballot=4 match=false
[PAXOS-TICK] phase=WaitingForPromises elapsed=17 timeout=15 ballot=4 promises=0 accepted=0
[PROB-INTERLEAVED-TARGETED] spent=11 remaining=29 queue_len=22 delayed=Promise { ballot: 1, accepted_ballot: None, accepted_value: None }
[PAXOS-TICK] phase=WaitingForPromises elapsed=18 timeout=15 ballot=5 promises=0 accepted=0
[PROB-INTERLEAVED-TARGETED] spent=12 remaining=28 queue_len=27 delayed=Promise { ballot: 1, accepted_ballot: None, accepted_value: None }
[PAXOS-TICK] phase=WaitingForPromises elapsed=19 timeout=15 ballot=6 promises=0 accepted=0
[step=20] DELIVER from=5 to=1 type=Promise { ballot: 1, accepted_ballot: None, accepted_value: None } queue_len=31
[PROMISE-TRACE] from=5 received_ballot=1 current_ballot=7 match=false
[PAXOS-TICK] phase=WaitingForPromises elapsed=20 timeout=15 ballot=7 promises=0 accepted=0
[PROB-INTERLEAVED-TARGETED] spent=13 remaining=27 queue_len=36 delayed=Promise { ballot: 1, accepted_ballot: None, accepted_value: None }
[PAXOS-TICK] phase=WaitingForPromises elapsed=21 timeout=15 ballot=8 promises=0 accepted=0
[step=22] DELIVER from=1 to=1 type=Prepare { ballot: 2 } queue_len=40
[PAXOS-TICK] phase=WaitingForPromises elapsed=22 timeout=15 ballot=9 promises=0 accepted=0
[step=23] DELIVER from=1 to=2 type=Prepare { ballot: 2 } queue_len=45
[PAXOS-TICK] phase=WaitingForPromises elapsed=23 timeout=15 ballot=10 promises=0 accepted=0
[step=24] DELIVER from=1 to=3 type=Prepare { ballot: 2 } queue_len=50
[PAXOS-TICK] phase=WaitingForPromises elapsed=24 timeout=15 ballot=11 promises=0 accepted=0
[PROB-INTERLEAVED-TARGETED] spent=14 remaining=26 queue_len=56 delayed=Promise { ballot: 2, accepted_ballot: None, accepted_value: None }
[PAXOS-TICK] phase=WaitingForPromises elapsed=25 timeout=15 ballot=12 promises=0 accepted=0
[PROB-INTERLEAVED-TARGETED] spent=15 remaining=25 queue_len=61 delayed=Promise { ballot: 2, accepted_ballot: None, accepted_value: None }
[PAXOS-TICK] phase=WaitingForPromises elapsed=26 timeout=15 ballot=13 promises=0 accepted=0
[PROB-INTERLEAVED-TARGETED] spent=16 remaining=24 queue_len=66 delayed=Promise { ballot: 2, accepted_ballot: None, accepted_value: None }
[PAXOS-TICK] phase=WaitingForPromises elapsed=27 timeout=15 ballot=14 promises=0 accepted=0
[step=28] DELIVER from=1 to=4 type=Prepare { ballot: 2 } queue_len=70
[PAXOS-TICK] phase=WaitingForPromises elapsed=28 timeout=15 ballot=15 promises=0 accepted=0
[step=29] DELIVER from=1 to=5 type=Prepare { ballot: 2 } queue_len=75
[PAXOS-TICK] phase=WaitingForPromises elapsed=29 timeout=15 ballot=16 promises=0 accepted=0
[PROB-INTERLEAVED-TARGETED] spent=17 remaining=23 queue_len=81 delayed=Promise { ballot: 2, accepted_ballot: None, accepted_value: None }
[PAXOS-TICK] phase=WaitingForPromises elapsed=30 timeout=15 ballot=17 promises=0 accepted=0
[PROB-INTERLEAVED-TARGETED] spent=18 remaining=22 queue_len=86 delayed=Promise { ballot: 1, accepted_ballot: None, accepted_value: None }
[PAXOS-TICK] phase=WaitingForPromises elapsed=31 timeout=15 ballot=18 promises=0 accepted=0
[PROB-INTERLEAVED-TARGETED] spent=19 remaining=21 queue_len=91 delayed=Promise { ballot: 2, accepted_ballot: None, accepted_value: None }
[PAXOS-TICK] phase=WaitingForPromises elapsed=32 timeout=15 ballot=19 promises=0 accepted=0
[PROB-INTERLEAVED-TARGETED] spent=20 remaining=20 queue_len=96 delayed=Promise { ballot: 2, accepted_ballot: None, accepted_value: None }
[PAXOS-TICK] phase=WaitingForPromises elapsed=33 timeout=15 ballot=20 promises=0 accepted=0
[step=34] DELIVER from=1 to=1 type=Prepare { ballot: 3 } queue_len=100
[PAXOS-TICK] phase=WaitingForPromises elapsed=34 timeout=15 ballot=21 promises=0 accepted=0
[step=35] DELIVER from=1 to=2 type=Prepare { ballot: 3 } queue_len=100
[PAXOS-TICK] phase=WaitingForPromises elapsed=35 timeout=15 ballot=21 promises=0 accepted=0
[PROB-INTERLEAVED-TARGETED] spent=21 remaining=19 queue_len=101 delayed=Promise { ballot: 3, accepted_ballot: None, accepted_value: None }
[PAXOS-TICK] phase=WaitingForPromises elapsed=36 timeout=15 ballot=21 promises=0 accepted=0
[PROB-INTERLEAVED-TARGETED] spent=22 remaining=18 queue_len=101 delayed=Promise { ballot: 2, accepted_ballot: None, accepted_value: None }
[PAXOS-TICK] phase=WaitingForPromises elapsed=37 timeout=15 ballot=21 promises=0 accepted=0
[step=38] DELIVER from=1 to=3 type=Prepare { ballot: 3 } queue_len=100
[PAXOS-TICK] phase=WaitingForPromises elapsed=38 timeout=15 ballot=21 promises=0 accepted=0
[step=39] DELIVER from=1 to=4 type=Prepare { ballot: 3 } queue_len=100
[PAXOS-TICK] phase=WaitingForPromises elapsed=39 timeout=15 ballot=21 promises=0 accepted=0
[PROB-INTERLEAVED-TARGETED] spent=23 remaining=17 queue_len=101 delayed=Promise { ballot: 3, accepted_ballot: None, accepted_value: None }
[PAXOS-TICK] phase=WaitingForPromises elapsed=40 timeout=15 ballot=21 promises=0 accepted=0
[step=41] DELIVER from=1 to=5 type=Prepare { ballot: 3 } queue_len=100
[PAXOS-TICK] phase=WaitingForPromises elapsed=41 timeout=15 ballot=21 promises=0 accepted=0
[step=42] DELIVER from=1 to=1 type=Prepare { ballot: 4 } queue_len=100
[PAXOS-TICK] phase=WaitingForPromises elapsed=42 timeout=15 ballot=21 promises=0 accepted=0
[PROB-INTERLEAVED-TARGETED] spent=24 remaining=16 queue_len=101 delayed=Promise { ballot: 3, accepted_ballot: None, accepted_value: None }
[PAXOS-TICK] phase=WaitingForPromises elapsed=43 timeout=15 ballot=21 promises=0 accepted=0
[step=44] DELIVER from=1 to=2 type=Prepare { ballot: 4 } queue_len=100
[PAXOS-TICK] phase=WaitingForPromises elapsed=44 timeout=15 ballot=21 promises=0 accepted=0
[step=45] DELIVER from=1 to=3 type=Prepare { ballot: 4 } queue_len=100
[PAXOS-TICK] phase=WaitingForPromises elapsed=45 timeout=15 ballot=21 promises=0 accepted=0
[step=46] DELIVER from=1 to=4 type=Prepare { ballot: 4 } queue_len=100
[PAXOS-TICK] phase=WaitingForPromises elapsed=46 timeout=15 ballot=21 promises=0 accepted=0
[PROB-INTERLEAVED-TARGETED] spent=25 remaining=15 queue_len=101 delayed=Promise { ballot: 2, accepted_ballot: None, accepted_value: None }
[PAXOS-TICK] phase=WaitingForPromises elapsed=47 timeout=15 ballot=21 promises=0 accepted=0
[step=48] DELIVER from=1 to=5 type=Prepare { ballot: 4 } queue_len=100
[PAXOS-TICK] phase=WaitingForPromises elapsed=48 timeout=15 ballot=21 promises=0 accepted=0
[step=49] DELIVER from=1 to=1 type=Prepare { ballot: 5 } queue_len=100
[PAXOS-TICK] phase=WaitingForPromises elapsed=49 timeout=15 ballot=21 promises=0 accepted=0
[PROB-INTERLEAVED-TARGETED] spent=26 remaining=14 queue_len=101 delayed=Promise { ballot: 2, accepted_ballot: None, accepted_value: None }
[PAXOS-TICK] phase=WaitingForPromises elapsed=50 timeout=15 ballot=21 promises=0 accepted=0
[step=51] DELIVER from=1 to=2 type=Prepare { ballot: 5 } queue_len=100
[PAXOS-TICK] phase=WaitingForPromises elapsed=51 timeout=15 ballot=21 promises=0 accepted=0
[step=52] DELIVER from=1 to=3 type=Prepare { ballot: 5 } queue_len=100
[PAXOS-TICK] phase=WaitingForPromises elapsed=52 timeout=15 ballot=21 promises=0 accepted=0
[step=53] DELIVER from=1 to=4 type=Prepare { ballot: 5 } queue_len=100
[PAXOS-TICK] phase=WaitingForPromises elapsed=53 timeout=15 ballot=21 promises=0 accepted=0
[step=54] DELIVER from=1 to=5 type=Prepare { ballot: 5 } queue_len=100
[PAXOS-TICK] phase=WaitingForPromises elapsed=54 timeout=15 ballot=21 promises=0 accepted=0
[step=55] DELIVER from=1 to=1 type=Prepare { ballot: 6 } queue_len=100
[PAXOS-TICK] phase=WaitingForPromises elapsed=55 timeout=15 ballot=21 promises=0 accepted=0
[step=56] DELIVER from=1 to=2 type=Prepare { ballot: 6 } queue_len=100
[PAXOS-TICK] phase=WaitingForPromises elapsed=56 timeout=15 ballot=21 promises=0 accepted=0
[PROB-INTERLEAVED-TARGETED] spent=27 remaining=13 queue_len=101 delayed=Promise { ballot: 2, accepted_ballot: None, accepted_value: None }
[PAXOS-TICK] phase=WaitingForPromises elapsed=57 timeout=15 ballot=21 promises=0 accepted=0
[PROB-INTERLEAVED-TARGETED] spent=28 remaining=12 queue_len=101 delayed=Promise { ballot: 6, accepted_ballot: None, accepted_value: None }
[PAXOS-TICK] phase=WaitingForPromises elapsed=58 timeout=15 ballot=21 promises=0 accepted=0
[step=59] DELIVER from=1 to=3 type=Prepare { ballot: 6 } queue_len=100
[PAXOS-TICK] phase=WaitingForPromises elapsed=59 timeout=15 ballot=21 promises=0 accepted=0
[PROB-INTERLEAVED-TARGETED] spent=29 remaining=11 queue_len=101 delayed=Promise { ballot: 2, accepted_ballot: None, accepted_value: None }
[PAXOS-TICK] phase=WaitingForPromises elapsed=60 timeout=15 ballot=21 promises=0 accepted=0
[step=61] DELIVER from=1 to=4 type=Prepare { ballot: 6 } queue_len=100
[PAXOS-TICK] phase=WaitingForPromises elapsed=61 timeout=15 ballot=21 promises=0 accepted=0
[PROB-INTERLEAVED-TARGETED] spent=30 remaining=10 queue_len=101 delayed=Promise { ballot: 4, accepted_ballot: None, accepted_value: None }
[PAXOS-TICK] phase=WaitingForPromises elapsed=62 timeout=15 ballot=21 promises=0 accepted=0
[step=63] DELIVER from=1 to=5 type=Prepare { ballot: 6 } queue_len=100
[PAXOS-TICK] phase=WaitingForPromises elapsed=63 timeout=15 ballot=21 promises=0 accepted=0
[step=64] DELIVER from=1 to=1 type=Prepare { ballot: 7 } queue_len=100
[PAXOS-TICK] phase=WaitingForPromises elapsed=64 timeout=15 ballot=21 promises=0 accepted=0
[step=65] DELIVER from=1 to=2 type=Prepare { ballot: 7 } queue_len=100
[PAXOS-TICK] phase=WaitingForPromises elapsed=65 timeout=15 ballot=21 promises=0 accepted=0
[step=66] DELIVER from=1 to=3 type=Prepare { ballot: 7 } queue_len=100
[PAXOS-TICK] phase=WaitingForPromises elapsed=66 timeout=15 ballot=21 promises=0 accepted=0
[step=67] DELIVER from=1 to=4 type=Prepare { ballot: 7 } queue_len=100
[PAXOS-TICK] phase=WaitingForPromises elapsed=67 timeout=15 ballot=21 promises=0 accepted=0
[PROB-INTERLEAVED-TARGETED] spent=31 remaining=9 queue_len=101 delayed=Promise { ballot: 6, accepted_ballot: None, accepted_value: None }
[PAXOS-TICK] phase=WaitingForPromises elapsed=68 timeout=15 ballot=21 promises=0 accepted=0
[step=69] DELIVER from=1 to=5 type=Prepare { ballot: 7 } queue_len=100
[PAXOS-TICK] phase=WaitingForPromises elapsed=69 timeout=15 ballot=21 promises=0 accepted=0
[PROB-INTERLEAVED-TARGETED] spent=32 remaining=8 queue_len=101 delayed=Promise { ballot: 6, accepted_ballot: None, accepted_value: None }
[PAXOS-TICK] phase=WaitingForPromises elapsed=70 timeout=15 ballot=21 promises=0 accepted=0
[step=71] DELIVER from=1 to=1 type=Prepare { ballot: 8 } queue_len=100
[PAXOS-TICK] phase=WaitingForPromises elapsed=71 timeout=15 ballot=21 promises=0 accepted=0
[step=72] DELIVER from=1 to=2 type=Prepare { ballot: 8 } queue_len=100
[PAXOS-TICK] phase=WaitingForPromises elapsed=72 timeout=15 ballot=21 promises=0 accepted=0
[PROB-INTERLEAVED-TARGETED] spent=33 remaining=7 queue_len=101 delayed=Promise { ballot: 2, accepted_ballot: None, accepted_value: None }
[PAXOS-TICK] phase=WaitingForPromises elapsed=73 timeout=15 ballot=21 promises=0 accepted=0
[PROB-INTERLEAVED-TARGETED] spent=34 remaining=6 queue_len=101 delayed=Promise { ballot: 4, accepted_ballot: None, accepted_value: None }
[PAXOS-TICK] phase=WaitingForPromises elapsed=74 timeout=15 ballot=21 promises=0 accepted=0
[step=75] DELIVER from=1 to=3 type=Prepare { ballot: 8 } queue_len=100
[PAXOS-TICK] phase=WaitingForPromises elapsed=75 timeout=15 ballot=21 promises=0 accepted=0
[step=76] DELIVER from=1 to=4 type=Prepare { ballot: 8 } queue_len=100
[PAXOS-TICK] phase=WaitingForPromises elapsed=76 timeout=15 ballot=21 promises=0 accepted=0
[step=77] DELIVER from=1 to=5 type=Prepare { ballot: 8 } queue_len=100
[PAXOS-TICK] phase=WaitingForPromises elapsed=77 timeout=15 ballot=21 promises=0 accepted=0
[step=78] DELIVER from=1 to=1 type=Prepare { ballot: 9 } queue_len=100
[PAXOS-TICK] phase=WaitingForPromises elapsed=78 timeout=15 ballot=21 promises=0 accepted=0
[step=79] DELIVER from=1 to=2 type=Prepare { ballot: 9 } queue_len=100
[PAXOS-TICK] phase=WaitingForPromises elapsed=79 timeout=15 ballot=21 promises=0 accepted=0
[step=80] DELIVER from=1 to=3 type=Prepare { ballot: 9 } queue_len=100
[PAXOS-TICK] phase=WaitingForPromises elapsed=80 timeout=15 ballot=21 promises=0 accepted=0
[step=81] DELIVER from=1 to=4 type=Prepare { ballot: 9 } queue_len=100
[PAXOS-TICK] phase=WaitingForPromises elapsed=81 timeout=15 ballot=21 promises=0 accepted=0
[step=82] DELIVER from=1 to=5 type=Prepare { ballot: 9 } queue_len=100
[PAXOS-TICK] phase=WaitingForPromises elapsed=82 timeout=15 ballot=21 promises=0 accepted=0
[PROB-INTERLEAVED-TARGETED] spent=35 remaining=5 queue_len=101 delayed=Promise { ballot: 4, accepted_ballot: None, accepted_value: None }
[PAXOS-TICK] phase=WaitingForPromises elapsed=83 timeout=15 ballot=21 promises=0 accepted=0
[step=84] DELIVER from=1 to=1 type=Prepare { ballot: 10 } queue_len=100
[PAXOS-TICK] phase=WaitingForPromises elapsed=84 timeout=15 ballot=21 promises=0 accepted=0
[PROB-INTERLEAVED-TARGETED] spent=36 remaining=4 queue_len=101 delayed=Promise { ballot: 3, accepted_ballot: None, accepted_value: None }
[PAXOS-TICK] phase=WaitingForPromises elapsed=85 timeout=15 ballot=21 promises=0 accepted=0
[step=86] DELIVER from=1 to=2 type=Prepare { ballot: 10 } queue_len=100
[PAXOS-TICK] phase=WaitingForPromises elapsed=86 timeout=15 ballot=21 promises=0 accepted=0
[step=87] DELIVER from=1 to=3 type=Prepare { ballot: 10 } queue_len=100
[PAXOS-TICK] phase=WaitingForPromises elapsed=87 timeout=15 ballot=21 promises=0 accepted=0
[step=88] DELIVER from=1 to=4 type=Prepare { ballot: 10 } queue_len=100
[PAXOS-TICK] phase=WaitingForPromises elapsed=88 timeout=15 ballot=21 promises=0 accepted=0
[step=89] DELIVER from=1 to=5 type=Prepare { ballot: 10 } queue_len=100
[PAXOS-TICK] phase=WaitingForPromises elapsed=89 timeout=15 ballot=21 promises=0 accepted=0
[PROB-INTERLEAVED-TARGETED] spent=37 remaining=3 queue_len=101 delayed=Promise { ballot: 10, accepted_ballot: None, accepted_value: None }
[PAXOS-TICK] phase=WaitingForPromises elapsed=90 timeout=15 ballot=21 promises=0 accepted=0
[PROB-INTERLEAVED-TARGETED] spent=38 remaining=2 queue_len=101 delayed=Promise { ballot: 9, accepted_ballot: None, accepted_value: None }
[PAXOS-TICK] phase=WaitingForPromises elapsed=91 timeout=15 ballot=21 promises=0 accepted=0
[step=92] DELIVER from=1 to=1 type=Prepare { ballot: 11 } queue_len=100
[PAXOS-TICK] phase=WaitingForPromises elapsed=92 timeout=15 ballot=21 promises=0 accepted=0
[PROB-INTERLEAVED-TARGETED] spent=39 remaining=1 queue_len=101 delayed=Promise { ballot: 6, accepted_ballot: None, accepted_value: None }
[PAXOS-TICK] phase=WaitingForPromises elapsed=93 timeout=15 ballot=21 promises=0 accepted=0
[step=94] DELIVER from=1 to=2 type=Prepare { ballot: 11 } queue_len=100
[PAXOS-TICK] phase=WaitingForPromises elapsed=94 timeout=15 ballot=21 promises=0 accepted=0
[step=95] DELIVER from=1 to=3 type=Prepare { ballot: 11 } queue_len=100
[PAXOS-TICK] phase=WaitingForPromises elapsed=95 timeout=15 ballot=21 promises=0 accepted=0
[PROB-INTERLEAVED-TARGETED] spent=40 remaining=0 queue_len=101 delayed=Promise { ballot: 3, accepted_ballot: None, accepted_value: None }
[PAXOS-TICK] phase=WaitingForPromises elapsed=96 timeout=15 ballot=21 promises=0 accepted=0
[step=97] DELIVER from=1 to=4 type=Prepare { ballot: 11 } queue_len=100
[PAXOS-TICK] phase=WaitingForPromises elapsed=97 timeout=15 ballot=21 promises=0 accepted=0
[step=98] DELIVER from=1 to=5 type=Prepare { ballot: 11 } queue_len=100
[PAXOS-TICK] phase=WaitingForPromises elapsed=98 timeout=15 ballot=21 promises=0 accepted=0
[step=99] DELIVER from=1 to=1 type=Prepare { ballot: 12 } queue_len=100
[PAXOS-TICK] phase=WaitingForPromises elapsed=99 timeout=15 ballot=21 promises=0 accepted=0
[step=100] DELIVER from=1 to=2 type=Prepare { ballot: 12 } queue_len=100
[PAXOS-TICK] phase=WaitingForPromises elapsed=100 timeout=15 ballot=21 promises=0 accepted=0
[step=101] DELIVER from=1 to=3 type=Prepare { ballot: 12 } queue_len=100
[PAXOS-TICK] phase=WaitingForPromises elapsed=101 timeout=15 ballot=21 promises=0 accepted=0
[step=102] DELIVER from=1 to=4 type=Prepare { ballot: 12 } queue_len=100
[PAXOS-TICK] phase=WaitingForPromises elapsed=102 timeout=15 ballot=21 promises=0 accepted=0
[step=103] DELIVER from=1 to=5 type=Prepare { ballot: 12 } queue_len=100
[PAXOS-TICK] phase=WaitingForPromises elapsed=103 timeout=15 ballot=21 promises=0 accepted=0
[step=104] DELIVER from=1 to=1 type=Prepare { ballot: 13 } queue_len=100
[PAXOS-TICK] phase=WaitingForPromises elapsed=104 timeout=15 ballot=21 promises=0 accepted=0
[step=105] DELIVER from=1 to=2 type=Prepare { ballot: 13 } queue_len=100
[PAXOS-TICK] phase=WaitingForPromises elapsed=105 timeout=15 ballot=21 promises=0 accepted=0
[step=106] DELIVER from=1 to=3 type=Prepare { ballot: 13 } queue_len=100
[PAXOS-TICK] phase=WaitingForPromises elapsed=106 timeout=15 ballot=21 promises=0 accepted=0
[step=107] DELIVER from=1 to=4 type=Prepare { ballot: 13 } queue_len=100
[PAXOS-TICK] phase=WaitingForPromises elapsed=107 timeout=15 ballot=21 promises=0 accepted=0
[step=108] DELIVER from=1 to=5 type=Prepare { ballot: 13 } queue_len=100
[PAXOS-TICK] phase=WaitingForPromises elapsed=108 timeout=15 ballot=21 promises=0 accepted=0
[step=109] DELIVER from=1 to=1 type=Prepare { ballot: 14 } queue_len=100
[PAXOS-TICK] phase=WaitingForPromises elapsed=109 timeout=15 ballot=21 promises=0 accepted=0
[step=110] DELIVER from=1 to=2 type=Prepare { ballot: 14 } queue_len=100
[PAXOS-TICK] phase=WaitingForPromises elapsed=110 timeout=15 ballot=21 promises=0 accepted=0
[step=111] DELIVER from=1 to=3 type=Prepare { ballot: 14 } queue_len=100
[PAXOS-TICK] phase=WaitingForPromises elapsed=111 timeout=15 ballot=21 promises=0 accepted=0
[step=112] DELIVER from=1 to=4 type=Prepare { ballot: 14 } queue_len=100
[PAXOS-TICK] phase=WaitingForPromises elapsed=112 timeout=15 ballot=21 promises=0 accepted=0
[step=113] DELIVER from=1 to=5 type=Prepare { ballot: 14 } queue_len=100
[PAXOS-TICK] phase=WaitingForPromises elapsed=113 timeout=15 ballot=21 promises=0 accepted=0
[step=114] DELIVER from=2 to=1 type=Promise { ballot: 2, accepted_ballot: None, accepted_value: None } queue_len=100
[PROMISE-TRACE] from=2 received_ballot=2 current_ballot=21 match=false
[PAXOS-TICK] phase=WaitingForPromises elapsed=114 timeout=15 ballot=21 promises=0 accepted=0
[step=115] DELIVER from=1 to=1 type=Prepare { ballot: 15 } queue_len=99
[PAXOS-TICK] phase=WaitingForPromises elapsed=115 timeout=15 ballot=21 promises=0 accepted=0
[step=116] DELIVER from=1 to=2 type=Prepare { ballot: 15 } queue_len=99
[PAXOS-TICK] phase=WaitingForPromises elapsed=116 timeout=15 ballot=21 promises=0 accepted=0
[step=117] DELIVER from=1 to=3 type=Prepare { ballot: 15 } queue_len=99
[PAXOS-TICK] phase=WaitingForPromises elapsed=117 timeout=15 ballot=21 promises=0 accepted=0
[step=118] DELIVER from=1 to=4 type=Prepare { ballot: 15 } queue_len=99
[PAXOS-TICK] phase=WaitingForPromises elapsed=118 timeout=15 ballot=21 promises=0 accepted=0
[step=119] DELIVER from=1 to=5 type=Prepare { ballot: 15 } queue_len=99
[PAXOS-TICK] phase=WaitingForPromises elapsed=119 timeout=15 ballot=21 promises=0 accepted=0
[step=120] DELIVER from=4 to=1 type=Promise { ballot: 2, accepted_ballot: None, accepted_value: None } queue_len=99
[PROMISE-TRACE] from=4 received_ballot=2 current_ballot=21 match=false
[PAXOS-TICK] phase=WaitingForPromises elapsed=120 timeout=15 ballot=21 promises=0 accepted=0
[step=121] DELIVER from=1 to=1 type=Prepare { ballot: 16 } queue_len=98
[PAXOS-TICK] phase=WaitingForPromises elapsed=121 timeout=15 ballot=21 promises=0 accepted=0
[step=122] DELIVER from=1 to=2 type=Prepare { ballot: 16 } queue_len=98
[PAXOS-TICK] phase=WaitingForPromises elapsed=122 timeout=15 ballot=21 promises=0 accepted=0
[step=123] DELIVER from=1 to=3 type=Prepare { ballot: 16 } queue_len=98
[PAXOS-TICK] phase=WaitingForPromises elapsed=123 timeout=15 ballot=21 promises=0 accepted=0
[step=124] DELIVER from=1 to=4 type=Prepare { ballot: 16 } queue_len=98
[PAXOS-TICK] phase=WaitingForPromises elapsed=124 timeout=15 ballot=21 promises=0 accepted=0
[step=125] DELIVER from=1 to=5 type=Prepare { ballot: 16 } queue_len=98
[PAXOS-TICK] phase=WaitingForPromises elapsed=125 timeout=15 ballot=21 promises=0 accepted=0
[step=126] DELIVER from=1 to=1 type=Prepare { ballot: 17 } queue_len=98
[PAXOS-TICK] phase=WaitingForPromises elapsed=126 timeout=15 ballot=21 promises=0 accepted=0
[step=127] DELIVER from=1 to=2 type=Prepare { ballot: 17 } queue_len=98
[PAXOS-TICK] phase=WaitingForPromises elapsed=127 timeout=15 ballot=21 promises=0 accepted=0
[step=128] DELIVER from=1 to=3 type=Prepare { ballot: 17 } queue_len=98
[PAXOS-TICK] phase=WaitingForPromises elapsed=128 timeout=15 ballot=21 promises=0 accepted=0
[step=129] DELIVER from=1 to=4 type=Prepare { ballot: 17 } queue_len=98
[PAXOS-TICK] phase=WaitingForPromises elapsed=129 timeout=15 ballot=21 promises=0 accepted=0
[step=130] DELIVER from=1 to=5 type=Prepare { ballot: 17 } queue_len=98
[PAXOS-TICK] phase=WaitingForPromises elapsed=130 timeout=15 ballot=21 promises=0 accepted=0
[step=131] DELIVER from=1 to=1 type=Prepare { ballot: 18 } queue_len=98
[PAXOS-TICK] phase=WaitingForPromises elapsed=131 timeout=15 ballot=21 promises=0 accepted=0
[step=132] DELIVER from=1 to=2 type=Prepare { ballot: 18 } queue_len=98
[PAXOS-TICK] phase=WaitingForPromises elapsed=132 timeout=15 ballot=21 promises=0 accepted=0
[step=133] DELIVER from=1 to=3 type=Prepare { ballot: 18 } queue_len=98
[PAXOS-TICK] phase=WaitingForPromises elapsed=133 timeout=15 ballot=21 promises=0 accepted=0
[step=134] DELIVER from=1 to=4 type=Prepare { ballot: 18 } queue_len=98
[PAXOS-TICK] phase=WaitingForPromises elapsed=134 timeout=15 ballot=21 promises=0 accepted=0
[step=135] DELIVER from=1 to=5 type=Prepare { ballot: 18 } queue_len=98
[PAXOS-TICK] phase=WaitingForPromises elapsed=135 timeout=15 ballot=21 promises=0 accepted=0
[step=136] DELIVER from=3 to=1 type=Promise { ballot: 1, accepted_ballot: None, accepted_value: None } queue_len=98
[PROMISE-TRACE] from=3 received_ballot=1 current_ballot=21 match=false
[PAXOS-TICK] phase=WaitingForPromises elapsed=136 timeout=15 ballot=21 promises=0 accepted=0
[step=137] DELIVER from=1 to=1 type=Prepare { ballot: 19 } queue_len=97
[PAXOS-TICK] phase=WaitingForPromises elapsed=137 timeout=15 ballot=21 promises=0 accepted=0
[step=138] DELIVER from=1 to=2 type=Prepare { ballot: 19 } queue_len=97
[PAXOS-TICK] phase=WaitingForPromises elapsed=138 timeout=15 ballot=21 promises=0 accepted=0
[step=139] DELIVER from=1 to=3 type=Prepare { ballot: 19 } queue_len=97
[PAXOS-TICK] phase=WaitingForPromises elapsed=139 timeout=15 ballot=21 promises=0 accepted=0
[step=140] DELIVER from=1 to=4 type=Prepare { ballot: 19 } queue_len=97
[PAXOS-TICK] phase=WaitingForPromises elapsed=140 timeout=15 ballot=21 promises=0 accepted=0
[step=141] DELIVER from=1 to=5 type=Prepare { ballot: 19 } queue_len=97
[PAXOS-TICK] phase=WaitingForPromises elapsed=141 timeout=15 ballot=21 promises=0 accepted=0
[step=142] DELIVER from=1 to=1 type=Prepare { ballot: 20 } queue_len=97
[PAXOS-TICK] phase=WaitingForPromises elapsed=142 timeout=15 ballot=21 promises=0 accepted=0
[step=143] DELIVER from=1 to=2 type=Prepare { ballot: 20 } queue_len=97
[PAXOS-TICK] phase=WaitingForPromises elapsed=143 timeout=15 ballot=21 promises=0 accepted=0
[step=144] DELIVER from=1 to=3 type=Prepare { ballot: 20 } queue_len=97
[PAXOS-TICK] phase=WaitingForPromises elapsed=144 timeout=15 ballot=21 promises=0 accepted=0
[step=145] DELIVER from=1 to=4 type=Prepare { ballot: 20 } queue_len=97
[PAXOS-TICK] phase=WaitingForPromises elapsed=145 timeout=15 ballot=21 promises=0 accepted=0
[step=146] DELIVER from=1 to=5 type=Prepare { ballot: 20 } queue_len=97
[PAXOS-TICK] phase=WaitingForPromises elapsed=146 timeout=15 ballot=21 promises=0 accepted=0
[step=147] DELIVER from=1 to=1 type=Prepare { ballot: 21 } queue_len=97
[PAXOS-TICK] phase=WaitingForPromises elapsed=147 timeout=15 ballot=21 promises=0 accepted=0
[step=148] DELIVER from=1 to=2 type=Prepare { ballot: 21 } queue_len=97
[PAXOS-TICK] phase=WaitingForPromises elapsed=148 timeout=15 ballot=21 promises=0 accepted=0
[step=149] DELIVER from=1 to=3 type=Prepare { ballot: 21 } queue_len=97
[PAXOS-TICK] phase=WaitingForPromises elapsed=149 timeout=15 ballot=21 promises=0 accepted=0
[step=150] DELIVER from=1 to=4 type=Prepare { ballot: 21 } queue_len=97
[PAXOS-TICK] phase=WaitingForPromises elapsed=150 timeout=15 ballot=21 promises=0 accepted=0
[step=151] DELIVER from=1 to=5 type=Prepare { ballot: 21 } queue_len=97
[PAXOS-TICK] phase=WaitingForPromises elapsed=151 timeout=15 ballot=21 promises=0 accepted=0
[step=152] DELIVER from=4 to=1 type=Promise { ballot: 3, accepted_ballot: None, accepted_value: None } queue_len=97
[PROMISE-TRACE] from=4 received_ballot=3 current_ballot=21 match=false
[PAXOS-TICK] phase=WaitingForPromises elapsed=152 timeout=15 ballot=21 promises=0 accepted=0
[step=153] DELIVER from=2 to=1 type=Promise { ballot: 3, accepted_ballot: None, accepted_value: None } queue_len=96
[PROMISE-TRACE] from=2 received_ballot=3 current_ballot=21 match=false
[PAXOS-TICK] phase=WaitingForPromises elapsed=153 timeout=15 ballot=21 promises=0 accepted=0
[step=154] DELIVER from=5 to=1 type=Promise { ballot: 3, accepted_ballot: None, accepted_value: None } queue_len=95
[PROMISE-TRACE] from=5 received_ballot=3 current_ballot=21 match=false
[PAXOS-TICK] phase=WaitingForPromises elapsed=154 timeout=15 ballot=21 promises=0 accepted=0
[step=155] DELIVER from=1 to=1 type=Promise { ballot: 4, accepted_ballot: None, accepted_value: None } queue_len=94
[PROMISE-TRACE] from=1 received_ballot=4 current_ballot=21 match=false
[PAXOS-TICK] phase=WaitingForPromises elapsed=155 timeout=15 ballot=21 promises=0 accepted=0
[step=156] DELIVER from=3 to=1 type=Promise { ballot: 3, accepted_ballot: None, accepted_value: None } queue_len=93
[PROMISE-TRACE] from=3 received_ballot=3 current_ballot=21 match=false
[PAXOS-TICK] phase=WaitingForPromises elapsed=156 timeout=15 ballot=21 promises=0 accepted=0
[step=157] DELIVER from=3 to=1 type=Promise { ballot: 4, accepted_ballot: None, accepted_value: None } queue_len=92
[PROMISE-TRACE] from=3 received_ballot=4 current_ballot=21 match=false
[PAXOS-TICK] phase=WaitingForPromises elapsed=157 timeout=15 ballot=21 promises=0 accepted=0
[step=158] DELIVER from=5 to=1 type=Promise { ballot: 2, accepted_ballot: None, accepted_value: None } queue_len=91
[PROMISE-TRACE] from=5 received_ballot=2 current_ballot=21 match=false
[PAXOS-TICK] phase=WaitingForPromises elapsed=158 timeout=15 ballot=21 promises=0 accepted=0
[step=159] DELIVER from=5 to=1 type=Promise { ballot: 4, accepted_ballot: None, accepted_value: None } queue_len=90
[PROMISE-TRACE] from=5 received_ballot=4 current_ballot=21 match=false
[PAXOS-TICK] phase=WaitingForPromises elapsed=159 timeout=15 ballot=21 promises=0 accepted=0
[step=160] DELIVER from=1 to=1 type=Promise { ballot: 5, accepted_ballot: None, accepted_value: None } queue_len=89
[PROMISE-TRACE] from=1 received_ballot=5 current_ballot=21 match=false
[PAXOS-TICK] phase=WaitingForPromises elapsed=160 timeout=15 ballot=21 promises=0 accepted=0
[step=161] DELIVER from=2 to=1 type=Promise { ballot: 5, accepted_ballot: None, accepted_value: None } queue_len=88
[PROMISE-TRACE] from=2 received_ballot=5 current_ballot=21 match=false
[PAXOS-TICK] phase=WaitingForPromises elapsed=161 timeout=15 ballot=21 promises=0 accepted=0
[step=162] DELIVER from=3 to=1 type=Promise { ballot: 5, accepted_ballot: None, accepted_value: None } queue_len=87
[PROMISE-TRACE] from=3 received_ballot=5 current_ballot=21 match=false
[PAXOS-TICK] phase=WaitingForPromises elapsed=162 timeout=15 ballot=21 promises=0 accepted=0
[step=163] DELIVER from=4 to=1 type=Promise { ballot: 5, accepted_ballot: None, accepted_value: None } queue_len=86
[PROMISE-TRACE] from=4 received_ballot=5 current_ballot=21 match=false
[PAXOS-TICK] phase=WaitingForPromises elapsed=163 timeout=15 ballot=21 promises=0 accepted=0
[step=164] DELIVER from=5 to=1 type=Promise { ballot: 5, accepted_ballot: None, accepted_value: None } queue_len=85
[PROMISE-TRACE] from=5 received_ballot=5 current_ballot=21 match=false
[PAXOS-TICK] phase=WaitingForPromises elapsed=164 timeout=15 ballot=21 promises=0 accepted=0
[step=165] DELIVER from=1 to=1 type=Promise { ballot: 6, accepted_ballot: None, accepted_value: None } queue_len=84
[PROMISE-TRACE] from=1 received_ballot=6 current_ballot=21 match=false
[PAXOS-TICK] phase=WaitingForPromises elapsed=165 timeout=15 ballot=21 promises=0 accepted=0
[step=166] DELIVER from=3 to=1 type=Promise { ballot: 6, accepted_ballot: None, accepted_value: None } queue_len=83
[PROMISE-TRACE] from=3 received_ballot=6 current_ballot=21 match=false
[PAXOS-TICK] phase=WaitingForPromises elapsed=166 timeout=15 ballot=21 promises=0 accepted=0
[step=167] DELIVER from=3 to=1 type=Promise { ballot: 2, accepted_ballot: None, accepted_value: None } queue_len=82
[PROMISE-TRACE] from=3 received_ballot=2 current_ballot=21 match=false
[PAXOS-TICK] phase=WaitingForPromises elapsed=167 timeout=15 ballot=21 promises=0 accepted=0
[step=168] DELIVER from=2 to=1 type=Promise { ballot: 4, accepted_ballot: None, accepted_value: None } queue_len=81
[PROMISE-TRACE] from=2 received_ballot=4 current_ballot=21 match=false
[PAXOS-TICK] phase=WaitingForPromises elapsed=168 timeout=15 ballot=21 promises=0 accepted=0
[step=169] DELIVER from=1 to=1 type=Promise { ballot: 7, accepted_ballot: None, accepted_value: None } queue_len=80
[PROMISE-TRACE] from=1 received_ballot=7 current_ballot=21 match=false
[PAXOS-TICK] phase=WaitingForPromises elapsed=169 timeout=15 ballot=21 promises=0 accepted=0
[step=170] DELIVER from=2 to=1 type=Promise { ballot: 7, accepted_ballot: None, accepted_value: None } queue_len=79
[PROMISE-TRACE] from=2 received_ballot=7 current_ballot=21 match=false
[PAXOS-TICK] phase=WaitingForPromises elapsed=170 timeout=15 ballot=21 promises=0 accepted=0
[step=171] DELIVER from=3 to=1 type=Promise { ballot: 7, accepted_ballot: None, accepted_value: None } queue_len=78
[PROMISE-TRACE] from=3 received_ballot=7 current_ballot=21 match=false
[PAXOS-TICK] phase=WaitingForPromises elapsed=171 timeout=15 ballot=21 promises=0 accepted=0
[step=172] DELIVER from=4 to=1 type=Promise { ballot: 7, accepted_ballot: None, accepted_value: None } queue_len=77
[PROMISE-TRACE] from=4 received_ballot=7 current_ballot=21 match=false
[PAXOS-TICK] phase=WaitingForPromises elapsed=172 timeout=15 ballot=21 promises=0 accepted=0
[step=173] DELIVER from=2 to=1 type=Promise { ballot: 6, accepted_ballot: None, accepted_value: None } queue_len=76
[PROMISE-TRACE] from=2 received_ballot=6 current_ballot=21 match=false
[PAXOS-TICK] phase=WaitingForPromises elapsed=173 timeout=15 ballot=21 promises=0 accepted=0
[step=174] DELIVER from=5 to=1 type=Promise { ballot: 7, accepted_ballot: None, accepted_value: None } queue_len=75
[PROMISE-TRACE] from=5 received_ballot=7 current_ballot=21 match=false
[PAXOS-TICK] phase=WaitingForPromises elapsed=174 timeout=15 ballot=21 promises=0 accepted=0
[step=175] DELIVER from=4 to=1 type=Promise { ballot: 6, accepted_ballot: None, accepted_value: None } queue_len=74
[PROMISE-TRACE] from=4 received_ballot=6 current_ballot=21 match=false
[PAXOS-TICK] phase=WaitingForPromises elapsed=175 timeout=15 ballot=21 promises=0 accepted=0
[step=176] DELIVER from=1 to=1 type=Promise { ballot: 8, accepted_ballot: None, accepted_value: None } queue_len=73
[PROMISE-TRACE] from=1 received_ballot=8 current_ballot=21 match=false
[PAXOS-TICK] phase=WaitingForPromises elapsed=176 timeout=15 ballot=21 promises=0 accepted=0
[step=177] DELIVER from=2 to=1 type=Promise { ballot: 8, accepted_ballot: None, accepted_value: None } queue_len=72
[PROMISE-TRACE] from=2 received_ballot=8 current_ballot=21 match=false
[PAXOS-TICK] phase=WaitingForPromises elapsed=177 timeout=15 ballot=21 promises=0 accepted=0
[step=178] DELIVER from=1 to=1 type=Promise { ballot: 2, accepted_ballot: None, accepted_value: None } queue_len=71
[PROMISE-TRACE] from=1 received_ballot=2 current_ballot=21 match=false
[PAXOS-TICK] phase=WaitingForPromises elapsed=178 timeout=15 ballot=21 promises=0 accepted=0
[step=179] DELIVER from=3 to=1 type=Promise { ballot: 8, accepted_ballot: None, accepted_value: None } queue_len=70
[PROMISE-TRACE] from=3 received_ballot=8 current_ballot=21 match=false
[PAXOS-TICK] phase=WaitingForPromises elapsed=179 timeout=15 ballot=21 promises=0 accepted=0
[step=180] DELIVER from=4 to=1 type=Promise { ballot: 8, accepted_ballot: None, accepted_value: None } queue_len=69
[PROMISE-TRACE] from=4 received_ballot=8 current_ballot=21 match=false
[PAXOS-TICK] phase=WaitingForPromises elapsed=180 timeout=15 ballot=21 promises=0 accepted=0
[step=181] DELIVER from=5 to=1 type=Promise { ballot: 8, accepted_ballot: None, accepted_value: None } queue_len=68
[PROMISE-TRACE] from=5 received_ballot=8 current_ballot=21 match=false
[PAXOS-TICK] phase=WaitingForPromises elapsed=181 timeout=15 ballot=21 promises=0 accepted=0
[step=182] DELIVER from=2 to=1 type=Promise { ballot: 9, accepted_ballot: None, accepted_value: None } queue_len=67
[PROMISE-TRACE] from=2 received_ballot=9 current_ballot=21 match=false
[PAXOS-TICK] phase=WaitingForPromises elapsed=182 timeout=15 ballot=21 promises=0 accepted=0
[step=183] DELIVER from=3 to=1 type=Promise { ballot: 9, accepted_ballot: None, accepted_value: None } queue_len=66
[PROMISE-TRACE] from=3 received_ballot=9 current_ballot=21 match=false
[PAXOS-TICK] phase=WaitingForPromises elapsed=183 timeout=15 ballot=21 promises=0 accepted=0
[step=184] DELIVER from=4 to=1 type=Promise { ballot: 9, accepted_ballot: None, accepted_value: None } queue_len=65
[PROMISE-TRACE] from=4 received_ballot=9 current_ballot=21 match=false
[PAXOS-TICK] phase=WaitingForPromises elapsed=184 timeout=15 ballot=21 promises=0 accepted=0
[step=185] DELIVER from=5 to=1 type=Promise { ballot: 9, accepted_ballot: None, accepted_value: None } queue_len=64
[PROMISE-TRACE] from=5 received_ballot=9 current_ballot=21 match=false
[PAXOS-TICK] phase=WaitingForPromises elapsed=185 timeout=15 ballot=21 promises=0 accepted=0
[step=186] DELIVER from=4 to=1 type=Promise { ballot: 4, accepted_ballot: None, accepted_value: None } queue_len=63
[PROMISE-TRACE] from=4 received_ballot=4 current_ballot=21 match=false
[PAXOS-TICK] phase=WaitingForPromises elapsed=186 timeout=15 ballot=21 promises=0 accepted=0
[step=187] DELIVER from=1 to=1 type=Promise { ballot: 10, accepted_ballot: None, accepted_value: None } queue_len=62
[PROMISE-TRACE] from=1 received_ballot=10 current_ballot=21 match=false
[PAXOS-TICK] phase=WaitingForPromises elapsed=187 timeout=15 ballot=21 promises=0 accepted=0
[step=188] DELIVER from=3 to=1 type=Promise { ballot: 10, accepted_ballot: None, accepted_value: None } queue_len=61
[PROMISE-TRACE] from=3 received_ballot=10 current_ballot=21 match=false
[PAXOS-TICK] phase=WaitingForPromises elapsed=188 timeout=15 ballot=21 promises=0 accepted=0
[step=189] DELIVER from=4 to=1 type=Promise { ballot: 10, accepted_ballot: None, accepted_value: None } queue_len=60
[PROMISE-TRACE] from=4 received_ballot=10 current_ballot=21 match=false
[PAXOS-TICK] phase=WaitingForPromises elapsed=189 timeout=15 ballot=21 promises=0 accepted=0
[step=190] DELIVER from=5 to=1 type=Promise { ballot: 10, accepted_ballot: None, accepted_value: None } queue_len=59
[PROMISE-TRACE] from=5 received_ballot=10 current_ballot=21 match=false
[PAXOS-TICK] phase=WaitingForPromises elapsed=190 timeout=15 ballot=21 promises=0 accepted=0
[step=191] DELIVER from=2 to=1 type=Promise { ballot: 10, accepted_ballot: None, accepted_value: None } queue_len=58
[PROMISE-TRACE] from=2 received_ballot=10 current_ballot=21 match=false
[PAXOS-TICK] phase=WaitingForPromises elapsed=191 timeout=15 ballot=21 promises=0 accepted=0
[step=192] DELIVER from=1 to=1 type=Promise { ballot: 9, accepted_ballot: None, accepted_value: None } queue_len=57
[PROMISE-TRACE] from=1 received_ballot=9 current_ballot=21 match=false
[PAXOS-TICK] phase=WaitingForPromises elapsed=192 timeout=15 ballot=21 promises=0 accepted=0
[step=193] DELIVER from=1 to=1 type=Promise { ballot: 11, accepted_ballot: None, accepted_value: None } queue_len=56
[PROMISE-TRACE] from=1 received_ballot=11 current_ballot=21 match=false
[PAXOS-TICK] phase=WaitingForPromises elapsed=193 timeout=15 ballot=21 promises=0 accepted=0
[step=194] DELIVER from=5 to=1 type=Promise { ballot: 6, accepted_ballot: None, accepted_value: None } queue_len=55
[PROMISE-TRACE] from=5 received_ballot=6 current_ballot=21 match=false
[PAXOS-TICK] phase=WaitingForPromises elapsed=194 timeout=15 ballot=21 promises=0 accepted=0
[step=195] DELIVER from=2 to=1 type=Promise { ballot: 11, accepted_ballot: None, accepted_value: None } queue_len=54
[PROMISE-TRACE] from=2 received_ballot=11 current_ballot=21 match=false
[PAXOS-TICK] phase=WaitingForPromises elapsed=195 timeout=15 ballot=21 promises=0 accepted=0
[step=196] DELIVER from=3 to=1 type=Promise { ballot: 11, accepted_ballot: None, accepted_value: None } queue_len=53
[PROMISE-TRACE] from=3 received_ballot=11 current_ballot=21 match=false
[PAXOS-TICK] phase=WaitingForPromises elapsed=196 timeout=15 ballot=21 promises=0 accepted=0
[step=197] DELIVER from=1 to=1 type=Promise { ballot: 3, accepted_ballot: None, accepted_value: None } queue_len=52
[PROMISE-TRACE] from=1 received_ballot=3 current_ballot=21 match=false
[PAXOS-TICK] phase=WaitingForPromises elapsed=197 timeout=15 ballot=21 promises=0 accepted=0
[step=198] DELIVER from=4 to=1 type=Promise { ballot: 11, accepted_ballot: None, accepted_value: None } queue_len=51
[PROMISE-TRACE] from=4 received_ballot=11 current_ballot=21 match=false
[PAXOS-TICK] phase=WaitingForPromises elapsed=198 timeout=15 ballot=21 promises=0 accepted=0
[step=199] DELIVER from=5 to=1 type=Promise { ballot: 11, accepted_ballot: None, accepted_value: None } queue_len=50
[PROMISE-TRACE] from=5 received_ballot=11 current_ballot=21 match=false
[PAXOS-TICK] phase=WaitingForPromises elapsed=199 timeout=15 ballot=21 promises=0 accepted=0
[step=200] DELIVER from=1 to=1 type=Promise { ballot: 12, accepted_ballot: None, accepted_value: None } queue_len=49
[PROMISE-TRACE] from=1 received_ballot=12 current_ballot=21 match=false
[PAXOS-TICK] phase=WaitingForPromises elapsed=200 timeout=15 ballot=21 promises=0 accepted=0
[step=201] DELIVER from=2 to=1 type=Promise { ballot: 12, accepted_ballot: None, accepted_value: None } queue_len=48
[PROMISE-TRACE] from=2 received_ballot=12 current_ballot=21 match=false
[PAXOS-TICK] phase=WaitingForPromises elapsed=201 timeout=15 ballot=21 promises=0 accepted=0
[step=202] DELIVER from=3 to=1 type=Promise { ballot: 12, accepted_ballot: None, accepted_value: None } queue_len=47
[PROMISE-TRACE] from=3 received_ballot=12 current_ballot=21 match=false
[PAXOS-TICK] phase=WaitingForPromises elapsed=202 timeout=15 ballot=21 promises=0 accepted=0
[step=203] DELIVER from=4 to=1 type=Promise { ballot: 12, accepted_ballot: None, accepted_value: None } queue_len=46
[PROMISE-TRACE] from=4 received_ballot=12 current_ballot=21 match=false
[PAXOS-TICK] phase=WaitingForPromises elapsed=203 timeout=15 ballot=21 promises=0 accepted=0
[step=204] DELIVER from=5 to=1 type=Promise { ballot: 12, accepted_ballot: None, accepted_value: None } queue_len=45
[PROMISE-TRACE] from=5 received_ballot=12 current_ballot=21 match=false
[PAXOS-TICK] phase=WaitingForPromises elapsed=204 timeout=15 ballot=21 promises=0 accepted=0
[step=205] DELIVER from=1 to=1 type=Promise { ballot: 13, accepted_ballot: None, accepted_value: None } queue_len=44
[PROMISE-TRACE] from=1 received_ballot=13 current_ballot=21 match=false
[PAXOS-TICK] phase=WaitingForPromises elapsed=205 timeout=15 ballot=21 promises=0 accepted=0
[step=206] DELIVER from=2 to=1 type=Promise { ballot: 13, accepted_ballot: None, accepted_value: None } queue_len=43
[PROMISE-TRACE] from=2 received_ballot=13 current_ballot=21 match=false
[PAXOS-TICK] phase=WaitingForPromises elapsed=206 timeout=15 ballot=21 promises=0 accepted=0
[step=207] DELIVER from=3 to=1 type=Promise { ballot: 13, accepted_ballot: None, accepted_value: None } queue_len=42
[PROMISE-TRACE] from=3 received_ballot=13 current_ballot=21 match=false
[PAXOS-TICK] phase=WaitingForPromises elapsed=207 timeout=15 ballot=21 promises=0 accepted=0
[step=208] DELIVER from=4 to=1 type=Promise { ballot: 13, accepted_ballot: None, accepted_value: None } queue_len=41
[PROMISE-TRACE] from=4 received_ballot=13 current_ballot=21 match=false
[PAXOS-TICK] phase=WaitingForPromises elapsed=208 timeout=15 ballot=21 promises=0 accepted=0
[step=209] DELIVER from=5 to=1 type=Promise { ballot: 13, accepted_ballot: None, accepted_value: None } queue_len=40
[PROMISE-TRACE] from=5 received_ballot=13 current_ballot=21 match=false
[PAXOS-TICK] phase=WaitingForPromises elapsed=209 timeout=15 ballot=21 promises=0 accepted=0
[step=210] DELIVER from=1 to=1 type=Promise { ballot: 14, accepted_ballot: None, accepted_value: None } queue_len=39
[PROMISE-TRACE] from=1 received_ballot=14 current_ballot=21 match=false
[PAXOS-TICK] phase=WaitingForPromises elapsed=210 timeout=15 ballot=21 promises=0 accepted=0
[step=211] DELIVER from=2 to=1 type=Promise { ballot: 14, accepted_ballot: None, accepted_value: None } queue_len=38
[PROMISE-TRACE] from=2 received_ballot=14 current_ballot=21 match=false
[PAXOS-TICK] phase=WaitingForPromises elapsed=211 timeout=15 ballot=21 promises=0 accepted=0
[step=212] DELIVER from=3 to=1 type=Promise { ballot: 14, accepted_ballot: None, accepted_value: None } queue_len=37
[PROMISE-TRACE] from=3 received_ballot=14 current_ballot=21 match=false
[PAXOS-TICK] phase=WaitingForPromises elapsed=212 timeout=15 ballot=21 promises=0 accepted=0
[step=213] DELIVER from=4 to=1 type=Promise { ballot: 14, accepted_ballot: None, accepted_value: None } queue_len=36
[PROMISE-TRACE] from=4 received_ballot=14 current_ballot=21 match=false
[PAXOS-TICK] phase=WaitingForPromises elapsed=213 timeout=15 ballot=21 promises=0 accepted=0
[step=214] DELIVER from=5 to=1 type=Promise { ballot: 14, accepted_ballot: None, accepted_value: None } queue_len=35
[PROMISE-TRACE] from=5 received_ballot=14 current_ballot=21 match=false
[PAXOS-TICK] phase=WaitingForPromises elapsed=214 timeout=15 ballot=21 promises=0 accepted=0
[step=215] DELIVER from=1 to=1 type=Promise { ballot: 15, accepted_ballot: None, accepted_value: None } queue_len=34
[PROMISE-TRACE] from=1 received_ballot=15 current_ballot=21 match=false
[PAXOS-TICK] phase=WaitingForPromises elapsed=215 timeout=15 ballot=21 promises=0 accepted=0
[step=216] DELIVER from=2 to=1 type=Promise { ballot: 15, accepted_ballot: None, accepted_value: None } queue_len=33
[PROMISE-TRACE] from=2 received_ballot=15 current_ballot=21 match=false
[PAXOS-TICK] phase=WaitingForPromises elapsed=216 timeout=15 ballot=21 promises=0 accepted=0
[step=217] DELIVER from=3 to=1 type=Promise { ballot: 15, accepted_ballot: None, accepted_value: None } queue_len=32
[PROMISE-TRACE] from=3 received_ballot=15 current_ballot=21 match=false
[PAXOS-TICK] phase=WaitingForPromises elapsed=217 timeout=15 ballot=21 promises=0 accepted=0
[step=218] DELIVER from=4 to=1 type=Promise { ballot: 15, accepted_ballot: None, accepted_value: None } queue_len=31
[PROMISE-TRACE] from=4 received_ballot=15 current_ballot=21 match=false
[PAXOS-TICK] phase=WaitingForPromises elapsed=218 timeout=15 ballot=21 promises=0 accepted=0
[step=219] DELIVER from=5 to=1 type=Promise { ballot: 15, accepted_ballot: None, accepted_value: None } queue_len=30
[PROMISE-TRACE] from=5 received_ballot=15 current_ballot=21 match=false
[PAXOS-TICK] phase=WaitingForPromises elapsed=219 timeout=15 ballot=21 promises=0 accepted=0
[step=220] DELIVER from=1 to=1 type=Promise { ballot: 16, accepted_ballot: None, accepted_value: None } queue_len=29
[PROMISE-TRACE] from=1 received_ballot=16 current_ballot=21 match=false
[PAXOS-TICK] phase=WaitingForPromises elapsed=220 timeout=15 ballot=21 promises=0 accepted=0
[step=221] DELIVER from=2 to=1 type=Promise { ballot: 16, accepted_ballot: None, accepted_value: None } queue_len=28
[PROMISE-TRACE] from=2 received_ballot=16 current_ballot=21 match=false
[PAXOS-TICK] phase=WaitingForPromises elapsed=221 timeout=15 ballot=21 promises=0 accepted=0
[step=222] DELIVER from=3 to=1 type=Promise { ballot: 16, accepted_ballot: None, accepted_value: None } queue_len=27
[PROMISE-TRACE] from=3 received_ballot=16 current_ballot=21 match=false
[PAXOS-TICK] phase=WaitingForPromises elapsed=222 timeout=15 ballot=21 promises=0 accepted=0
[step=223] DELIVER from=4 to=1 type=Promise { ballot: 16, accepted_ballot: None, accepted_value: None } queue_len=26
[PROMISE-TRACE] from=4 received_ballot=16 current_ballot=21 match=false
[PAXOS-TICK] phase=WaitingForPromises elapsed=223 timeout=15 ballot=21 promises=0 accepted=0
[step=224] DELIVER from=5 to=1 type=Promise { ballot: 16, accepted_ballot: None, accepted_value: None } queue_len=25
[PROMISE-TRACE] from=5 received_ballot=16 current_ballot=21 match=false
[PAXOS-TICK] phase=WaitingForPromises elapsed=224 timeout=15 ballot=21 promises=0 accepted=0
[step=225] DELIVER from=1 to=1 type=Promise { ballot: 17, accepted_ballot: None, accepted_value: None } queue_len=24
[PROMISE-TRACE] from=1 received_ballot=17 current_ballot=21 match=false
[PAXOS-TICK] phase=WaitingForPromises elapsed=225 timeout=15 ballot=21 promises=0 accepted=0
[step=226] DELIVER from=2 to=1 type=Promise { ballot: 17, accepted_ballot: None, accepted_value: None } queue_len=23
[PROMISE-TRACE] from=2 received_ballot=17 current_ballot=21 match=false
[PAXOS-TICK] phase=WaitingForPromises elapsed=226 timeout=15 ballot=21 promises=0 accepted=0
[step=227] DELIVER from=3 to=1 type=Promise { ballot: 17, accepted_ballot: None, accepted_value: None } queue_len=22
[PROMISE-TRACE] from=3 received_ballot=17 current_ballot=21 match=false
[PAXOS-TICK] phase=WaitingForPromises elapsed=227 timeout=15 ballot=21 promises=0 accepted=0
[step=228] DELIVER from=4 to=1 type=Promise { ballot: 17, accepted_ballot: None, accepted_value: None } queue_len=21
[PROMISE-TRACE] from=4 received_ballot=17 current_ballot=21 match=false
[PAXOS-TICK] phase=WaitingForPromises elapsed=228 timeout=15 ballot=21 promises=0 accepted=0
[step=229] DELIVER from=5 to=1 type=Promise { ballot: 17, accepted_ballot: None, accepted_value: None } queue_len=20
[PROMISE-TRACE] from=5 received_ballot=17 current_ballot=21 match=false
[PAXOS-TICK] phase=WaitingForPromises elapsed=229 timeout=15 ballot=21 promises=0 accepted=0
[step=230] DELIVER from=1 to=1 type=Promise { ballot: 18, accepted_ballot: None, accepted_value: None } queue_len=19
[PROMISE-TRACE] from=1 received_ballot=18 current_ballot=21 match=false
[PAXOS-TICK] phase=WaitingForPromises elapsed=230 timeout=15 ballot=21 promises=0 accepted=0
[step=231] DELIVER from=2 to=1 type=Promise { ballot: 18, accepted_ballot: None, accepted_value: None } queue_len=18
[PROMISE-TRACE] from=2 received_ballot=18 current_ballot=21 match=false
[PAXOS-TICK] phase=WaitingForPromises elapsed=231 timeout=15 ballot=21 promises=0 accepted=0
[step=232] DELIVER from=3 to=1 type=Promise { ballot: 18, accepted_ballot: None, accepted_value: None } queue_len=17
[PROMISE-TRACE] from=3 received_ballot=18 current_ballot=21 match=false
[PAXOS-TICK] phase=WaitingForPromises elapsed=232 timeout=15 ballot=21 promises=0 accepted=0
[step=233] DELIVER from=4 to=1 type=Promise { ballot: 18, accepted_ballot: None, accepted_value: None } queue_len=16
[PROMISE-TRACE] from=4 received_ballot=18 current_ballot=21 match=false
[PAXOS-TICK] phase=WaitingForPromises elapsed=233 timeout=15 ballot=21 promises=0 accepted=0
[step=234] DELIVER from=5 to=1 type=Promise { ballot: 18, accepted_ballot: None, accepted_value: None } queue_len=15
[PROMISE-TRACE] from=5 received_ballot=18 current_ballot=21 match=false
[PAXOS-TICK] phase=WaitingForPromises elapsed=234 timeout=15 ballot=21 promises=0 accepted=0
[step=235] DELIVER from=1 to=1 type=Promise { ballot: 19, accepted_ballot: None, accepted_value: None } queue_len=14
[PROMISE-TRACE] from=1 received_ballot=19 current_ballot=21 match=false
[PAXOS-TICK] phase=WaitingForPromises elapsed=235 timeout=15 ballot=21 promises=0 accepted=0
[step=236] DELIVER from=2 to=1 type=Promise { ballot: 19, accepted_ballot: None, accepted_value: None } queue_len=13
[PROMISE-TRACE] from=2 received_ballot=19 current_ballot=21 match=false
[PAXOS-TICK] phase=WaitingForPromises elapsed=236 timeout=15 ballot=21 promises=0 accepted=0
[step=237] DELIVER from=3 to=1 type=Promise { ballot: 19, accepted_ballot: None, accepted_value: None } queue_len=12
[PROMISE-TRACE] from=3 received_ballot=19 current_ballot=21 match=false
[PAXOS-TICK] phase=WaitingForPromises elapsed=237 timeout=15 ballot=21 promises=0 accepted=0
[step=238] DELIVER from=4 to=1 type=Promise { ballot: 19, accepted_ballot: None, accepted_value: None } queue_len=11
[PROMISE-TRACE] from=4 received_ballot=19 current_ballot=21 match=false
[PAXOS-TICK] phase=WaitingForPromises elapsed=238 timeout=15 ballot=21 promises=0 accepted=0
[step=239] DELIVER from=5 to=1 type=Promise { ballot: 19, accepted_ballot: None, accepted_value: None } queue_len=10
[PROMISE-TRACE] from=5 received_ballot=19 current_ballot=21 match=false
[PAXOS-TICK] phase=WaitingForPromises elapsed=239 timeout=15 ballot=21 promises=0 accepted=0
[step=240] DELIVER from=1 to=1 type=Promise { ballot: 20, accepted_ballot: None, accepted_value: None } queue_len=9
[PROMISE-TRACE] from=1 received_ballot=20 current_ballot=21 match=false
[PAXOS-TICK] phase=WaitingForPromises elapsed=240 timeout=15 ballot=21 promises=0 accepted=0
[step=241] DELIVER from=2 to=1 type=Promise { ballot: 20, accepted_ballot: None, accepted_value: None } queue_len=8
[PROMISE-TRACE] from=2 received_ballot=20 current_ballot=21 match=false
[PAXOS-TICK] phase=WaitingForPromises elapsed=241 timeout=15 ballot=21 promises=0 accepted=0
[step=242] DELIVER from=3 to=1 type=Promise { ballot: 20, accepted_ballot: None, accepted_value: None } queue_len=7
[PROMISE-TRACE] from=3 received_ballot=20 current_ballot=21 match=false
[PAXOS-TICK] phase=WaitingForPromises elapsed=242 timeout=15 ballot=21 promises=0 accepted=0
[step=243] DELIVER from=4 to=1 type=Promise { ballot: 20, accepted_ballot: None, accepted_value: None } queue_len=6
[PROMISE-TRACE] from=4 received_ballot=20 current_ballot=21 match=false
[PAXOS-TICK] phase=WaitingForPromises elapsed=243 timeout=15 ballot=21 promises=0 accepted=0
[step=244] DELIVER from=5 to=1 type=Promise { ballot: 20, accepted_ballot: None, accepted_value: None } queue_len=5
[PROMISE-TRACE] from=5 received_ballot=20 current_ballot=21 match=false
[PAXOS-TICK] phase=WaitingForPromises elapsed=244 timeout=15 ballot=21 promises=0 accepted=0
[step=245] DELIVER from=1 to=1 type=Promise { ballot: 21, accepted_ballot: None, accepted_value: None } queue_len=4
[PROMISE-TRACE] from=1 received_ballot=21 current_ballot=21 match=true
[PAXOS-TICK] phase=WaitingForPromises elapsed=245 timeout=15 ballot=21 promises=1 accepted=0
[step=246] DELIVER from=2 to=1 type=Promise { ballot: 21, accepted_ballot: None, accepted_value: None } queue_len=3
[PROMISE-TRACE] from=2 received_ballot=21 current_ballot=21 match=true
[PAXOS-TICK] phase=WaitingForPromises elapsed=246 timeout=15 ballot=21 promises=2 accepted=0
[step=247] DELIVER from=3 to=1 type=Promise { ballot: 21, accepted_ballot: None, accepted_value: None } queue_len=2
[PROMISE-TRACE] from=3 received_ballot=21 current_ballot=21 match=true
[PAXOS-QUORUM-PROMISE] ballot=21 count=3 quorum=3 current=21
[step=248] DELIVER from=4 to=1 type=Promise { ballot: 21, accepted_ballot: None, accepted_value: None } queue_len=6
[PROMISE-TRACE] from=4 received_ballot=21 current_ballot=21 match=true
[step=249] DELIVER from=5 to=1 type=Promise { ballot: 21, accepted_ballot: None, accepted_value: None } queue_len=5
[PROMISE-TRACE] from=5 received_ballot=21 current_ballot=21 match=true
[step=250] DELIVER from=1 to=1 type=AcceptRequest { ballot: 21, value: "v1" } queue_len=4
Broadcasting AcceptRequest(21, v1)
[step=251] DELIVER from=1 to=2 type=AcceptRequest { ballot: 21, value: "v1" } queue_len=4
Broadcasting AcceptRequest(21, v1)
[step=252] DELIVER from=1 to=3 type=AcceptRequest { ballot: 21, value: "v1" } queue_len=4
Broadcasting AcceptRequest(21, v1)
[step=253] DELIVER from=1 to=4 type=AcceptRequest { ballot: 21, value: "v1" } queue_len=4
Broadcasting AcceptRequest(21, v1)
[step=254] DELIVER from=1 to=5 type=AcceptRequest { ballot: 21, value: "v1" } queue_len=4
Broadcasting AcceptRequest(21, v1)
[step=255] DELIVER from=1 to=1 type=Accepted { ballot: 21, value: "v1" } queue_len=4
[step=256] DELIVER from=2 to=1 type=Accepted { ballot: 21, value: "v1" } queue_len=3
[step=257] DELIVER from=3 to=1 type=Accepted { ballot: 21, value: "v1" } queue_len=2
[PAXOS-QUORUM-ACCEPTED] ballot=21 count=3 quorum=3 current=21
[step=258] DELIVER from=4 to=1 type=Accepted { ballot: 21, value: "v1" } queue_len=1
[step=259] DELIVER from=5 to=1 type=Accepted { ballot: 21, value: "v1" } queue_len=0

=== Metrics ===
Messages Sent: 220
Messages Delivered: 220
Scheduler Steps: 261
Stale Messages Ignored: 0
Messages Sent Until Decision: 0
Undelivered Messages At Decision: 0
Timeout triggered: 20
View changes: 0
Decisions: 1
Prepare Messages: 105
Promise Messages: 105
Accept Requests: 5
Accepted Messages: 5
Raft Leader Elected: false
Raft Leader Id: None
Raft Election Count: 0
AppendEntries Messages: 0
AppendResponse Messages: 0
Heartbeat Successes: 0
Heartbeat Rejections: 0
Raft Config Changes: 0
Raft Config Acks: 0
Raft Config Activated: false
Nack Messages: 0
Paxos Retries: 20
Max Ballot Seen: 21
Reached Step Cap: false
Max Steps: 1000
Membership Changes: 0
Membership Acks: 0
Chosen Values: {"v1"}
Safety Violation: false
Paxos Retry Exhausted: false
Critical Messages Delayed: 0
Delayed Messages Released: 0
